[INFO] run_dir=/home/y/my_mimic_mixgrpo/my_mimic_mixgrpo_h1/runs/fcamp_timefix_fixedval_u500_s0
[INFO] log_file=/home/y/my_mimic_mixgrpo/my_mimic_mixgrpo_h1/runs/fcamp_timefix_fixedval_u500_s0/logs/train.log
[INFO] algorithm=fcamp
[INFO] resolved_config_sha256=a09874b54090ad1908de5d97c699703903c4907d448d2ecc53cb8ce1bf2823da
[INFO] source_snapshot_sha256=dc9f6d30463075d9edcf32887a070220fc04608975e6f81199d2edd19fca4863
[INFO] IsaacLab logging to file: /tmp/isaaclab_2026-07-14_20-04-10.log
[METRICS] jsonl=/home/y/my_mimic_mixgrpo/my_mimic_mixgrpo_h1/runs/fcamp_timefix_fixedval_u500_s0/logs/metrics.jsonl tensorboard=True
[INFO] Starting FC-AMP: causal Flow-CPS H=4 + standard AMP W=16 + causal frame credit + shared-trunk dual Flow heads
[INFO] task=largebox_plane actor_obs=171 prefix_context=896 action_dim=29 H=4 W_D=16 amp_frame=233 amp_window=3728
[INFO] critic_sharing=encoder heads=task,amp credit=causal_frame advantage_norm=per_offset ratio_mode=joint_path task_weight=1.0 amp_weight=1.0 amp_dt=True
[INFO] discriminator=standard_mlp hidden=[1024, 512] BCE=True GP=10.0 replay=200000 EMA=False independent_trunk=True motion_end_terminal=True fcamp_schema=1
[INFO] checkpoint_dir=/home/y/my_mimic_mixgrpo/my_mimic_mixgrpo_h1/runs/fcamp_timefix_fixedval_u500_s0/checkpoints
/home/y/miniconda3/envs/env_isaaclab/lib/python3.11/site-packages/torch/autograd/graph.py:824: UserWarning: Attempting to run cuBLAS, but there was no current CUDA context! Attempting to set the primary context... (Triggered internally at /pytorch/aten/src/ATen/cuda/CublasHandlePool.cpp:181.)
  return Variable._execution_engine.run_backward(  # Calls into the C++ engine to run the backward pass
[UPDATE] 1/500 task=-0.00017 amp=0.38329 mixed=0.00045 done=0.05679 ep_len=12.92
[FCAMP] policy=-0.00460 kl=0.011533 ratio=0.9987 clip=0.1376 grad=0.3301 lr=0.000300
[DUAL_CRITIC] task_loss=0.91264 amp_loss=0.93749 task_V=0.0636 amp_V=0.0224 grad=0.7355
[DISC] loss=21.50415 bce=0.38585 gp=1.94326 accE=0.837 accP=0.903 reward_clamp=0.00000 replay=14512
[TIME] collect=6.407s actor=1.611s critic=0.403s disc=1.026s gpu_peak=4.73GiB
[UPDATE] 2/500 task=-0.00587 amp=0.35787 mixed=-0.00475 done=0.06647 ep_len=13.36
[FCAMP] policy=-0.01125 kl=0.009443 ratio=0.9997 clip=0.1326 grad=0.2356 lr=0.000300
[DUAL_CRITIC] task_loss=0.77607 amp_loss=0.78933 task_V=0.0052 amp_V=0.0510 grad=0.9613
[DISC] loss=12.58932 bce=0.19049 gp=1.07614 accE=1.000 accP=0.998 reward_clamp=0.00000 replay=42129
[TIME] collect=5.118s actor=1.570s critic=0.371s disc=1.080s gpu_peak=4.73GiB
[UPDATE] 3/500 task=-0.00409 amp=0.35276 mixed=-0.00296 done=0.06630 ep_len=13.52
[FCAMP] policy=-0.01226 kl=0.011387 ratio=1.0002 clip=0.1638 grad=0.2652 lr=0.000300
[DUAL_CRITIC] task_loss=0.59748 amp_loss=0.59767 task_V=-0.0678 amp_V=0.0436 grad=1.1897
[DISC] loss=10.63407 bce=0.18509 gp=0.88497 accE=1.000 accP=1.000 reward_clamp=0.00000 replay=70763
[TIME] collect=5.112s actor=1.570s critic=0.417s disc=1.063s gpu_peak=4.73GiB
[UPDATE] 10/500 task=0.00785 amp=0.33388 mixed=0.00844 done=0.07372 ep_len=11.64
[FCAMP] policy=-0.01158 kl=0.013073 ratio=0.9999 clip=0.1789 grad=0.2961 lr=0.000300
[DUAL_CRITIC] task_loss=0.25387 amp_loss=0.23787 task_V=-0.0218 amp_V=0.0059 grad=0.1475
[DISC] loss=6.35172 bce=0.16606 gp=0.47632 accE=1.000 accP=1.000 reward_clamp=0.00000 replay=200000
[TIME] collect=4.656s actor=1.578s critic=0.392s disc=0.999s gpu_peak=4.73GiB
[UPDATE] 20/500 task=0.01402 amp=0.32703 mixed=0.01486 done=0.06763 ep_len=12.08
[FCAMP] policy=-0.01027 kl=0.013168 ratio=0.9989 clip=0.1843 grad=0.3141 lr=0.000300
[DUAL_CRITIC] task_loss=0.24138 amp_loss=0.23135 task_V=0.0481 amp_V=0.0089 grad=0.1114
[DISC] loss=4.38739 bce=0.15167 gp=0.29663 accE=1.000 accP=1.000 reward_clamp=0.00000 replay=200000
[TIME] collect=4.656s actor=1.578s critic=0.373s disc=1.012s gpu_peak=4.73GiB
[UPDATE] 30/500 task=0.01557 amp=0.35884 mixed=0.01730 done=0.05360 ep_len=16.44
[FCAMP] policy=-0.00875 kl=0.014396 ratio=0.9989 clip=0.2087 grad=0.5731 lr=0.000300
[DUAL_CRITIC] task_loss=0.23384 amp_loss=0.21528 task_V=0.0624 amp_V=0.0323 grad=0.1810
[DISC] loss=3.41644 bce=0.15269 gp=0.21098 accE=1.000 accP=0.999 reward_clamp=0.00000 replay=200000
[TIME] collect=5.170s actor=1.578s critic=0.428s disc=1.017s gpu_peak=4.73GiB
[UPDATE] 40/500 task=0.01503 amp=0.41086 mixed=0.01838 done=0.03779 ep_len=23.28
[FCAMP] policy=-0.00828 kl=0.013444 ratio=0.9990 clip=0.2008 grad=0.7259 lr=0.000300
[DUAL_CRITIC] task_loss=0.20288 amp_loss=0.15843 task_V=0.0824 amp_V=0.0468 grad=0.3557
[DISC] loss=2.88591 bce=0.16030 gp=0.16634 accE=1.000 accP=0.999 reward_clamp=0.00000 replay=200000
[TIME] collect=5.805s actor=1.587s critic=0.432s disc=1.046s gpu_peak=4.78GiB
[UPDATE] 50/500 task=0.01480 amp=0.41136 mixed=0.01926 done=0.02980 ep_len=30.76
[FCAMP] policy=-0.00771 kl=0.012160 ratio=0.9989 clip=0.1844 grad=0.7471 lr=0.000300
[DUAL_CRITIC] task_loss=0.15211 amp_loss=0.10292 task_V=0.1100 amp_V=0.1051 grad=0.6766
[DISC] loss=2.44228 bce=0.16397 gp=0.12922 accE=1.000 accP=1.000 reward_clamp=0.00000 replay=200000
[TIME] collect=5.851s actor=1.586s critic=0.410s disc=1.045s gpu_peak=4.80GiB
[VALIDATION_START] update=50 max_steps=500 envs=8192 fixed_seed=0
[VALIDATION_RESET_START]
[VALIDATION_RESET_DONE] time=0.005s
[VALIDATION_PROGRESS] step=1/500 done=0.00000 alive=1.00000 elapsed=0.226s
[VALIDATION_PROGRESS] step=50/500 done=0.39648 alive=0.60352 elapsed=6.600s
[VALIDATION_PROGRESS] step=100/500 done=0.97803 alive=0.02197 elapsed=13.777s
[VALIDATION_EARLY_STOP] step=103 done_frac=0.9801
[VALIDATION_DONE] update=50 time=14.223s
[VAL] steps_mean=54.79 steps_min=14 steps_p50=55 steps_p95=82 steps_max=103 fail_phase_mean=53.8 return=2.43889 done=0.98010
[VAL_EE] left_ankle_bad=0.23764 left_ankle_z=0.17131 right_ankle_bad=0.34550 right_ankle_z=0.15542 left_wrist_bad=0.15967 left_wrist_z=0.14303 right_wrist_bad=0.22356 right_wrist_z=0.13725
[VAL_CAUSE] anchor_pos_bad=0.08679 anchor_ori_bad=0.05957 ee_body_bad=0.84412 time_out=0.00000 anchor_z=0.20844 anchor_grav=0.21657 ee_z_max=0.24847 ee_z_mean=0.15175
[VAL_WALL] alive@850=0.0199 motion_complete=0.0000 wrist_fail_825_840=0.0000 steps_p50=55
[VAL_PUSH] push_applied=0.5345 died_before_push=0.4563 pushed_then_died=0.5238 first_push_step=77.0
[CHECKPOINT] saved /home/y/my_mimic_mixgrpo/my_mimic_mixgrpo_h1/runs/fcamp_timefix_fixedval_u500_s0/checkpoints/update_0050.pt
[UPDATE] 60/500 task=0.01539 amp=0.42304 mixed=0.02047 done=0.02623 ep_len=36.92
[FCAMP] policy=-0.00631 kl=0.013323 ratio=0.9994 clip=0.2013 grad=0.8080 lr=0.000300
[DUAL_CRITIC] task_loss=0.14292 amp_loss=0.08932 task_V=0.1929 amp_V=0.1218 grad=1.6387
[DISC] loss=2.15552 bce=0.16661 gp=0.10672 accE=1.000 accP=1.000 reward_clamp=0.00000 replay=200000
[TIME] collect=6.001s actor=1.607s critic=0.449s disc=1.086s gpu_peak=4.81GiB
[UPDATE] 70/500 task=0.01657 amp=0.43043 mixed=0.02192 done=0.02399 ep_len=38.48
[FCAMP] policy=-0.00627 kl=0.012972 ratio=0.9994 clip=0.1961 grad=0.8018 lr=0.000300
[DUAL_CRITIC] task_loss=0.14699 amp_loss=0.08685 task_V=0.2049 amp_V=0.1500 grad=1.4928
[DISC] loss=1.89306 bce=0.16609 gp=0.08610 accE=1.000 accP=1.000 reward_clamp=0.00000 replay=200000
[TIME] collect=6.162s actor=1.584s critic=0.416s disc=1.072s gpu_peak=4.81GiB
[UPDATE] 80/500 task=0.01731 amp=0.42772 mixed=0.02287 done=0.02234 ep_len=41.64
[FCAMP] policy=-0.00679 kl=0.012811 ratio=0.9999 clip=0.1944 grad=0.8528 lr=0.000300
[DUAL_CRITIC] task_loss=0.14398 amp_loss=0.08172 task_V=0.2420 amp_V=0.1471 grad=1.3435
[DISC] loss=1.72876 bce=0.16587 gp=0.07459 accE=1.000 accP=1.000 reward_clamp=0.00000 replay=200000
[TIME] collect=6.165s actor=1.601s critic=0.432s disc=1.067s gpu_peak=4.82GiB
[UPDATE] 90/500 task=0.01811 amp=0.42808 mixed=0.02385 done=0.02144 ep_len=42.36
[FCAMP] policy=-0.00633 kl=0.013333 ratio=0.9989 clip=0.2009 grad=0.8561 lr=0.000300
[DUAL_CRITIC] task_loss=0.14719 amp_loss=0.07796 task_V=0.2277 amp_V=0.1244 grad=1.6759
[DISC] loss=1.57773 bce=0.16689 gp=0.06377 accE=1.000 accP=0.999 reward_clamp=0.00000 replay=200000
[TIME] collect=6.266s actor=1.597s critic=0.421s disc=1.063s gpu_peak=4.82GiB
[UPDATE] 100/500 task=0.01829 amp=0.42481 mixed=0.02410 done=0.02102 ep_len=45.32
[FCAMP] policy=-0.00594 kl=0.013006 ratio=0.9988 clip=0.1954 grad=0.9404 lr=0.000300
[DUAL_CRITIC] task_loss=0.14984 amp_loss=0.07467 task_V=0.2951 amp_V=0.1416 grad=1.3482
[DISC] loss=1.46495 bce=0.16672 gp=0.05648 accE=1.000 accP=1.000 reward_clamp=0.00000 replay=200000
[TIME] collect=6.213s actor=1.579s critic=0.406s disc=1.124s gpu_peak=4.83GiB
[VALIDATION_START] update=100 max_steps=500 envs=8192 fixed_seed=0
[VALIDATION_RESET_START]
[VALIDATION_RESET_DONE] time=0.005s
[VALIDATION_PROGRESS] step=1/500 done=0.00000 alive=1.00000 elapsed=0.217s
[VALIDATION_PROGRESS] step=50/500 done=0.05505 alive=0.94495 elapsed=6.438s
[VALIDATION_PROGRESS] step=100/500 done=0.84167 alive=0.15833 elapsed=13.409s
[VALIDATION_PROGRESS] step=150/500 done=0.95544 alive=0.04456 elapsed=20.066s
[VALIDATION_EARLY_STOP] step=169 done_frac=0.9802
[VALIDATION_DONE] update=100 time=22.604s
[VAL] steps_mean=79.83 steps_min=15 steps_p50=70 steps_p95=147 steps_max=169 fail_phase_mean=78.0 return=4.33207 done=0.98022
[VAL_EE] left_ankle_bad=0.05442 left_ankle_z=0.09765 right_ankle_bad=0.00685 right_ankle_z=0.08451 left_wrist_bad=0.55293 left_wrist_z=0.22476 right_wrist_bad=0.64147 right_wrist_z=0.22962
[VAL_CAUSE] anchor_pos_bad=0.00989 anchor_ori_bad=0.06360 ee_body_bad=0.91003 time_out=0.00000 anchor_z=0.26872 anchor_grav=0.17550 ee_z_max=0.25547 ee_z_mean=0.15913
[VAL_WALL] alive@850=0.0198 motion_complete=0.0000 wrist_fail_825_840=0.0000 steps_p50=70
[VAL_PUSH] push_applied=1.0000 died_before_push=0.0000 pushed_then_died=0.9802 first_push_step=100.2
[CHECKPOINT] saved /home/y/my_mimic_mixgrpo/my_mimic_mixgrpo_h1/runs/fcamp_timefix_fixedval_u500_s0/checkpoints/update_0100.pt
[UPDATE] 110/500 task=0.01954 amp=0.43537 mixed=0.02548 done=0.02077 ep_len=49.32
[FCAMP] policy=-0.00609 kl=0.013056 ratio=0.9992 clip=0.1958 grad=0.8935 lr=0.000300
[DUAL_CRITIC] task_loss=0.14958 amp_loss=0.07353 task_V=0.3029 amp_V=0.1393 grad=1.5968
[DISC] loss=1.38576 bce=0.16882 gp=0.05200 accE=1.000 accP=0.999 reward_clamp=0.00000 replay=200000
[TIME] collect=6.222s actor=1.579s critic=0.405s disc=1.104s gpu_peak=4.83GiB
[UPDATE] 120/500 task=0.01994 amp=0.42346 mixed=0.02583 done=0.02010 ep_len=45.60
[FCAMP] policy=-0.00616 kl=0.012970 ratio=0.9993 clip=0.1924 grad=0.8627 lr=0.000300
[DUAL_CRITIC] task_loss=0.14865 amp_loss=0.06983 task_V=0.3341 amp_V=0.1614 grad=1.6665
[DISC] loss=1.30767 bce=0.16753 gp=0.04772 accE=1.000 accP=0.999 reward_clamp=0.00000 replay=200000
[TIME] collect=6.585s actor=1.564s critic=0.418s disc=1.051s gpu_peak=4.83GiB
[UPDATE] 130/500 task=0.02036 amp=0.42974 mixed=0.02640 done=0.01913 ep_len=49.88
[FCAMP] policy=-0.00581 kl=0.013686 ratio=0.9995 clip=0.2028 grad=0.9489 lr=0.000300
[DUAL_CRITIC] task_loss=0.16236 amp_loss=0.07235 task_V=0.3801 amp_V=0.1803 grad=2.0621
[DISC] loss=1.23063 bce=0.16977 gp=0.04295 accE=1.000 accP=0.998 reward_clamp=0.00000 replay=200000
[TIME] collect=6.292s actor=1.611s critic=0.405s disc=1.110s gpu_peak=4.83GiB
[UPDATE] 140/500 task=0.02082 amp=0.43439 mixed=0.02705 done=0.01847 ep_len=50.32
[FCAMP] policy=-0.00611 kl=0.013652 ratio=0.9995 clip=0.1997 grad=0.9505 lr=0.000300
[DUAL_CRITIC] task_loss=0.16073 amp_loss=0.07129 task_V=0.4112 amp_V=0.1976 grad=1.7920
[DISC] loss=1.16160 bce=0.17244 gp=0.03869 accE=1.000 accP=0.998 reward_clamp=0.00000 replay=200000
[TIME] collect=6.105s actor=1.576s critic=0.406s disc=1.115s gpu_peak=4.83GiB
[UPDATE] 150/500 task=0.02078 amp=0.43020 mixed=0.02698 done=0.01796 ep_len=50.84
[FCAMP] policy=-0.00558 kl=0.014702 ratio=0.9990 clip=0.2137 grad=1.0357 lr=0.000300
[DUAL_CRITIC] task_loss=0.16444 amp_loss=0.06696 task_V=0.4252 amp_V=0.1811 grad=1.8620
[DISC] loss=1.10462 bce=0.17360 gp=0.03557 accE=1.000 accP=0.998 reward_clamp=0.00000 replay=200000
[TIME] collect=6.341s actor=1.563s critic=0.403s disc=1.039s gpu_peak=4.83GiB
[VALIDATION_START] update=150 max_steps=500 envs=8192 fixed_seed=0
[VALIDATION_RESET_START]
[VALIDATION_RESET_DONE] time=0.004s
[VALIDATION_PROGRESS] step=1/500 done=0.00000 alive=1.00000 elapsed=0.218s
[VALIDATION_PROGRESS] step=50/500 done=0.04358 alive=0.95642 elapsed=6.512s
[VALIDATION_PROGRESS] step=100/500 done=0.63965 alive=0.36035 elapsed=13.469s
[VALIDATION_PROGRESS] step=150/500 done=0.81482 alive=0.18518 elapsed=20.192s
[VALIDATION_PROGRESS] step=200/500 done=0.96472 alive=0.03528 elapsed=26.969s
[VALIDATION_EARLY_STOP] step=211 done_frac=0.9810
[VALIDATION_DONE] update=150 time=28.468s
[VAL] steps_mean=99.73 steps_min=15 steps_p50=71 steps_p95=192 steps_max=211 fail_phase_mean=97.6 return=5.84684 done=0.98096
[VAL_EE] left_ankle_bad=0.02302 left_ankle_z=0.07550 right_ankle_bad=0.00162 right_ankle_z=0.07642 left_wrist_bad=0.63664 left_wrist_z=0.21688 right_wrist_bad=0.65567 right_wrist_z=0.22343
[VAL_CAUSE] anchor_pos_bad=0.00330 anchor_ori_bad=0.01941 ee_body_bad=0.96143 time_out=0.00000 anchor_z=0.23934 anchor_grav=0.15462 ee_z_max=0.26172 ee_z_mean=0.14806
[VAL_WALL] alive@850=0.0190 motion_complete=0.0000 wrist_fail_825_840=0.0000 steps_p50=71
[VAL_PUSH] push_applied=1.0000 died_before_push=0.0000 pushed_then_died=0.9810 first_push_step=100.2
[CHECKPOINT] saved /home/y/my_mimic_mixgrpo/my_mimic_mixgrpo_h1/runs/fcamp_timefix_fixedval_u500_s0/checkpoints/update_0150.pt
[UPDATE] 160/500 task=0.02107 amp=0.42671 mixed=0.02738 done=0.01712 ep_len=57.52
[FCAMP] policy=-0.00558 kl=0.014621 ratio=0.9995 clip=0.2122 grad=1.0408 lr=0.000300
[DUAL_CRITIC] task_loss=0.17509 amp_loss=0.07214 task_V=0.5011 amp_V=0.2190 grad=2.2524
[DISC] loss=1.05573 bce=0.17419 gp=0.03314 accE=1.000 accP=0.999 reward_clamp=0.00000 replay=200000
[TIME] collect=6.256s actor=1.563s critic=0.432s disc=1.160s gpu_peak=4.84GiB
[UPDATE] 170/500 task=0.02093 amp=0.42476 mixed=0.02734 done=0.01637 ep_len=58.52
[FCAMP] policy=-0.00459 kl=0.015037 ratio=0.9994 clip=0.2110 grad=1.1314 lr=0.000300
[DUAL_CRITIC] task_loss=0.17871 amp_loss=0.07181 task_V=0.5217 amp_V=0.2321 grad=2.2913
[DISC] loss=1.00752 bce=0.17560 gp=0.03055 accE=1.000 accP=0.999 reward_clamp=0.00000 replay=200000
[TIME] collect=6.359s actor=1.557s critic=0.405s disc=1.108s gpu_peak=4.84GiB
[UPDATE] 180/500 task=0.02129 amp=0.41490 mixed=0.02764 done=0.01537 ep_len=70.88
[FCAMP] policy=-0.00609 kl=0.014188 ratio=0.9993 clip=0.2061 grad=1.0702 lr=0.000300
[DUAL_CRITIC] task_loss=0.17324 amp_loss=0.06736 task_V=0.5108 amp_V=0.2208 grad=1.5264
[DISC] loss=0.97170 bce=0.17606 gp=0.02914 accE=1.000 accP=0.999 reward_clamp=0.00000 replay=200000
[TIME] collect=6.287s actor=1.588s critic=0.430s disc=1.094s gpu_peak=4.84GiB
[UPDATE] 190/500 task=0.02121 amp=0.42140 mixed=0.02768 done=0.01526 ep_len=63.28
[FCAMP] policy=-0.00626 kl=0.014569 ratio=0.9990 clip=0.2091 grad=1.0415 lr=0.000300
[DUAL_CRITIC] task_loss=0.17719 amp_loss=0.06994 task_V=0.5352 amp_V=0.2226 grad=3.2036
[DISC] loss=0.93179 bce=0.17895 gp=0.02695 accE=1.000 accP=0.999 reward_clamp=0.00000 replay=200000
[TIME] collect=6.266s actor=1.610s critic=0.433s disc=1.062s gpu_peak=4.84GiB
[UPDATE] 200/500 task=0.02137 amp=0.42617 mixed=0.02797 done=0.01451 ep_len=62.92
[FCAMP] policy=-0.00529 kl=0.015171 ratio=0.9996 clip=0.2162 grad=1.1100 lr=0.000300
[DUAL_CRITIC] task_loss=0.18504 amp_loss=0.06867 task_V=0.5669 amp_V=0.2078 grad=1.9497
[DISC] loss=0.89917 bce=0.18083 gp=0.02547 accE=1.000 accP=0.999 reward_clamp=0.00000 replay=200000
[TIME] collect=6.330s actor=1.588s critic=0.411s disc=1.061s gpu_peak=4.84GiB
[VALIDATION_START] update=200 max_steps=500 envs=8192 fixed_seed=0
[VALIDATION_RESET_START]
[VALIDATION_RESET_DONE] time=0.005s
[VALIDATION_PROGRESS] step=1/500 done=0.00000 alive=1.00000 elapsed=0.209s
[VALIDATION_PROGRESS] step=50/500 done=0.04553 alive=0.95447 elapsed=6.509s
[VALIDATION_PROGRESS] step=100/500 done=0.34045 alive=0.65955 elapsed=13.459s
[VALIDATION_PROGRESS] step=150/500 done=0.49365 alive=0.50635 elapsed=20.225s
[VALIDATION_PROGRESS] step=200/500 done=0.80078 alive=0.19922 elapsed=27.092s
[VALIDATION_EARLY_STOP] step=233 done_frac=0.9802
[VALIDATION_DONE] update=200 time=31.685s
[VAL] steps_mean=140.74 steps_min=14 steps_p50=152 steps_p95=225 steps_max=233 fail_phase_mean=138.9 return=8.60089 done=0.98022
[VAL_EE] left_ankle_bad=0.01009 left_ankle_z=0.07326 right_ankle_bad=0.00125 right_ankle_z=0.07358 left_wrist_bad=0.57036 left_wrist_z=0.22153 right_wrist_bad=0.52752 right_wrist_z=0.21798
[VAL_CAUSE] anchor_pos_bad=0.00623 anchor_ori_bad=0.03076 ee_body_bad=0.94617 time_out=0.00000 anchor_z=0.21982 anchor_grav=0.13656 ee_z_max=0.26147 ee_z_mean=0.14659
[VAL_WALL] alive@850=0.0198 motion_complete=0.0000 wrist_fail_825_840=0.0000 steps_p50=152
[VAL_PUSH] push_applied=1.0000 died_before_push=0.0000 pushed_then_died=0.9802 first_push_step=100.2
[CHECKPOINT] saved /home/y/my_mimic_mixgrpo/my_mimic_mixgrpo_h1/runs/fcamp_timefix_fixedval_u500_s0/checkpoints/update_0200.pt
[UPDATE] 210/500 task=0.02110 amp=0.41755 mixed=0.02759 done=0.01440 ep_len=72.48
[FCAMP] policy=-0.00566 kl=0.014988 ratio=0.9997 clip=0.2131 grad=1.1070 lr=0.000300
[DUAL_CRITIC] task_loss=0.18476 amp_loss=0.07132 task_V=0.5375 amp_V=0.2314 grad=1.1983
[DISC] loss=0.86918 bce=0.18118 gp=0.02430 accE=1.000 accP=0.998 reward_clamp=0.00000 replay=200000
[TIME] collect=6.267s actor=1.811s critic=0.409s disc=1.114s gpu_peak=4.85GiB
[UPDATE] 220/500 task=0.02070 amp=0.40622 mixed=0.02710 done=0.01376 ep_len=71.85
[FCAMP] policy=-0.00600 kl=0.015335 ratio=0.9994 clip=0.2179 grad=1.0888 lr=0.000300
[DUAL_CRITIC] task_loss=0.20683 amp_loss=0.07937 task_V=0.6240 amp_V=0.2613 grad=2.5253
[DISC] loss=0.83992 bce=0.18112 gp=0.02315 accE=1.000 accP=0.999 reward_clamp=0.00000 replay=200000
[TIME] collect=6.365s actor=1.722s critic=0.604s disc=1.101s gpu_peak=4.85GiB
[UPDATE] 230/500 task=0.02043 amp=0.40310 mixed=0.02692 done=0.01278 ep_len=72.72
[FCAMP] policy=-0.00537 kl=0.016159 ratio=0.9996 clip=0.2279 grad=1.1560 lr=0.000300
[DUAL_CRITIC] task_loss=0.18916 amp_loss=0.07040 task_V=0.5643 amp_V=0.2279 grad=2.5093
[DISC] loss=0.81605 bce=0.18229 gp=0.02233 accE=1.000 accP=0.999 reward_clamp=0.00000 replay=200000
[TIME] collect=6.306s actor=1.749s critic=0.410s disc=1.093s gpu_peak=4.85GiB
[UPDATE] 240/500 task=0.02050 amp=0.39957 mixed=0.02693 done=0.01308 ep_len=76.40
[FCAMP] policy=-0.00567 kl=0.015311 ratio=0.9991 clip=0.2165 grad=1.1210 lr=0.000300
[DUAL_CRITIC] task_loss=0.21492 amp_loss=0.08022 task_V=0.6464 amp_V=0.2680 grad=2.3812
[DISC] loss=0.79034 bce=0.18252 gp=0.02133 accE=1.000 accP=0.999 reward_clamp=0.00000 replay=200000
[TIME] collect=6.474s actor=1.753s critic=0.667s disc=1.201s gpu_peak=4.85GiB
[UPDATE] 250/500 task=0.02017 amp=0.39903 mixed=0.02663 done=0.01231 ep_len=84.28
[FCAMP] policy=-0.00631 kl=0.014975 ratio=0.9993 clip=0.2131 grad=1.1263 lr=0.000300
[DUAL_CRITIC] task_loss=0.23203 amp_loss=0.08660 task_V=0.6886 amp_V=0.2866 grad=2.6616
[DISC] loss=0.76781 bce=0.18333 gp=0.02051 accE=1.000 accP=0.999 reward_clamp=0.00000 replay=200000
[TIME] collect=6.399s actor=1.578s critic=0.411s disc=1.094s gpu_peak=4.85GiB
[VALIDATION_START] update=250 max_steps=500 envs=8192 fixed_seed=0
[VALIDATION_RESET_START]
[VALIDATION_RESET_DONE] time=0.005s
[VALIDATION_PROGRESS] step=1/500 done=0.00000 alive=1.00000 elapsed=0.204s
[VALIDATION_PROGRESS] step=50/500 done=0.04883 alive=0.95117 elapsed=6.655s
[VALIDATION_PROGRESS] step=100/500 done=0.24854 alive=0.75146 elapsed=13.529s
[VALIDATION_PROGRESS] step=150/500 done=0.38257 alive=0.61743 elapsed=20.359s
[VALIDATION_PROGRESS] step=200/500 done=0.48071 alive=0.51929 elapsed=27.173s
[VALIDATION_PROGRESS] step=250/500 done=0.65759 alive=0.34241 elapsed=34.260s
[VALIDATION_PROGRESS] step=300/500 done=0.96790 alive=0.03210 elapsed=41.332s
[VALIDATION_EARLY_STOP] step=309 done_frac=0.9812
[VALIDATION_DONE] update=250 time=42.713s
[VAL] steps_mean=193.43 steps_min=14 steps_p50=215 steps_p95=300 steps_max=309 fail_phase_mean=191.2 return=10.93160 done=0.98120
[VAL_EE] left_ankle_bad=0.01891 left_ankle_z=0.08105 right_ankle_bad=0.00460 right_ankle_z=0.07081 left_wrist_bad=0.58771 left_wrist_z=0.21803 right_wrist_bad=0.44887 right_wrist_z=0.20988
[VAL_CAUSE] anchor_pos_bad=0.00513 anchor_ori_bad=0.03333 ee_body_bad=0.94592 time_out=0.00000 anchor_z=0.21736 anchor_grav=0.17946 ee_z_max=0.25887 ee_z_mean=0.14494
[VAL_WALL] alive@850=0.0188 motion_complete=0.0000 wrist_fail_825_840=0.0000 steps_p50=215
[VAL_PUSH] push_applied=1.0000 died_before_push=0.0000 pushed_then_died=0.9812 first_push_step=100.2
[CHECKPOINT] saved /home/y/my_mimic_mixgrpo/my_mimic_mixgrpo_h1/runs/fcamp_timefix_fixedval_u500_s0/checkpoints/update_0250.pt
[UPDATE] 260/500 task=0.01967 amp=0.39325 mixed=0.02614 done=0.01166 ep_len=90.67
[FCAMP] policy=-0.00595 kl=0.015620 ratio=1.0000 clip=0.2214 grad=1.1497 lr=0.000300
[DUAL_CRITIC] task_loss=0.23780 amp_loss=0.08648 task_V=0.6949 amp_V=0.2887 grad=2.6316
[DISC] loss=0.74701 bce=0.18394 gp=0.01982 accE=1.000 accP=0.999 reward_clamp=0.00000 replay=200000
[TIME] collect=6.404s actor=1.572s critic=0.467s disc=1.047s gpu_peak=4.85GiB
[UPDATE] 270/500 task=0.01982 amp=0.39631 mixed=0.02644 done=0.01110 ep_len=89.18
[FCAMP] policy=-0.00648 kl=0.015573 ratio=0.9991 clip=0.2182 grad=1.1298 lr=0.000300
[DUAL_CRITIC] task_loss=0.21313 amp_loss=0.07684 task_V=0.6576 amp_V=0.2815 grad=2.0957
[DISC] loss=0.72802 bce=0.18522 gp=0.01917 accE=1.000 accP=0.999 reward_clamp=0.00000 replay=200000
[TIME] collect=6.510s actor=1.592s critic=0.462s disc=1.039s gpu_peak=4.85GiB
[UPDATE] 280/500 task=0.02021 amp=0.40380 mixed=0.02694 done=0.01087 ep_len=81.87
[FCAMP] policy=-0.00573 kl=0.015559 ratio=0.9992 clip=0.2186 grad=1.1815 lr=0.000300
[DUAL_CRITIC] task_loss=0.21347 amp_loss=0.07475 task_V=0.6426 amp_V=0.2453 grad=1.8904
[DISC] loss=0.71074 bce=0.18622 gp=0.01865 accE=1.000 accP=0.999 reward_clamp=0.00000 replay=200000
[TIME] collect=6.498s actor=1.618s critic=0.415s disc=1.099s gpu_peak=4.85GiB
[UPDATE] 290/500 task=0.02063 amp=0.40363 mixed=0.02739 done=0.01072 ep_len=89.65
[FCAMP] policy=-0.00569 kl=0.016439 ratio=0.9993 clip=0.2279 grad=1.2190 lr=0.000300
[DUAL_CRITIC] task_loss=0.21198 amp_loss=0.07935 task_V=0.6903 amp_V=0.2828 grad=1.2250
[DISC] loss=0.69479 bce=0.18754 gp=0.01819 accE=1.000 accP=0.998 reward_clamp=0.00000 replay=200000
[TIME] collect=6.460s actor=1.563s critic=0.412s disc=1.057s gpu_peak=4.86GiB
[UPDATE] 300/500 task=0.02093 amp=0.38982 mixed=0.02754 done=0.01015 ep_len=93.71
[FCAMP] policy=-0.00600 kl=0.016418 ratio=0.9994 clip=0.2255 grad=1.1256 lr=0.000300
[DUAL_CRITIC] task_loss=0.22833 amp_loss=0.07661 task_V=0.7629 amp_V=0.2888 grad=2.4145
[DISC] loss=0.67590 bce=0.18559 gp=0.01770 accE=1.000 accP=0.999 reward_clamp=0.00000 replay=200000
[TIME] collect=6.404s actor=1.571s critic=0.411s disc=1.072s gpu_peak=4.86GiB
[VALIDATION_START] update=300 max_steps=500 envs=8192 fixed_seed=0
[VALIDATION_RESET_START]
[VALIDATION_RESET_DONE] time=0.005s
[VALIDATION_PROGRESS] step=1/500 done=0.00000 alive=1.00000 elapsed=0.210s
[VALIDATION_PROGRESS] step=50/500 done=0.03149 alive=0.96851 elapsed=6.749s
[VALIDATION_PROGRESS] step=100/500 done=0.18872 alive=0.81128 elapsed=13.579s
[VALIDATION_PROGRESS] step=150/500 done=0.27539 alive=0.72461 elapsed=20.358s
[VALIDATION_PROGRESS] step=200/500 done=0.32458 alive=0.67542 elapsed=27.208s
[VALIDATION_PROGRESS] step=250/500 done=0.35278 alive=0.64722 elapsed=34.082s
[VALIDATION_PROGRESS] step=300/500 done=0.43005 alive=0.56995 elapsed=40.949s
[VALIDATION_PROGRESS] step=324/500 done=1.00000 alive=0.00000 elapsed=44.403s
[VALIDATION_EARLY_STOP] step=324 done_frac=1.0000
[VALIDATION_DONE] update=300 time=44.416s
[VAL] steps_mean=243.16 steps_min=16 steps_p50=308 steps_p95=324 steps_max=324 fail_phase_mean=243.2 return=14.27878 done=1.00000
[VAL_EE] left_ankle_bad=0.01428 left_ankle_z=0.06256 right_ankle_bad=0.00391 right_ankle_z=0.06046 left_wrist_bad=0.42810 left_wrist_z=0.18820 right_wrist_bad=0.37756 right_wrist_z=0.18974
[VAL_CAUSE] anchor_pos_bad=0.00183 anchor_ori_bad=0.00964 ee_body_bad=0.73352 time_out=0.00000 anchor_z=0.16878 anchor_grav=0.19433 ee_z_max=0.22494 ee_z_mean=0.12524
[VAL_WALL] alive@850=0.2668 motion_complete=0.2668 wrist_fail_825_840=0.0000 steps_p50=308
[VAL_PUSH] push_applied=1.0000 died_before_push=0.0000 pushed_then_died=0.7332 first_push_step=100.2
[CHECKPOINT] saved /home/y/my_mimic_mixgrpo/my_mimic_mixgrpo_h1/runs/fcamp_timefix_fixedval_u500_s0/checkpoints/update_0300.pt
[UPDATE] 310/500 task=0.02094 amp=0.38697 mixed=0.02748 done=0.01004 ep_len=95.81
[FCAMP] policy=-0.00412 kl=0.017620 ratio=0.9993 clip=0.2373 grad=1.2770 lr=0.000300
[DUAL_CRITIC] task_loss=0.23621 amp_loss=0.08088 task_V=0.8071 amp_V=0.3082 grad=2.6022
[DISC] loss=0.66075 bce=0.18587 gp=0.01731 accE=1.000 accP=0.999 reward_clamp=0.00000 replay=200000
[TIME] collect=6.497s actor=1.577s critic=0.404s disc=1.141s gpu_peak=4.86GiB
[UPDATE] 320/500 task=0.02131 amp=0.38761 mixed=0.02795 done=0.00962 ep_len=104.66
[FCAMP] policy=-0.00608 kl=0.016913 ratio=0.9990 clip=0.2338 grad=1.2074 lr=0.000300
[DUAL_CRITIC] task_loss=0.21608 amp_loss=0.07161 task_V=0.8007 amp_V=0.2847 grad=1.2660
[DISC] loss=0.64567 bce=0.18541 gp=0.01695 accE=1.000 accP=0.999 reward_clamp=0.00000 replay=200000
[TIME] collect=6.388s actor=1.567s critic=0.409s disc=1.044s gpu_peak=4.86GiB
[UPDATE] 330/500 task=0.02178 amp=0.38857 mixed=0.02842 done=0.00948 ep_len=95.54
[FCAMP] policy=-0.00610 kl=0.017245 ratio=0.9999 clip=0.2368 grad=1.1446 lr=0.000300
[DUAL_CRITIC] task_loss=0.22477 amp_loss=0.07152 task_V=0.8428 amp_V=0.3017 grad=2.0239
[DISC] loss=0.63246 bce=0.18646 gp=0.01658 accE=1.000 accP=0.999 reward_clamp=0.00000 replay=200000
[TIME] collect=6.424s actor=1.609s critic=0.402s disc=1.102s gpu_peak=4.86GiB
[UPDATE] 340/500 task=0.02228 amp=0.38718 mixed=0.02889 done=0.00954 ep_len=101.02
[FCAMP] policy=-0.00655 kl=0.017100 ratio=0.9989 clip=0.2347 grad=1.1562 lr=0.000300
[DUAL_CRITIC] task_loss=0.21642 amp_loss=0.07362 task_V=0.7996 amp_V=0.2853 grad=2.2706
[DISC] loss=0.61977 bce=0.18645 gp=0.01632 accE=1.000 accP=0.999 reward_clamp=0.00000 replay=200000
[TIME] collect=6.399s actor=1.576s critic=0.423s disc=1.085s gpu_peak=4.86GiB
[UPDATE] 350/500 task=0.02269 amp=0.38724 mixed=0.02932 done=0.00942 ep_len=95.10
[FCAMP] policy=-0.00537 kl=0.017991 ratio=0.9993 clip=0.2420 grad=1.2268 lr=0.000300
[DUAL_CRITIC] task_loss=0.22909 amp_loss=0.07183 task_V=0.9281 amp_V=0.2834 grad=2.0959
[DISC] loss=0.60734 bce=0.18619 gp=0.01608 accE=1.000 accP=1.000 reward_clamp=0.00000 replay=200000
[TIME] collect=6.514s actor=1.569s critic=0.434s disc=1.049s gpu_peak=4.86GiB
[VALIDATION_START] update=350 max_steps=500 envs=8192 fixed_seed=0
[VALIDATION_RESET_START]
[VALIDATION_RESET_DONE] time=0.005s
[VALIDATION_PROGRESS] step=1/500 done=0.00000 alive=1.00000 elapsed=0.194s
[VALIDATION_PROGRESS] step=50/500 done=0.02734 alive=0.97266 elapsed=6.509s
[VALIDATION_PROGRESS] step=100/500 done=0.21753 alive=0.78247 elapsed=13.288s
[VALIDATION_PROGRESS] step=150/500 done=0.27893 alive=0.72107 elapsed=19.996s
[VALIDATION_PROGRESS] step=200/500 done=0.31006 alive=0.68994 elapsed=26.676s
[VALIDATION_PROGRESS] step=250/500 done=0.32190 alive=0.67810 elapsed=33.460s
[VALIDATION_PROGRESS] step=300/500 done=0.36621 alive=0.63379 elapsed=40.250s
[VALIDATION_PROGRESS] step=324/500 done=1.00000 alive=0.00000 elapsed=43.608s
[VALIDATION_EARLY_STOP] step=324 done_frac=1.0000
[VALIDATION_DONE] update=350 time=43.619s
[VAL] steps_mean=249.03 steps_min=19 steps_p50=322 steps_p95=324 steps_max=324 fail_phase_mean=249.0 return=14.12613 done=1.00000
[VAL_EE] left_ankle_bad=0.00928 left_ankle_z=0.04759 right_ankle_bad=0.00488 right_ankle_z=0.05489 left_wrist_bad=0.38391 left_wrist_z=0.17101 right_wrist_bad=0.17346 right_wrist_z=0.15373
[VAL_CAUSE] anchor_pos_bad=0.00146 anchor_ori_bad=0.00623 ee_body_bad=0.52490 time_out=0.00000 anchor_z=0.13626 anchor_grav=0.20907 ee_z_max=0.19107 ee_z_mean=0.10680
[VAL_WALL] alive@850=0.4806 motion_complete=0.4806 wrist_fail_825_840=0.0000 steps_p50=322
[VAL_PUSH] push_applied=1.0000 died_before_push=0.0000 pushed_then_died=0.5194 first_push_step=100.2
[CHECKPOINT] saved /home/y/my_mimic_mixgrpo/my_mimic_mixgrpo_h1/runs/fcamp_timefix_fixedval_u500_s0/checkpoints/update_0350.pt
[UPDATE] 360/500 task=0.02279 amp=0.38375 mixed=0.02939 done=0.00935 ep_len=102.01
[FCAMP] policy=-0.00602 kl=0.018911 ratio=0.9996 clip=0.2508 grad=1.1400 lr=0.000300
[DUAL_CRITIC] task_loss=0.23881 amp_loss=0.07341 task_V=0.9838 amp_V=0.3100 grad=3.6511
[DISC] loss=0.59527 bce=0.18592 gp=0.01583 accE=1.000 accP=0.999 reward_clamp=0.00000 replay=200000
[TIME] collect=6.435s actor=1.568s critic=0.435s disc=1.047s gpu_peak=4.86GiB
[UPDATE] 370/500 task=0.02322 amp=0.38755 mixed=0.02988 done=0.00929 ep_len=108.05
[FCAMP] policy=-0.00601 kl=0.018969 ratio=0.9992 clip=0.2504 grad=1.2060 lr=0.000300
[DUAL_CRITIC] task_loss=0.22956 amp_loss=0.07415 task_V=0.9888 amp_V=0.3399 grad=2.5193
[DISC] loss=0.58487 bce=0.18653 gp=0.01563 accE=1.000 accP=0.999 reward_clamp=0.00000 replay=200000
[TIME] collect=6.363s actor=1.574s critic=0.408s disc=1.119s gpu_peak=4.86GiB
[UPDATE] 380/500 task=0.02411 amp=0.38084 mixed=0.03069 done=0.00894 ep_len=110.52
[FCAMP] policy=-0.00583 kl=0.018913 ratio=0.9992 clip=0.2485 grad=1.1515 lr=0.000300
[DUAL_CRITIC] task_loss=0.22352 amp_loss=0.07372 task_V=1.0217 amp_V=0.3359 grad=2.4684
[DISC] loss=0.57352 bce=0.18594 gp=0.01542 accE=1.000 accP=1.000 reward_clamp=0.00000 replay=200000
[TIME] collect=6.484s actor=1.569s critic=0.417s disc=1.068s gpu_peak=4.86GiB
[UPDATE] 390/500 task=0.02386 amp=0.38344 mixed=0.03049 done=0.00901 ep_len=121.43
[FCAMP] policy=-0.00505 kl=0.019340 ratio=0.9995 clip=0.2553 grad=1.2459 lr=0.000300
[DUAL_CRITIC] task_loss=0.21535 amp_loss=0.06882 task_V=0.9704 amp_V=0.3046 grad=1.8293
[DISC] loss=0.56398 bce=0.18634 gp=0.01525 accE=1.000 accP=0.999 reward_clamp=0.00000 replay=200000
[TIME] collect=6.339s actor=1.585s critic=0.431s disc=1.054s gpu_peak=4.86GiB
[UPDATE] 400/500 task=0.02449 amp=0.38388 mixed=0.03114 done=0.00889 ep_len=109.31
[FCAMP] policy=-0.00606 kl=0.018708 ratio=0.9995 clip=0.2490 grad=1.2371 lr=0.000300
[DUAL_CRITIC] task_loss=0.20697 amp_loss=0.06356 task_V=0.9872 amp_V=0.3205 grad=1.4301
[DISC] loss=0.55342 bce=0.18553 gp=0.01507 accE=1.000 accP=1.000 reward_clamp=0.00000 replay=200000
[TIME] collect=6.349s actor=1.568s critic=0.427s disc=1.196s gpu_peak=4.86GiB
[VALIDATION_START] update=400 max_steps=500 envs=8192 fixed_seed=0
[VALIDATION_RESET_START]
[VALIDATION_RESET_DONE] time=0.005s
[VALIDATION_PROGRESS] step=1/500 done=0.00000 alive=1.00000 elapsed=0.192s
[VALIDATION_PROGRESS] step=50/500 done=0.02380 alive=0.97620 elapsed=6.578s
[VALIDATION_PROGRESS] step=100/500 done=0.10132 alive=0.89868 elapsed=13.275s
[VALIDATION_PROGRESS] step=150/500 done=0.15991 alive=0.84009 elapsed=19.944s
[VALIDATION_PROGRESS] step=200/500 done=0.17908 alive=0.82092 elapsed=26.594s
[VALIDATION_PROGRESS] step=250/500 done=0.19177 alive=0.80823 elapsed=33.426s
[VALIDATION_PROGRESS] step=300/500 done=0.19946 alive=0.80054 elapsed=40.178s
[VALIDATION_PROGRESS] step=324/500 done=1.00000 alive=0.00000 elapsed=43.534s
[VALIDATION_EARLY_STOP] step=324 done_frac=1.0000
[VALIDATION_DONE] update=400 time=43.547s
[VAL] steps_mean=281.99 steps_min=3 steps_p50=324 steps_p95=324 steps_max=324 fail_phase_mean=282.0 return=16.77409 done=1.00000
[VAL_EE] left_ankle_bad=0.00891 left_ankle_z=0.02620 right_ankle_bad=0.00244 right_ankle_z=0.03071 left_wrist_bad=0.15015 left_wrist_z=0.10697 right_wrist_bad=0.10254 right_wrist_z=0.09364
[VAL_CAUSE] anchor_pos_bad=0.00110 anchor_ori_bad=0.00354 ee_body_bad=0.24719 time_out=0.00000 anchor_z=0.08730 anchor_grav=0.14774 ee_z_max=0.12561 ee_z_mean=0.06438
[VAL_WALL] alive@850=0.7546 motion_complete=0.7546 wrist_fail_825_840=0.0000 steps_p50=324
[VAL_PUSH] push_applied=1.0000 died_before_push=0.0000 pushed_then_died=0.2454 first_push_step=100.2
[CHECKPOINT] saved /home/y/my_mimic_mixgrpo/my_mimic_mixgrpo_h1/runs/fcamp_timefix_fixedval_u500_s0/checkpoints/update_0400.pt
[UPDATE] 410/500 task=0.02517 amp=0.38837 mixed=0.03192 done=0.00907 ep_len=102.90
[FCAMP] policy=-0.00610 kl=0.019518 ratio=0.9993 clip=0.2559 grad=1.2292 lr=0.000300
[DUAL_CRITIC] task_loss=0.21276 amp_loss=0.06645 task_V=1.0035 amp_V=0.3061 grad=1.7603
[DISC] loss=0.54443 bce=0.18635 gp=0.01486 accE=1.000 accP=1.000 reward_clamp=0.00000 replay=200000
[TIME] collect=6.259s actor=1.549s critic=0.404s disc=1.191s gpu_peak=4.86GiB
[UPDATE] 420/500 task=0.02541 amp=0.38212 mixed=0.03198 done=0.00916 ep_len=108.35
[FCAMP] policy=-0.00637 kl=0.019027 ratio=0.9991 clip=0.2505 grad=1.1790 lr=0.000300
[DUAL_CRITIC] task_loss=0.20895 amp_loss=0.06359 task_V=1.0336 amp_V=0.3034 grad=1.6342
[DISC] loss=0.53412 bce=0.18529 gp=0.01467 accE=1.000 accP=0.999 reward_clamp=0.00000 replay=200000
[TIME] collect=6.454s actor=1.574s critic=0.414s disc=1.081s gpu_peak=4.86GiB
[UPDATE] 430/500 task=0.02603 amp=0.38113 mixed=0.03255 done=0.00934 ep_len=109.12
[FCAMP] policy=-0.00526 kl=0.020640 ratio=0.9988 clip=0.2657 grad=1.2142 lr=0.000300
[DUAL_CRITIC] task_loss=0.20698 amp_loss=0.06341 task_V=1.0524 amp_V=0.2906 grad=1.8091
[DISC] loss=0.52512 bce=0.18468 gp=0.01454 accE=1.000 accP=1.000 reward_clamp=0.00000 replay=200000
[TIME] collect=6.280s actor=1.577s critic=0.429s disc=1.045s gpu_peak=4.86GiB
[UPDATE] 440/500 task=0.02629 amp=0.39105 mixed=0.03302 done=0.00917 ep_len=108.57
[FCAMP] policy=-0.00579 kl=0.018732 ratio=0.9997 clip=0.2445 grad=1.2170 lr=0.000300
[DUAL_CRITIC] task_loss=0.20671 amp_loss=0.06401 task_V=1.0690 amp_V=0.3080 grad=2.1015
[DISC] loss=0.51832 bce=0.18652 gp=0.01435 accE=1.000 accP=1.000 reward_clamp=0.00000 replay=200000
[TIME] collect=6.303s actor=1.569s critic=0.405s disc=1.067s gpu_peak=4.86GiB
[UPDATE] 450/500 task=0.02631 amp=0.39194 mixed=0.03307 done=0.00884 ep_len=100.00
[FCAMP] policy=-0.00421 kl=0.021066 ratio=0.9990 clip=0.2663 grad=1.3076 lr=0.000300
[DUAL_CRITIC] task_loss=0.20465 amp_loss=0.06256 task_V=1.0852 amp_V=0.3358 grad=1.7791
[DISC] loss=0.51062 bce=0.18685 gp=0.01420 accE=1.000 accP=1.000 reward_clamp=0.00000 replay=200000
[TIME] collect=6.260s actor=1.575s critic=0.404s disc=1.132s gpu_peak=4.86GiB
[VALIDATION_START] update=450 max_steps=500 envs=8192 fixed_seed=0
[VALIDATION_RESET_START]
[VALIDATION_RESET_DONE] time=0.005s
[VALIDATION_PROGRESS] step=1/500 done=0.00000 alive=1.00000 elapsed=0.200s
[VALIDATION_PROGRESS] step=50/500 done=0.01379 alive=0.98621 elapsed=6.554s
[VALIDATION_PROGRESS] step=100/500 done=0.14136 alive=0.85864 elapsed=13.186s
[VALIDATION_PROGRESS] step=150/500 done=0.18408 alive=0.81592 elapsed=19.787s
[VALIDATION_PROGRESS] step=200/500 done=0.20471 alive=0.79529 elapsed=26.344s
[VALIDATION_PROGRESS] step=250/500 done=0.21448 alive=0.78552 elapsed=33.159s
[VALIDATION_PROGRESS] step=300/500 done=0.22571 alive=0.77429 elapsed=39.964s
[VALIDATION_PROGRESS] step=324/500 done=1.00000 alive=0.00000 elapsed=43.292s
[VALIDATION_EARLY_STOP] step=324 done_frac=1.0000
[VALIDATION_DONE] update=450 time=43.303s
[VAL] steps_mean=275.99 steps_min=16 steps_p50=324 steps_p95=324 steps_max=324 fail_phase_mean=276.0 return=16.30380 done=1.00000
[VAL_EE] left_ankle_bad=0.00378 left_ankle_z=0.03066 right_ankle_bad=0.00586 right_ankle_z=0.03557 left_wrist_bad=0.09753 left_wrist_z=0.11018 right_wrist_bad=0.18213 right_wrist_z=0.12089
[VAL_CAUSE] anchor_pos_bad=0.00061 anchor_ori_bad=0.00464 ee_body_bad=0.26868 time_out=0.00000 anchor_z=0.11035 anchor_grav=0.16602 ee_z_max=0.13599 ee_z_mean=0.07433
[VAL_WALL] alive@850=0.7313 motion_complete=0.7313 wrist_fail_825_840=0.0000 steps_p50=324
[VAL_PUSH] push_applied=1.0000 died_before_push=0.0000 pushed_then_died=0.2687 first_push_step=100.2
[CHECKPOINT] saved /home/y/my_mimic_mixgrpo/my_mimic_mixgrpo_h1/runs/fcamp_timefix_fixedval_u500_s0/checkpoints/update_0450.pt
[UPDATE] 460/500 task=0.02708 amp=0.38376 mixed=0.03371 done=0.00891 ep_len=101.74
[FCAMP] policy=-0.00551 kl=0.019797 ratio=0.9991 clip=0.2588 grad=1.2717 lr=0.000300
[DUAL_CRITIC] task_loss=0.18694 amp_loss=0.05505 task_V=1.0880 amp_V=0.2981 grad=2.2743
[DISC] loss=0.50064 bce=0.18497 gp=0.01402 accE=1.000 accP=1.000 reward_clamp=0.00000 replay=200000
[TIME] collect=6.455s actor=1.732s critic=0.413s disc=1.129s gpu_peak=4.86GiB
[UPDATE] 470/500 task=0.02769 amp=0.38552 mixed=0.03434 done=0.00900 ep_len=110.02
[FCAMP] policy=-0.00423 kl=0.020142 ratio=0.9993 clip=0.2568 grad=1.3436 lr=0.000300
[DUAL_CRITIC] task_loss=0.19604 amp_loss=0.05733 task_V=1.1429 amp_V=0.2956 grad=2.7943
[DISC] loss=0.49317 bce=0.18503 gp=0.01387 accE=1.000 accP=1.000 reward_clamp=0.00000 replay=200000
[TIME] collect=6.293s actor=1.761s critic=0.441s disc=1.145s gpu_peak=4.86GiB
[UPDATE] 480/500 task=0.02816 amp=0.38295 mixed=0.03475 done=0.00917 ep_len=116.92
[FCAMP] policy=-0.00530 kl=0.020532 ratio=0.9993 clip=0.2624 grad=1.2017 lr=0.000300
[DUAL_CRITIC] task_loss=0.19111 amp_loss=0.05857 task_V=1.1912 amp_V=0.3068 grad=1.9598
[DISC] loss=0.48565 bce=0.18459 gp=0.01374 accE=1.000 accP=1.000 reward_clamp=0.00000 replay=200000
[TIME] collect=6.324s actor=1.586s critic=0.406s disc=1.066s gpu_peak=4.86GiB
[UPDATE] 490/500 task=0.02840 amp=0.38912 mixed=0.03512 done=0.00926 ep_len=101.94
[FCAMP] policy=-0.00591 kl=0.020126 ratio=0.9984 clip=0.2562 grad=1.1940 lr=0.000300
[DUAL_CRITIC] task_loss=0.19433 amp_loss=0.05644 task_V=1.1840 amp_V=0.3126 grad=1.7970
[DISC] loss=0.48047 bce=0.18611 gp=0.01363 accE=1.000 accP=1.000 reward_clamp=0.00000 replay=200000
[TIME] collect=6.332s actor=1.587s critic=0.413s disc=1.059s gpu_peak=4.86GiB
[UPDATE] 500/500 task=0.02894 amp=0.38791 mixed=0.03563 done=0.00899 ep_len=111.83
[FCAMP] policy=-0.00496 kl=0.021703 ratio=0.9993 clip=0.2762 grad=1.2334 lr=0.000300
[DUAL_CRITIC] task_loss=0.19441 amp_loss=0.05723 task_V=1.2754 amp_V=0.3369 grad=2.4048
[DISC] loss=0.47382 bce=0.18588 gp=0.01352 accE=1.000 accP=1.000 reward_clamp=0.00000 replay=200000
[TIME] collect=6.333s actor=1.599s critic=0.475s disc=1.085s gpu_peak=4.86GiB
[VALIDATION_START] update=500 max_steps=500 envs=8192 fixed_seed=0
[VALIDATION_RESET_START]
[VALIDATION_RESET_DONE] time=0.005s
[VALIDATION_PROGRESS] step=1/500 done=0.00000 alive=1.00000 elapsed=0.195s
[VALIDATION_PROGRESS] step=50/500 done=0.00928 alive=0.99072 elapsed=6.440s
[VALIDATION_PROGRESS] step=100/500 done=0.06763 alive=0.93237 elapsed=13.079s
[VALIDATION_PROGRESS] step=150/500 done=0.10229 alive=0.89771 elapsed=19.623s
[VALIDATION_PROGRESS] step=200/500 done=0.11499 alive=0.88501 elapsed=26.187s
[VALIDATION_PROGRESS] step=250/500 done=0.12122 alive=0.87878 elapsed=32.991s
[VALIDATION_PROGRESS] step=300/500 done=0.13123 alive=0.86877 elapsed=39.784s
[VALIDATION_PROGRESS] step=324/500 done=1.00000 alive=0.00000 elapsed=43.080s
[VALIDATION_EARLY_STOP] step=324 done_frac=1.0000
[VALIDATION_DONE] update=500 time=43.091s
[VAL] steps_mean=297.33 steps_min=21 steps_p50=324 steps_p95=324 steps_max=324 fail_phase_mean=297.3 return=18.13822 done=1.00000
[VAL_EE] left_ankle_bad=0.00427 left_ankle_z=0.02385 right_ankle_bad=0.00623 right_ankle_z=0.02689 left_wrist_bad=0.07837 left_wrist_z=0.09776 right_wrist_bad=0.08936 right_wrist_z=0.07736
[VAL_CAUSE] anchor_pos_bad=0.00037 anchor_ori_bad=0.00317 ee_body_bad=0.16235 time_out=0.00000 anchor_z=0.08987 anchor_grav=0.10424 ee_z_max=0.10991 ee_z_mean=0.05646
[VAL_WALL] alive@850=0.8378 motion_complete=0.8378 wrist_fail_825_840=0.0000 steps_p50=324
[VAL_PUSH] push_applied=1.0000 died_before_push=0.0000 pushed_then_died=0.1622 first_push_step=100.2
[CHECKPOINT] saved /home/y/my_mimic_mixgrpo/my_mimic_mixgrpo_h1/runs/fcamp_timefix_fixedval_u500_s0/checkpoints/update_0500.pt
[INFO] Training finished.
