[RUN] dir=/home/y/my_mimic_mixgrpo/my_mimic_mixgrpo_h1/runs/fcamp_gaussian_actionpath_h1_u500_s0_20260730_091746
[RUN] log_file=/home/y/my_mimic_mixgrpo/my_mimic_mixgrpo_h1/runs/fcamp_gaussian_actionpath_h1_u500_s0_20260730_091746/logs/train.log
[RUN] method=fcamp task=largebox_plane seed=0
[RUN] resolved_config_sha256=7569a1a1f041b12701594410aa1f46d6bcbc52e63e5db4683da905ce5889ff17
[RUN] source_snapshot_sha256=d919215495e9c8b0fa5042cf29e8cf2d388ee81dc7ab19440a0e3ef6b124f954
[INFO] IsaacLab logging to file: /tmp/isaaclab_2026-07-30_09-18-12.log
[METRICS] jsonl=/home/y/my_mimic_mixgrpo/my_mimic_mixgrpo_h1/runs/fcamp_gaussian_actionpath_h1_u500_s0_20260730_091746/logs/metrics.jsonl tensorboard=True
[METHOD] name=fcamp actor=causal_flow_gaussian prior=temporal_discriminator reward=pure_amp credit=causal_frame critic=scalar_flow
[ARCH] task=largebox_plane actor_obs=260 actor_input=self_state,last_action phase=False target=False discriminator_in_actor=False prefix_context=892 action_dim=29 H=1 W_D=16 imitation_frame=233 imitation_window=3728
[CREDIT] head=amp endpoint_gate=discriminator_only action_credit=all_alive delayed_gae=True advantage_norm=global ratio_mode=action_path_gaussian_offset task_weight=0 disc_weight=1 amp_dt=True
[STYLE_PRIOR] discriminator=standard_mlp hidden=[1024, 512] BCE=True GP=10.0 replay=200000 EMA=False policy_conditioning=False motion_end_terminal=True replay_mode=complete_window_stratified fcamp_schema=24 action_contract=residual_absolute_v1 actor_architecture_contract=causal_flow_mean_gru_v1 actor_observation_contract=self_state_last_action_v1 exploration_contract=trainable_action_path_diagonal_gaussian_v2 reward_contract=pure_amp_dt_v1 critic_contract=scalar_amp_flow_v1 reset_contract=phase_reference_link_velocity_v2 policy_history_contract=actual_reset_plus_postsim_w16_v1 credit_contract=endpoint_reward_action_valid_delayed_gae_v1 expert_velocity_contract=npz_root_link_world_v1 expert_sampling_contract=independent_uniform_reachable_disc_and_norm_v2 expert_sampling_seed=301776063824 validation_contract=tracking_primary_v1 ppo_contract=action_path_gaussian_offset_logprob_analytic_kl_v2 phase0_trajectory_attempt_stream=0.10
[INFO] checkpoint_dir=/home/y/my_mimic_mixgrpo/my_mimic_mixgrpo_h1/runs/fcamp_gaussian_actionpath_h1_u500_s0_20260730_091746/checkpoints
/home/y/miniconda3/envs/env_isaaclab/lib/python3.11/site-packages/torch/autograd/graph.py:824: UserWarning: Attempting to run cuBLAS, but there was no current CUDA context! Attempting to set the primary context... (Triggered internally at /pytorch/aten/src/ATen/cuda/CublasHandlePool.cpp:181.)
  return Variable._execution_engine.run_backward(  # Calls into the C++ engine to run the backward pass
[WARMUP] env_transitions=196608 time=9.222s
[UPDATE] 10/500 amp=0.31825 done=0.05231 ep_len=19.22
[FCAMP] policy=-0.00860 kl=0.014219 sample_kl=0.014445 ratio=0.9987 clip=0.2136 grad=0.1211 lr=0.001519
[GAUSSIAN_PATH_EXPLORATION] std=0.77666/0.79096/0.80040 std_h=0.79096/nan/nan/nan entropy=34.37699 path_rms=0.79264 path_h=0.79264/nan/nan/nan path_h3_h0=1.0000 command_rms=0.63811 command_h=0.63811/nan/nan/nan command_h3_h0=1.0000 bound_frac=0.00000/0.00000
[GAUSSIAN_PPO_H] kl=0.014219/nan/nan/nan clip=0.2136/nan/nan/nan ratio=0.9987/nan/nan/nan
[SAMPLER_PHASE] start_mean=101.33 start_min=0 start_max=323 top_bin=0 top_prob=0.37641 entropy=0.88404 failed_sum=96.028
[FCAMP_STREAM] phase0_env=0.100 phase0_valid_share=0.100 phase0_actor_w=0.100 phase0_critic_w=0.100 phase0_fail_p50=13.0 curr_fail_p50=102.0 phase0_inflight_p50=8.0 phase0_success_cum=0.00000 disc_buffer_phase0=0.059 disc_train_phase0=0.100 phase0_complete=0.00000 disc_quota=1
[AMP_CREDIT] raw=0.31825 credit=0.00637 amp_raw_std=0.02319 actor_std=0.99999
[AMP_MASK] alive=196608 endpoint=59241 endpoint_cov=0.30132 warmup=137367 warmup_credited=137367 warmup_future_amp=64493 action_credit=196608 credit_cov=1.00000 credit_missing=0 reward_without_endpoint=0
[CRITIC] loss=0.23812 V=0.0345 target=0.0367 rmse=0.0233 ev=0.3093 grad=0.0832 grad_clip=0.0000
[DISC] loss=6.20202 bce=0.16775 gp=0.46177 accE=1.000 accP=1.000 reward_clamp=0.00000 replay=196946
[DISC_ENDPOINT] support=[15,324] current_p05/50/95=19.0/63.0/285.0 expert_p05/50/95=30.0/171.0/309.0 expert_n=32768 expert_uniform_tv=0.01081 expert_uniform_max=0.00385 current_expert_tv=0.39871 replay_expert_tv=0.23840 norm_expert_n=32768 norm_expert_uniform_tv=0.00686
[FCAMP_CONTRACT] fk_max=3.189e-05 policy_action_violation=0.000e+00 dirty_excluded=0 endpoint_gap=137367 credit_gap=0 replay_dirty=0 push_edges=0 replay_phase0=16946/20000 replay_curr=180000/180000
[TIME] collect=7.691s actor=2.534s critic=0.312s disc=1.494s gpu_peak=3.77GiB
[TRAIN_RESET] count=10285 phase0_frac=0.1278 p50=64.0 p95=260.0 target_count=1250 target_nonzero=0 curriculum_p50=87.0
[PROGRESS] env_steps=2162688 iteration=12.106s throughput=16240.2
[UPDATE] 20/500 amp=0.32083 done=0.03291 ep_len=29.15
[FCAMP] policy=-0.00752 kl=0.016581 sample_kl=0.016910 ratio=0.9990 clip=0.2485 grad=0.1745 lr=0.001519
[GAUSSIAN_PATH_EXPLORATION] std=0.72407/0.77108/0.79847 std_h=0.77108/nan/nan/nan entropy=33.62733 path_rms=0.77335 path_h=0.77335/nan/nan/nan path_h3_h0=1.0000 command_rms=0.57665 command_h=0.57665/nan/nan/nan command_h3_h0=1.0000 bound_frac=0.00000/0.00000
[GAUSSIAN_PPO_H] kl=0.016581/nan/nan/nan clip=0.2485/nan/nan/nan ratio=0.9990/nan/nan/nan
[SAMPLER_PHASE] start_mean=101.95 start_min=0 start_max=323 top_bin=0 top_prob=0.39025 entropy=0.87670 failed_sum=136.708
[FCAMP_STREAM] phase0_env=0.100 phase0_valid_share=0.100 phase0_actor_w=0.100 phase0_critic_w=0.100 phase0_fail_p50=34.0 curr_fail_p50=101.0 phase0_inflight_p50=21.0 phase0_success_cum=0.00000 disc_buffer_phase0=0.100 disc_train_phase0=0.100 phase0_complete=0.00000 disc_quota=1
[AMP_CREDIT] raw=0.32083 credit=0.00642 amp_raw_std=0.02590 actor_std=0.99999
[AMP_MASK] alive=196608 endpoint=106409 endpoint_cov=0.54122 warmup=90199 warmup_credited=90199 warmup_future_amp=57693 action_credit=196608 credit_cov=1.00000 credit_missing=0 reward_without_endpoint=0
[CRITIC] loss=0.23352 V=0.0694 target=0.0727 rmse=0.0261 ev=0.6328 grad=0.0832 grad_clip=0.0000
[DISC] loss=4.24662 bce=0.16132 gp=0.28243 accE=1.000 accP=1.000 reward_clamp=0.00000 replay=200000
[DISC_ENDPOINT] support=[15,324] current_p05/50/95=23.0/61.0/281.0 expert_p05/50/95=30.0/169.0/308.7 expert_n=32768 expert_uniform_tv=0.00693 expert_uniform_max=0.00230 current_expert_tv=0.42172 replay_expert_tv=0.25070 norm_expert_n=32768 norm_expert_uniform_tv=0.00669
[FCAMP_CONTRACT] fk_max=3.016e-05 policy_action_violation=0.000e+00 dirty_excluded=0 endpoint_gap=90199 credit_gap=0 replay_dirty=0 push_edges=0 replay_phase0=20000/20000 replay_curr=180000/180000
[TIME] collect=9.163s actor=2.512s critic=0.296s disc=1.511s gpu_peak=3.89GiB
[TRAIN_RESET] count=6471 phase0_frac=0.0848 p50=68.0 p95=263.0 target_count=488 target_nonzero=0 curriculum_p50=81.0
[PROGRESS] env_steps=4128768 iteration=13.557s throughput=14502.2
[UPDATE] 30/500 amp=0.38177 done=0.02680 ep_len=37.78
[FCAMP] policy=-0.00891 kl=0.014335 sample_kl=0.014631 ratio=0.9996 clip=0.2168 grad=0.2269 lr=0.000675
[GAUSSIAN_PATH_EXPLORATION] std=0.68337/0.75044/0.79429 std_h=0.75044/nan/nan/nan entropy=32.84389 path_rms=0.75333 path_h=0.75333/nan/nan/nan path_h3_h0=1.0000 command_rms=0.55022 command_h=0.55022/nan/nan/nan command_h3_h0=1.0000 bound_frac=0.00000/0.00000
[GAUSSIAN_PPO_H] kl=0.014335/nan/nan/nan clip=0.2168/nan/nan/nan ratio=0.9996/nan/nan/nan
[SAMPLER_PHASE] start_mean=106.64 start_min=0 start_max=323 top_bin=0 top_prob=0.39599 entropy=0.87428 failed_sum=154.105
[FCAMP_STREAM] phase0_env=0.100 phase0_valid_share=0.100 phase0_actor_w=0.100 phase0_critic_w=0.100 phase0_fail_p50=65.0 curr_fail_p50=108.0 phase0_inflight_p50=26.0 phase0_success_cum=0.00000 disc_buffer_phase0=0.100 disc_train_phase0=0.100 phase0_complete=0.00000 disc_quota=1
[AMP_CREDIT] raw=0.38177 credit=0.00764 amp_raw_std=0.02807 actor_std=0.99999
[AMP_MASK] alive=196608 endpoint=122493 endpoint_cov=0.62303 warmup=74115 warmup_credited=74115 warmup_future_amp=49957 action_credit=196608 credit_cov=1.00000 credit_missing=0 reward_without_endpoint=0
[CRITIC] loss=0.21426 V=0.0982 target=0.1033 rmse=0.0285 ev=0.7957 grad=0.1389 grad_clip=0.0000
[DISC] loss=3.28100 bce=0.16534 gp=0.19658 accE=1.000 accP=1.000 reward_clamp=0.00000 replay=200000
[DISC_ENDPOINT] support=[15,324] current_p05/50/95=25.0/64.0/284.0 expert_p05/50/95=30.0/170.0/309.0 expert_n=32768 expert_uniform_tv=0.00729 expert_uniform_max=0.00265 current_expert_tv=0.38327 replay_expert_tv=0.25537 norm_expert_n=32768 norm_expert_uniform_tv=0.01179
[FCAMP_CONTRACT] fk_max=2.962e-05 policy_action_violation=0.000e+00 dirty_excluded=0 endpoint_gap=74115 credit_gap=0 replay_dirty=0 push_edges=0 replay_phase0=20000/20000 replay_curr=180000/180000
[TIME] collect=9.678s actor=2.519s critic=0.296s disc=1.507s gpu_peak=3.92GiB
[TRAIN_RESET] count=5269 phase0_frac=0.0778 p50=71.0 p95=263.0 target_count=368 target_nonzero=0 curriculum_p50=83.0
[PROGRESS] env_steps=6094848 iteration=14.075s throughput=13968.2
[UPDATE] 40/500 amp=0.44542 done=0.02410 ep_len=39.06
[FCAMP] policy=-0.00834 kl=0.016133 sample_kl=0.016397 ratio=0.9990 clip=0.2383 grad=0.3040 lr=0.000675
[GAUSSIAN_PATH_EXPLORATION] std=0.64407/0.73103/0.79122 std_h=0.73103/nan/nan/nan entropy=32.06166 path_rms=0.73296 path_h=0.73296/nan/nan/nan path_h3_h0=1.0000 command_rms=0.53694 command_h=0.53694/nan/nan/nan command_h3_h0=1.0000 bound_frac=0.00000/0.00000
[GAUSSIAN_PPO_H] kl=0.016133/nan/nan/nan clip=0.2383/nan/nan/nan ratio=0.9990/nan/nan/nan
[SAMPLER_PHASE] start_mean=110.56 start_min=0 start_max=322 top_bin=0 top_prob=0.39664 entropy=0.87415 failed_sum=162.013
[FCAMP_STREAM] phase0_env=0.100 phase0_valid_share=0.100 phase0_actor_w=0.100 phase0_critic_w=0.100 phase0_fail_p50=67.0 curr_fail_p50=119.0 phase0_inflight_p50=29.0 phase0_success_cum=0.00000 disc_buffer_phase0=0.100 disc_train_phase0=0.100 phase0_complete=0.00000 disc_quota=1
[AMP_CREDIT] raw=0.44542 credit=0.00891 amp_raw_std=0.03058 actor_std=1.00000
[AMP_MASK] alive=196608 endpoint=129570 endpoint_cov=0.65903 warmup=67038 warmup_credited=67038 warmup_future_amp=45602 action_credit=196608 credit_cov=1.00000 credit_missing=0 reward_without_endpoint=0
[CRITIC] loss=0.15880 V=0.1221 target=0.1283 rmse=0.0312 ev=0.8492 grad=0.2276 grad_clip=0.0000
[DISC] loss=2.73296 bce=0.17059 gp=0.14989 accE=1.000 accP=1.000 reward_clamp=0.00000 replay=200000
[DISC_ENDPOINT] support=[15,324] current_p05/50/95=26.0/68.0/286.0 expert_p05/50/95=30.0/169.0/309.0 expert_n=32768 expert_uniform_tv=0.00960 expert_uniform_max=0.00276 current_expert_tv=0.34323 replay_expert_tv=0.26404 norm_expert_n=32768 norm_expert_uniform_tv=0.01053
[FCAMP_CONTRACT] fk_max=3.046e-05 policy_action_violation=0.000e+00 dirty_excluded=0 endpoint_gap=67038 credit_gap=0 replay_dirty=0 push_edges=0 replay_phase0=20000/20000 replay_curr=180000/180000
[TIME] collect=9.770s actor=2.477s critic=0.296s disc=1.506s gpu_peak=3.93GiB
[TRAIN_RESET] count=4738 phase0_frac=0.0798 p50=68.0 p95=265.0 target_count=345 target_nonzero=0 curriculum_p50=81.0
[PROGRESS] env_steps=8060928 iteration=14.125s throughput=13919.6
[UPDATE] 50/500 amp=0.49090 done=0.02255 ep_len=40.00
[FCAMP] policy=-0.00783 kl=0.015241 sample_kl=0.015551 ratio=0.9992 clip=0.2248 grad=0.3863 lr=0.000450
[GAUSSIAN_PATH_EXPLORATION] std=0.61480/0.71309/0.78376 std_h=0.71309/nan/nan/nan entropy=31.32318 path_rms=0.71589 path_h=0.71589/nan/nan/nan path_h3_h0=1.0000 command_rms=0.52926 command_h=0.52926/nan/nan/nan command_h3_h0=1.0000 bound_frac=0.00000/0.00000
[GAUSSIAN_PPO_H] kl=0.015241/nan/nan/nan clip=0.2248/nan/nan/nan ratio=0.9992/nan/nan/nan
[SAMPLER_PHASE] start_mean=113.38 start_min=0 start_max=323 top_bin=0 top_prob=0.39478 entropy=0.87534 failed_sum=165.361
[FCAMP_STREAM] phase0_env=0.100 phase0_valid_share=0.100 phase0_actor_w=0.100 phase0_critic_w=0.100 phase0_fail_p50=68.0 curr_fail_p50=123.0 phase0_inflight_p50=30.0 phase0_success_cum=0.00000 disc_buffer_phase0=0.100 disc_train_phase0=0.100 phase0_complete=0.00000 disc_quota=1
[AMP_CREDIT] raw=0.49090 credit=0.00982 amp_raw_std=0.03578 actor_std=1.00000
[AMP_MASK] alive=196608 endpoint=133597 endpoint_cov=0.67951 warmup=63011 warmup_credited=63011 warmup_future_amp=43793 action_credit=196608 credit_cov=1.00000 credit_missing=0 reward_without_endpoint=0
[CRITIC] loss=0.11141 V=0.1452 target=0.1501 rmse=0.0361 ev=0.8827 grad=0.9644 grad_clip=0.5000
[DISC] loss=2.38719 bce=0.17608 gp=0.12202 accE=1.000 accP=0.999 reward_clamp=0.00000 replay=200000
[DISC_ENDPOINT] support=[15,324] current_p05/50/95=27.0/74.0/285.0 expert_p05/50/95=30.0/170.0/309.0 expert_n=32768 expert_uniform_tv=0.01048 expert_uniform_max=0.00271 current_expert_tv=0.30688 replay_expert_tv=0.26288 norm_expert_n=32768 norm_expert_uniform_tv=0.00655
[FCAMP_CONTRACT] fk_max=2.825e-05 policy_action_violation=0.000e+00 dirty_excluded=0 endpoint_gap=63011 credit_gap=0 replay_dirty=0 push_edges=0 replay_phase0=20000/20000 replay_curr=180000/180000
[TIME] collect=9.969s actor=2.556s critic=0.306s disc=1.548s gpu_peak=3.94GiB
[TRAIN_RESET] count=4434 phase0_frac=0.0785 p50=67.0 p95=265.0 target_count=306 target_nonzero=0 curriculum_p50=79.0
[PROGRESS] env_steps=10027008 iteration=14.454s throughput=13602.3
[VALIDATION_START] update=50 max_steps=500 envs=8192 fixed_seed=0
[VALIDATION_RESET_START]
[VALIDATION_RESET_DONE] time=0.033s
[VALIDATION_PROGRESS] step=1/500 done=0.00000 alive=1.00000 elapsed=0.332s
[VALIDATION_PROGRESS] step=50/500 done=0.00879 alive=0.99121 elapsed=11.840s
[VALIDATION_PROGRESS] step=85/500 done=1.00000 alive=0.00000 elapsed=20.111s
[VALIDATION_DONE] update=50 time=20.490s
[VAL] steps_mean=70.03 steps_min=41 steps_p50=70 steps_p95=74 steps_max=85 fail_phase_mean=70.0 done=1.00000
[VAL_CAUSE] anchor_pos_bad=0.27185 anchor_ori_bad=0.00024 ee_body_bad=0.75769 pose_fail=nan time_out=0.00000 anchor_z=0.41227 anchor_grav=0.25756 ee_z_max=0.23342 ee_z_mean=0.13155
[VAL_FAIL] act_abs=3.02198 act_max=4.99975 root_pos=0.55455 root_ori=67.641deg anchor_pos=0.57896 anchor_ori=76.299deg joint_pos=0.37473 joint_vel=1.14385 body_pos=0.45659 body_pos_top=left_shoulder:0.71493 body_z=0.27398 body_z_top=right_shoulder:0.49013
[VAL_OUTCOME] failure=1.0000 motion_complete=0.0000 time_out=0.0000 steps_p50=70
[VAL_PHASE] failure_p50=70.0 failure_p95=74.0 anchor_pos_p50=71.0 anchor_ori_p50=73.0 ee_body_p50=70.0 motion_complete_p50=-1.0
[VAL_MOTION] window_mmd2_w16=0.6424921 window_mmd2_w32=0.5572759 raw_w16=0.6424921 raw_w32=0.5572759 pairs_w16=2845 pairs_w32=802 gap_w16=16 gap_w32=32 phase_mean_w16=42.61 phase_max_w16=76.00 phase_mean_w32=50.67 phase_max_w32=76.00 progress_max_w16=0.2346 progress_max_w32=0.2346 progress_span_w16=0.1852 progress_span_w32=0.1358 samples_w16=6904 samples_w32=4856 selected_envs=128
[VAL_CHUNK_ACTION] delta_boundary=0.068268 delta_internal=-1.000000 delta_ratio=-1.0000 delta_boundary_p95=0.185552 delta_boundary_p99=0.387800 delta_internal_p95=-1.000000 delta_internal_p99=-1.000000 d2_boundary=0.035142 d2_internal=-1.000000 d2_ratio=-1.0000 d2_boundary_p95=0.117935 d2_boundary_p99=0.137682 d2_internal_p95=-1.000000 d2_internal_p99=-1.000000
[VAL_CHUNK_STATE] joint_vel_boundary=0.650544 joint_vel_internal=-1.000000 joint_vel_ratio=-1.0000 joint_vel_boundary_p95=1.776778 joint_vel_boundary_p99=2.468064 joint_vel_internal_p95=-1.000000 joint_vel_internal_p99=-1.000000 root_ang_boundary=0.402344 root_ang_internal=-1.000000 root_ang_ratio=-1.0000 root_ang_boundary_p95=1.198597 root_ang_boundary_p99=2.313184 root_ang_internal_p95=-1.000000 root_ang_internal_p99=-1.000000
[VAL_CHUNK_RESET] action_delta=0.452002 action_delta_p95=0.453021 joint_vel_jump=0.928149 joint_vel_jump_p95=0.944673 root_ang_vel_jump=0.946433 root_ang_vel_jump_p95=0.973140 joint_pos_error=0.017552 joint_vel_error=0.898402 root_ang_vel_error=0.946433
[VAL_OFFSET0] joint_pos=0.253252 joint_pos_p95=0.398144 joint_vel=0.992199 joint_vel_p95=2.048814 root_ang_vel=1.037853 root_ang_vel_p95=2.323157 count=573661
[VAL_OFFSET1] joint_pos=-1.000000 joint_pos_p95=-1.000000 joint_vel=-1.000000 joint_vel_p95=-1.000000 root_ang_vel=-1.000000 root_ang_vel_p95=-1.000000 count=0
[VAL_OFFSET2] joint_pos=-1.000000 joint_pos_p95=-1.000000 joint_vel=-1.000000 joint_vel_p95=-1.000000 root_ang_vel=-1.000000 root_ang_vel_p95=-1.000000 count=0
[VAL_OFFSET3] joint_pos=-1.000000 joint_pos_p95=-1.000000 joint_vel=-1.000000 joint_vel_p95=-1.000000 root_ang_vel=-1.000000 root_ang_vel_p95=-1.000000 count=0
[CHECKPOINT] saved /home/y/my_mimic_mixgrpo/my_mimic_mixgrpo_h1/runs/fcamp_gaussian_actionpath_h1_u500_s0_20260730_091746/checkpoints/update_0050.pt
[UPDATE] 60/500 amp=0.54728 done=0.02142 ep_len=43.70
[FCAMP] policy=-0.00743 kl=0.015235 sample_kl=0.015518 ratio=0.9998 clip=0.2278 grad=0.4609 lr=0.000450
[GAUSSIAN_PATH_EXPLORATION] std=0.58748/0.69593/0.77722 std_h=0.69593/nan/nan/nan entropy=30.60383 path_rms=0.69914 path_h=0.69914/nan/nan/nan path_h3_h0=1.0000 command_rms=0.52104 command_h=0.52104/nan/nan/nan command_h3_h0=1.0000 bound_frac=0.00000/0.00000
[GAUSSIAN_PPO_H] kl=0.015235/nan/nan/nan clip=0.2278/nan/nan/nan ratio=0.9998/nan/nan/nan
[SAMPLER_PHASE] start_mean=114.93 start_min=0 start_max=323 top_bin=0 top_prob=0.39048 entropy=0.87767 failed_sum=165.671
[FCAMP_STREAM] phase0_env=0.100 phase0_valid_share=0.100 phase0_actor_w=0.100 phase0_critic_w=0.100 phase0_fail_p50=68.0 curr_fail_p50=130.0 phase0_inflight_p50=32.0 phase0_success_cum=0.00000 disc_buffer_phase0=0.100 disc_train_phase0=0.100 phase0_complete=0.00000 disc_quota=1
[AMP_CREDIT] raw=0.54728 credit=0.01095 amp_raw_std=0.03755 actor_std=1.00000
[AMP_MASK] alive=196608 endpoint=137915 endpoint_cov=0.70147 warmup=58693 warmup_credited=58693 warmup_future_amp=40287 action_credit=196608 credit_cov=1.00000 credit_missing=0 reward_without_endpoint=0
[CRITIC] loss=0.09261 V=0.1853 target=0.1890 rmse=0.0377 ev=0.9136 grad=0.4635 grad_clip=0.0500
[DISC] loss=2.11035 bce=0.18605 gp=0.09958 accE=1.000 accP=0.997 reward_clamp=0.00000 replay=200000
[DISC_ENDPOINT] support=[15,324] current_p05/50/95=27.0/79.0/288.0 expert_p05/50/95=30.0/171.0/309.0 expert_n=32768 expert_uniform_tv=0.00796 expert_uniform_max=0.00357 current_expert_tv=0.29803 replay_expert_tv=0.27393 norm_expert_n=32768 norm_expert_uniform_tv=0.00654
[FCAMP_CONTRACT] fk_max=3.177e-05 policy_action_violation=0.000e+00 dirty_excluded=0 endpoint_gap=58693 credit_gap=0 replay_dirty=0 push_edges=0 replay_phase0=20000/20000 replay_curr=180000/180000
[TIME] collect=10.075s actor=2.516s critic=0.302s disc=1.529s gpu_peak=3.95GiB
[TRAIN_RESET] count=4211 phase0_frac=0.0786 p50=75.0 p95=269.0 target_count=295 target_nonzero=0 curriculum_p50=88.0
[PROGRESS] env_steps=11993088 iteration=14.497s throughput=13561.6
[UPDATE] 70/500 amp=0.55898 done=0.02105 ep_len=47.57
[FCAMP] policy=-0.00680 kl=0.015699 sample_kl=0.016047 ratio=0.9993 clip=0.2342 grad=0.5318 lr=0.000450
[GAUSSIAN_PATH_EXPLORATION] std=0.56926/0.68247/0.77552 std_h=0.68247/nan/nan/nan entropy=29.99672 path_rms=0.68567 path_h=0.68567/nan/nan/nan path_h3_h0=1.0000 command_rms=0.51079 command_h=0.51079/nan/nan/nan command_h3_h0=1.0000 bound_frac=0.00000/0.00000
[GAUSSIAN_PPO_H] kl=0.015699/nan/nan/nan clip=0.2342/nan/nan/nan ratio=0.9993/nan/nan/nan
[SAMPLER_PHASE] start_mean=117.89 start_min=0 start_max=323 top_bin=0 top_prob=0.38441 entropy=0.88057 failed_sum=164.098
[FCAMP_STREAM] phase0_env=0.100 phase0_valid_share=0.100 phase0_actor_w=0.100 phase0_critic_w=0.100 phase0_fail_p50=69.0 curr_fail_p50=130.0 phase0_inflight_p50=31.0 phase0_success_cum=0.00000 disc_buffer_phase0=0.100 disc_train_phase0=0.100 phase0_complete=0.00000 disc_quota=1
[AMP_CREDIT] raw=0.55898 credit=0.01118 amp_raw_std=0.04059 actor_std=1.00000
[AMP_MASK] alive=196608 endpoint=138996 endpoint_cov=0.70697 warmup=57612 warmup_credited=57612 warmup_future_amp=38848 action_credit=196608 credit_cov=1.00000 credit_missing=0 reward_without_endpoint=0
[CRITIC] loss=0.09568 V=0.2161 target=0.2137 rmse=0.0407 ev=0.9205 grad=1.4255 grad_clip=0.4500
[DISC] loss=1.87570 bce=0.19016 gp=0.08110 accE=1.000 accP=0.997 reward_clamp=0.00000 replay=200000
[DISC_ENDPOINT] support=[15,324] current_p05/50/95=28.0/92.0/289.0 expert_p05/50/95=30.0/170.0/309.0 expert_n=32768 expert_uniform_tv=0.00879 expert_uniform_max=0.00261 current_expert_tv=0.26620 replay_expert_tv=0.26999 norm_expert_n=32768 norm_expert_uniform_tv=0.00701
[FCAMP_CONTRACT] fk_max=2.944e-05 policy_action_violation=0.000e+00 dirty_excluded=0 endpoint_gap=57612 credit_gap=0 replay_dirty=0 push_edges=0 replay_phase0=20000/20000 replay_curr=180000/180000
[TIME] collect=10.257s actor=2.509s critic=0.296s disc=1.517s gpu_peak=3.95GiB
[TRAIN_RESET] count=4138 phase0_frac=0.0822 p50=73.0 p95=264.0 target_count=311 target_nonzero=0 curriculum_p50=89.0
[PROGRESS] env_steps=13959168 iteration=14.657s throughput=13413.8
[UPDATE] 80/500 amp=0.59350 done=0.01988 ep_len=51.93
[FCAMP] policy=-0.00731 kl=0.015843 sample_kl=0.016164 ratio=1.0001 clip=0.2361 grad=0.5707 lr=0.000300
[GAUSSIAN_PATH_EXPLORATION] std=0.54966/0.66943/0.77111 std_h=0.66943/nan/nan/nan entropy=29.41311 path_rms=0.67343 path_h=0.67343/nan/nan/nan path_h3_h0=1.0000 command_rms=0.50133 command_h=0.50133/nan/nan/nan command_h3_h0=1.0000 bound_frac=0.00000/0.00000
[GAUSSIAN_PPO_H] kl=0.015843/nan/nan/nan clip=0.2361/nan/nan/nan ratio=1.0001/nan/nan/nan
[SAMPLER_PHASE] start_mean=122.22 start_min=0 start_max=323 top_bin=0 top_prob=0.37646 entropy=0.88439 failed_sum=161.362
[FCAMP_STREAM] phase0_env=0.100 phase0_valid_share=0.100 phase0_actor_w=0.100 phase0_critic_w=0.100 phase0_fail_p50=70.0 curr_fail_p50=140.0 phase0_inflight_p50=35.0 phase0_success_cum=0.00000 disc_buffer_phase0=0.100 disc_train_phase0=0.100 phase0_complete=0.00000 disc_quota=1
[AMP_CREDIT] raw=0.59350 credit=0.01187 amp_raw_std=0.04514 actor_std=1.00000
[AMP_MASK] alive=196608 endpoint=141836 endpoint_cov=0.72142 warmup=54772 warmup_credited=54772 warmup_future_amp=37690 action_credit=196608 credit_cov=1.00000 credit_missing=0 reward_without_endpoint=0
[CRITIC] loss=0.08975 V=0.2355 target=0.2342 rmse=0.0452 ev=0.9266 grad=0.4961 grad_clip=0.0500
[DISC] loss=1.70899 bce=0.19655 gp=0.06854 accE=1.000 accP=0.996 reward_clamp=0.00000 replay=200000
[DISC_ENDPOINT] support=[15,324] current_p05/50/95=29.0/96.0/291.0 expert_p05/50/95=30.0/170.0/309.0 expert_n=32768 expert_uniform_tv=0.00970 expert_uniform_max=0.00277 current_expert_tv=0.24612 replay_expert_tv=0.26492 norm_expert_n=32768 norm_expert_uniform_tv=0.00789
[FCAMP_CONTRACT] fk_max=2.956e-05 policy_action_violation=0.000e+00 dirty_excluded=0 endpoint_gap=54772 credit_gap=0 replay_dirty=0 push_edges=0 replay_phase0=20000/20000 replay_curr=180000/180000
[TIME] collect=10.028s actor=2.510s critic=0.299s disc=1.559s gpu_peak=3.96GiB
[TRAIN_RESET] count=3909 phase0_frac=0.0829 p50=74.0 p95=267.0 target_count=299 target_nonzero=0 curriculum_p50=88.0
[PROGRESS] env_steps=15925248 iteration=14.474s throughput=13583.9
[UPDATE] 90/500 amp=0.60771 done=0.01914 ep_len=50.20
[FCAMP] policy=-0.00698 kl=0.015303 sample_kl=0.015539 ratio=0.9998 clip=0.2294 grad=0.6132 lr=0.000300
[GAUSSIAN_PATH_EXPLORATION] std=0.53147/0.65823/0.76341 std_h=0.65823/nan/nan/nan entropy=28.90105 path_rms=0.66215 path_h=0.66215/nan/nan/nan path_h3_h0=1.0000 command_rms=0.49252 command_h=0.49252/nan/nan/nan command_h3_h0=1.0000 bound_frac=0.00000/0.00000
[GAUSSIAN_PPO_H] kl=0.015303/nan/nan/nan clip=0.2294/nan/nan/nan ratio=0.9998/nan/nan/nan
[SAMPLER_PHASE] start_mean=120.71 start_min=0 start_max=323 top_bin=0 top_prob=0.36533 entropy=0.88961 failed_sum=158.023
[FCAMP_STREAM] phase0_env=0.100 phase0_valid_share=0.100 phase0_actor_w=0.100 phase0_critic_w=0.100 phase0_fail_p50=70.0 curr_fail_p50=137.0 phase0_inflight_p50=34.0 phase0_success_cum=0.00000 disc_buffer_phase0=0.100 disc_train_phase0=0.100 phase0_complete=0.00000 disc_quota=1
[AMP_CREDIT] raw=0.60771 credit=0.01215 amp_raw_std=0.04798 actor_std=1.00001
[AMP_MASK] alive=196608 endpoint=143517 endpoint_cov=0.72997 warmup=53091 warmup_credited=53091 warmup_future_amp=36098 action_credit=196608 credit_cov=1.00000 credit_missing=0 reward_without_endpoint=0
[CRITIC] loss=0.09092 V=0.2610 target=0.2566 rmse=0.0482 ev=0.9321 grad=0.4146 grad_clip=0.0000
[DISC] loss=1.60102 bce=0.20132 gp=0.06155 accE=1.000 accP=0.996 reward_clamp=0.00000 replay=200000
[DISC_ENDPOINT] support=[15,324] current_p05/50/95=29.0/97.0/291.0 expert_p05/50/95=30.0/169.0/309.0 expert_n=32768 expert_uniform_tv=0.00583 expert_uniform_max=0.00193 current_expert_tv=0.23282 replay_expert_tv=0.26083 norm_expert_n=32768 norm_expert_uniform_tv=0.00778
[FCAMP_CONTRACT] fk_max=2.754e-05 policy_action_violation=0.000e+00 dirty_excluded=0 endpoint_gap=53091 credit_gap=0 replay_dirty=0 push_edges=0 replay_phase0=20000/20000 replay_curr=180000/180000
[TIME] collect=10.136s actor=2.483s critic=0.295s disc=1.494s gpu_peak=3.96GiB
[TRAIN_RESET] count=3763 phase0_frac=0.0882 p50=82.0 p95=268.0 target_count=298 target_nonzero=0 curriculum_p50=94.0
[PROGRESS] env_steps=17891328 iteration=14.482s throughput=13575.9
[UPDATE] 100/500 amp=0.60578 done=0.01907 ep_len=50.07
[FCAMP] policy=-0.00791 kl=0.013318 sample_kl=0.013508 ratio=1.0002 clip=0.2024 grad=0.6576 lr=0.000300
[GAUSSIAN_PATH_EXPLORATION] std=0.51342/0.64729/0.75619 std_h=0.64729/nan/nan/nan entropy=28.39984 path_rms=0.65206 path_h=0.65206/nan/nan/nan path_h3_h0=1.0000 command_rms=0.48570 command_h=0.48570/nan/nan/nan command_h3_h0=1.0000 bound_frac=0.00000/0.00000
[GAUSSIAN_PPO_H] kl=0.013318/nan/nan/nan clip=0.2024/nan/nan/nan ratio=1.0002/nan/nan/nan
[SAMPLER_PHASE] start_mean=125.28 start_min=0 start_max=323 top_bin=0 top_prob=0.35179 entropy=0.89539 failed_sum=154.434
[FCAMP_STREAM] phase0_env=0.100 phase0_valid_share=0.100 phase0_actor_w=0.100 phase0_critic_w=0.100 phase0_fail_p50=70.0 curr_fail_p50=143.0 phase0_inflight_p50=32.0 phase0_success_cum=0.00000 disc_buffer_phase0=0.100 disc_train_phase0=0.100 phase0_complete=0.00000 disc_quota=1
[AMP_CREDIT] raw=0.60578 credit=0.01212 amp_raw_std=0.04782 actor_std=1.00001
[AMP_MASK] alive=196608 endpoint=145041 endpoint_cov=0.73772 warmup=51567 warmup_credited=51567 warmup_future_amp=35108 action_credit=196608 credit_cov=1.00000 credit_missing=0 reward_without_endpoint=0
[CRITIC] loss=0.08851 V=0.2414 target=0.2445 rmse=0.0479 ev=0.9324 grad=0.7425 grad_clip=0.1500
[DISC] loss=1.50031 bce=0.20399 gp=0.05516 accE=1.000 accP=0.996 reward_clamp=0.00000 replay=200000
[DISC_ENDPOINT] support=[15,324] current_p05/50/95=30.0/105.0/291.0 expert_p05/50/95=30.0/169.0/309.0 expert_n=32768 expert_uniform_tv=0.00674 expert_uniform_max=0.00225 current_expert_tv=0.21140 replay_expert_tv=0.26071 norm_expert_n=32768 norm_expert_uniform_tv=0.00688
[FCAMP_CONTRACT] fk_max=2.700e-05 policy_action_violation=0.000e+00 dirty_excluded=0 endpoint_gap=51567 credit_gap=0 replay_dirty=0 push_edges=0 replay_phase0=20000/20000 replay_curr=180000/180000
[TIME] collect=10.052s actor=2.490s critic=0.296s disc=1.515s gpu_peak=3.97GiB
[TRAIN_RESET] count=3749 phase0_frac=0.0894 p50=79.0 p95=269.0 target_count=297 target_nonzero=0 curriculum_p50=94.0
[PROGRESS] env_steps=19857408 iteration=14.428s throughput=13627.0
[VALIDATION_START] update=100 max_steps=500 envs=8192 fixed_seed=0
[VALIDATION_RESET_START]
[VALIDATION_RESET_DONE] time=0.030s
[VALIDATION_PROGRESS] step=1/500 done=0.00000 alive=1.00000 elapsed=0.332s
[VALIDATION_PROGRESS] step=50/500 done=0.00000 alive=1.00000 elapsed=11.496s
[VALIDATION_PROGRESS] step=100/500 done=0.99841 alive=0.00159 elapsed=22.617s
[VALIDATION_PROGRESS] step=138/500 done=1.00000 alive=0.00000 elapsed=29.965s
[VALIDATION_DONE] update=100 time=30.021s
[VAL] steps_mean=73.25 steps_min=54 steps_p50=73 steps_p95=79 steps_max=138 fail_phase_mean=73.3 done=1.00000
[VAL_CAUSE] anchor_pos_bad=0.08411 anchor_ori_bad=0.00037 ee_body_bad=0.93530 pose_fail=nan time_out=0.00000 anchor_z=0.33575 anchor_grav=0.13098 ee_z_max=0.25883 ee_z_mean=0.13447
[VAL_FAIL] act_abs=2.69586 act_max=5.00000 root_pos=0.45073 root_ori=41.974deg anchor_pos=0.47416 anchor_ori=54.118deg joint_pos=0.28648 joint_vel=1.27226 body_pos=0.38498 body_pos_top=left_shoulder:0.59330 body_z=0.23679 body_z_top=right_shoulder:0.35831
[VAL_OUTCOME] failure=1.0000 motion_complete=0.0000 time_out=0.0000 steps_p50=73
[VAL_PHASE] failure_p50=73.0 failure_p95=79.0 anchor_pos_p50=73.0 anchor_ori_p50=99.0 ee_body_p50=73.0 motion_complete_p50=-1.0
[VAL_MOTION] window_mmd2_w16=0.4598877 window_mmd2_w32=0.3897267 raw_w16=0.4598877 raw_w32=0.3897267 pairs_w16=3231 pairs_w32=1204 gap_w16=16 gap_w32=32 phase_mean_w16=44.32 phase_max_w16=86.00 phase_mean_w32=52.37 phase_max_w32=86.00 progress_max_w16=0.2654 progress_max_w32=0.2654 progress_span_w16=0.2160 progress_span_w32=0.1667 samples_w16=7348 samples_w32=5300 selected_envs=128
[VAL_CHUNK_ACTION] delta_boundary=0.092890 delta_internal=-1.000000 delta_ratio=-1.0000 delta_boundary_p95=0.257075 delta_boundary_p99=0.418183 delta_internal_p95=-1.000000 delta_internal_p99=-1.000000 d2_boundary=0.074078 d2_internal=-1.000000 d2_ratio=-1.0000 d2_boundary_p95=0.229063 d2_boundary_p99=0.291467 d2_internal_p95=-1.000000 d2_internal_p99=-1.000000
[VAL_CHUNK_STATE] joint_vel_boundary=0.588167 joint_vel_internal=-1.000000 joint_vel_ratio=-1.0000 joint_vel_boundary_p95=1.520049 joint_vel_boundary_p99=2.572821 joint_vel_internal_p95=-1.000000 joint_vel_internal_p99=-1.000000 root_ang_boundary=0.401301 root_ang_internal=-1.000000 root_ang_ratio=-1.0000 root_ang_boundary_p95=1.147601 root_ang_boundary_p99=2.611635 root_ang_internal_p95=-1.000000 root_ang_internal_p99=-1.000000
[VAL_CHUNK_RESET] action_delta=0.598458 action_delta_p95=0.599597 joint_vel_jump=1.656252 joint_vel_jump_p95=1.677890 root_ang_vel_jump=1.460088 root_ang_vel_jump_p95=1.497760 joint_pos_error=0.028640 joint_vel_error=1.656459 root_ang_vel_error=1.460088
[VAL_OFFSET0] joint_pos=0.178682 joint_pos_p95=0.257133 joint_vel=1.049215 joint_vel_p95=1.978174 root_ang_vel=0.815795 root_ang_vel_p95=1.969162 count=600071
[VAL_OFFSET1] joint_pos=-1.000000 joint_pos_p95=-1.000000 joint_vel=-1.000000 joint_vel_p95=-1.000000 root_ang_vel=-1.000000 root_ang_vel_p95=-1.000000 count=0
[VAL_OFFSET2] joint_pos=-1.000000 joint_pos_p95=-1.000000 joint_vel=-1.000000 joint_vel_p95=-1.000000 root_ang_vel=-1.000000 root_ang_vel_p95=-1.000000 count=0
[VAL_OFFSET3] joint_pos=-1.000000 joint_pos_p95=-1.000000 joint_vel=-1.000000 joint_vel_p95=-1.000000 root_ang_vel=-1.000000 root_ang_vel_p95=-1.000000 count=0
[CHECKPOINT] saved /home/y/my_mimic_mixgrpo/my_mimic_mixgrpo_h1/runs/fcamp_gaussian_actionpath_h1_u500_s0_20260730_091746/checkpoints/update_0100.pt
[UPDATE] 110/500 amp=0.60468 done=0.01824 ep_len=54.77
[FCAMP] policy=-0.00610 kl=0.014921 sample_kl=0.015237 ratio=0.9994 clip=0.2121 grad=0.8844 lr=0.000133
[GAUSSIAN_PATH_EXPLORATION] std=0.50080/0.63696/0.75052 std_h=0.63696/nan/nan/nan entropy=27.90776 path_rms=0.64196 path_h=0.64196/nan/nan/nan path_h3_h0=1.0000 command_rms=0.47882 command_h=0.47882/nan/nan/nan command_h3_h0=1.0000 bound_frac=0.00000/0.00000
[GAUSSIAN_PPO_H] kl=0.014921/nan/nan/nan clip=0.2121/nan/nan/nan ratio=0.9994/nan/nan/nan
[SAMPLER_PHASE] start_mean=127.13 start_min=0 start_max=323 top_bin=0 top_prob=0.33695 entropy=0.90117 failed_sum=150.055
[FCAMP_STREAM] phase0_env=0.100 phase0_valid_share=0.100 phase0_actor_w=0.100 phase0_critic_w=0.100 phase0_fail_p50=70.0 curr_fail_p50=149.0 phase0_inflight_p50=33.0 phase0_success_cum=0.00000 disc_buffer_phase0=0.100 disc_train_phase0=0.100 phase0_complete=0.00000 disc_quota=1
[AMP_CREDIT] raw=0.60468 credit=0.01209 amp_raw_std=0.04935 actor_std=1.00001
[AMP_MASK] alive=196608 endpoint=146660 endpoint_cov=0.74595 warmup=49948 warmup_credited=49948 warmup_future_amp=34137 action_credit=196608 credit_cov=1.00000 credit_missing=0 reward_without_endpoint=0
[CRITIC] loss=0.08749 V=0.2673 target=0.2645 rmse=0.0494 ev=0.9365 grad=0.8693 grad_clip=0.4500
[DISC] loss=1.39947 bce=0.20473 gp=0.04861 accE=1.000 accP=0.997 reward_clamp=0.00000 replay=200000
[DISC_ENDPOINT] support=[15,324] current_p05/50/95=30.0/111.0/293.0 expert_p05/50/95=30.0/169.0/309.0 expert_n=32768 expert_uniform_tv=0.00619 expert_uniform_max=0.00173 current_expert_tv=0.19046 replay_expert_tv=0.25653 norm_expert_n=32768 norm_expert_uniform_tv=0.00618
[FCAMP_CONTRACT] fk_max=2.874e-05 policy_action_violation=0.000e+00 dirty_excluded=0 endpoint_gap=49948 credit_gap=0 replay_dirty=0 push_edges=0 replay_phase0=20000/20000 replay_curr=180000/180000
[TIME] collect=10.064s actor=2.510s critic=0.312s disc=1.506s gpu_peak=3.98GiB
[TRAIN_RESET] count=3587 phase0_frac=0.0828 p50=79.0 p95=269.0 target_count=275 target_nonzero=0 curriculum_p50=93.0
[PROGRESS] env_steps=21823488 iteration=14.469s throughput=13588.4
[UPDATE] 120/500 amp=0.60050 done=0.01756 ep_len=56.27
[FCAMP] policy=-0.00648 kl=0.015201 sample_kl=0.015428 ratio=0.9999 clip=0.2267 grad=0.8733 lr=0.000300
[GAUSSIAN_PATH_EXPLORATION] std=0.49080/0.62793/0.75102 std_h=0.62793/nan/nan/nan entropy=27.47281 path_rms=0.63330 path_h=0.63330/nan/nan/nan path_h3_h0=1.0000 command_rms=0.47318 command_h=0.47318/nan/nan/nan command_h3_h0=1.0000 bound_frac=0.00000/0.00000
[GAUSSIAN_PPO_H] kl=0.015201/nan/nan/nan clip=0.2267/nan/nan/nan ratio=0.9999/nan/nan/nan
[SAMPLER_PHASE] start_mean=131.25 start_min=0 start_max=323 top_bin=0 top_prob=0.32115 entropy=0.90702 failed_sum=145.321
[FCAMP_STREAM] phase0_env=0.100 phase0_valid_share=0.100 phase0_actor_w=0.100 phase0_critic_w=0.100 phase0_fail_p50=70.0 curr_fail_p50=157.0 phase0_inflight_p50=33.0 phase0_success_cum=0.00000 disc_buffer_phase0=0.100 disc_train_phase0=0.100 phase0_complete=0.00000 disc_quota=1
[AMP_CREDIT] raw=0.60050 credit=0.01201 amp_raw_std=0.05285 actor_std=1.00001
[AMP_MASK] alive=196608 endpoint=148146 endpoint_cov=0.75351 warmup=48462 warmup_credited=48462 warmup_future_amp=33357 action_credit=196608 credit_cov=1.00000 credit_missing=0 reward_without_endpoint=0
[CRITIC] loss=0.08836 V=0.2956 target=0.2897 rmse=0.0532 ev=0.9375 grad=0.6723 grad_clip=0.1000
[DISC] loss=1.32151 bce=0.20507 gp=0.04410 accE=1.000 accP=0.996 reward_clamp=0.00000 replay=200000
[DISC_ENDPOINT] support=[15,324] current_p05/50/95=31.0/116.0/294.0 expert_p05/50/95=29.0/169.0/309.0 expert_n=32768 expert_uniform_tv=0.00938 expert_uniform_max=0.00223 current_expert_tv=0.17709 replay_expert_tv=0.24988 norm_expert_n=32768 norm_expert_uniform_tv=0.00844
[FCAMP_CONTRACT] fk_max=2.889e-05 policy_action_violation=0.000e+00 dirty_excluded=0 endpoint_gap=48462 credit_gap=0 replay_dirty=0 push_edges=0 replay_phase0=20000/20000 replay_curr=180000/180000
[TIME] collect=10.062s actor=2.468s critic=0.295s disc=1.512s gpu_peak=3.98GiB
[TRAIN_RESET] count=3453 phase0_frac=0.0944 p50=89.0 p95=269.0 target_count=302 target_nonzero=0 curriculum_p50=104.0
[PROGRESS] env_steps=23789568 iteration=14.412s throughput=13642.3
[UPDATE] 130/500 amp=0.58037 done=0.01643 ep_len=59.47
[FCAMP] policy=-0.00611 kl=0.015865 sample_kl=0.016155 ratio=0.9996 clip=0.2337 grad=0.9305 lr=0.000300
[GAUSSIAN_PATH_EXPLORATION] std=0.48051/0.61956/0.75499 std_h=0.61956/nan/nan/nan entropy=27.07104 path_rms=0.62545 path_h=0.62545/nan/nan/nan path_h3_h0=1.0000 command_rms=0.46858 command_h=0.46858/nan/nan/nan command_h3_h0=1.0000 bound_frac=0.00000/0.00000
[GAUSSIAN_PPO_H] kl=0.015865/nan/nan/nan clip=0.2337/nan/nan/nan ratio=0.9996/nan/nan/nan
[SAMPLER_PHASE] start_mean=132.15 start_min=0 start_max=323 top_bin=0 top_prob=0.30447 entropy=0.91304 failed_sum=140.106
[FCAMP_STREAM] phase0_env=0.100 phase0_valid_share=0.100 phase0_actor_w=0.100 phase0_critic_w=0.100 phase0_fail_p50=70.0 curr_fail_p50=162.0 phase0_inflight_p50=35.0 phase0_success_cum=0.00000 disc_buffer_phase0=0.100 disc_train_phase0=0.100 phase0_complete=0.00000 disc_quota=1
[AMP_CREDIT] raw=0.58037 credit=0.01161 amp_raw_std=0.04900 actor_std=1.00000
[AMP_MASK] alive=196608 endpoint=151084 endpoint_cov=0.76845 warmup=45524 warmup_credited=45524 warmup_future_amp=31240 action_credit=196608 credit_cov=1.00000 credit_missing=0 reward_without_endpoint=0
[CRITIC] loss=0.08229 V=0.2876 target=0.2831 rmse=0.0492 ev=0.9414 grad=0.5763 grad_clip=0.0500
[DISC] loss=1.24821 bce=0.20347 gp=0.04003 accE=1.000 accP=0.996 reward_clamp=0.00000 replay=200000
[DISC_ENDPOINT] support=[15,324] current_p05/50/95=31.0/121.0/294.0 expert_p05/50/95=30.0/169.0/309.0 expert_n=32768 expert_uniform_tv=0.00778 expert_uniform_max=0.00252 current_expert_tv=0.16672 replay_expert_tv=0.25009 norm_expert_n=32768 norm_expert_uniform_tv=0.00950
[FCAMP_CONTRACT] fk_max=2.784e-05 policy_action_violation=0.000e+00 dirty_excluded=0 endpoint_gap=45524 credit_gap=0 replay_dirty=0 push_edges=0 replay_phase0=20000/20000 replay_curr=180000/180000
[TIME] collect=10.236s actor=2.547s critic=0.297s disc=1.512s gpu_peak=3.99GiB
[TRAIN_RESET] count=3231 phase0_frac=0.0956 p50=92.0 p95=271.0 target_count=282 target_nonzero=0 curriculum_p50=106.0
[PROGRESS] env_steps=25755648 iteration=14.667s throughput=13404.6
[UPDATE] 140/500 amp=0.57233 done=0.01600 ep_len=60.77
[FCAMP] policy=-0.00670 kl=0.015296 sample_kl=0.015566 ratio=0.9989 clip=0.2288 grad=0.9699 lr=0.000200
[GAUSSIAN_PATH_EXPLORATION] std=0.46874/0.61205/0.74942 std_h=0.61205/nan/nan/nan entropy=26.68614 path_rms=0.61759 path_h=0.61759/nan/nan/nan path_h3_h0=1.0000 command_rms=0.46385 command_h=0.46385/nan/nan/nan command_h3_h0=1.0000 bound_frac=0.00000/0.00000
[GAUSSIAN_PPO_H] kl=0.015296/nan/nan/nan clip=0.2288/nan/nan/nan ratio=0.9989/nan/nan/nan
[SAMPLER_PHASE] start_mean=136.76 start_min=0 start_max=323 top_bin=0 top_prob=0.28868 entropy=0.91862 failed_sum=134.671
[FCAMP_STREAM] phase0_env=0.100 phase0_valid_share=0.100 phase0_actor_w=0.100 phase0_critic_w=0.100 phase0_fail_p50=70.0 curr_fail_p50=172.0 phase0_inflight_p50=34.0 phase0_success_cum=0.00000 disc_buffer_phase0=0.100 disc_train_phase0=0.100 phase0_complete=0.00000 disc_quota=1
[AMP_CREDIT] raw=0.57233 credit=0.01145 amp_raw_std=0.05094 actor_std=1.00000
[AMP_MASK] alive=196608 endpoint=153545 endpoint_cov=0.78097 warmup=43063 warmup_credited=43063 warmup_future_amp=29091 action_credit=196608 credit_cov=1.00000 credit_missing=0 reward_without_endpoint=0
[CRITIC] loss=0.08896 V=0.3146 target=0.3085 rmse=0.0513 ev=0.9433 grad=1.2957 grad_clip=0.7000
[DISC] loss=1.18721 bce=0.20219 gp=0.03693 accE=1.000 accP=0.996 reward_clamp=0.00000 replay=200000
[DISC_ENDPOINT] support=[15,324] current_p05/50/95=32.0/130.0/295.0 expert_p05/50/95=30.0/171.0/310.0 expert_n=32768 expert_uniform_tv=0.00831 expert_uniform_max=0.00292 current_expert_tv=0.14581 replay_expert_tv=0.24622 norm_expert_n=32768 norm_expert_uniform_tv=0.00526
[FCAMP_CONTRACT] fk_max=2.915e-05 policy_action_violation=0.000e+00 dirty_excluded=0 endpoint_gap=43063 credit_gap=0 replay_dirty=0 push_edges=0 replay_phase0=20000/20000 replay_curr=180000/180000
[TIME] collect=10.201s actor=2.493s critic=0.299s disc=1.561s gpu_peak=3.99GiB
[TRAIN_RESET] count=3146 phase0_frac=0.0969 p50=94.0 p95=271.0 target_count=289 target_nonzero=0 curriculum_p50=109.0
[PROGRESS] env_steps=27721728 iteration=14.630s throughput=13439.0
[UPDATE] 150/500 amp=0.56760 done=0.01506 ep_len=67.73
[FCAMP] policy=-0.00697 kl=0.013357 sample_kl=0.013543 ratio=0.9999 clip=0.2000 grad=1.0427 lr=0.000200
[GAUSSIAN_PATH_EXPLORATION] std=0.46116/0.60574/0.74585 std_h=0.60574/nan/nan/nan entropy=26.36354 path_rms=0.61150 path_h=0.61150/nan/nan/nan path_h3_h0=1.0000 command_rms=0.46045 command_h=0.46045/nan/nan/nan command_h3_h0=1.0000 bound_frac=0.00000/0.00000
[GAUSSIAN_PPO_H] kl=0.013357/nan/nan/nan clip=0.2000/nan/nan/nan ratio=0.9999/nan/nan/nan
[SAMPLER_PHASE] start_mean=139.47 start_min=0 start_max=323 top_bin=0 top_prob=0.27266 entropy=0.92425 failed_sum=128.777
[FCAMP_STREAM] phase0_env=0.100 phase0_valid_share=0.100 phase0_actor_w=0.100 phase0_critic_w=0.100 phase0_fail_p50=71.0 curr_fail_p50=182.0 phase0_inflight_p50=35.0 phase0_success_cum=0.00000 disc_buffer_phase0=0.100 disc_train_phase0=0.100 phase0_complete=0.00000 disc_quota=1
[AMP_CREDIT] raw=0.56760 credit=0.01135 amp_raw_std=0.05537 actor_std=1.00000
[AMP_MASK] alive=196608 endpoint=155470 endpoint_cov=0.79076 warmup=41138 warmup_credited=41138 warmup_future_amp=28127 action_credit=196608 credit_cov=1.00000 credit_missing=0 reward_without_endpoint=0
[CRITIC] loss=0.09144 V=0.3166 target=0.3115 rmse=0.0556 ev=0.9392 grad=1.6278 grad_clip=0.9500
[DISC] loss=1.13139 bce=0.20265 gp=0.03399 accE=1.000 accP=0.994 reward_clamp=0.00000 replay=200000
[DISC_ENDPOINT] support=[15,324] current_p05/50/95=32.0/137.0/295.0 expert_p05/50/95=30.0/170.0/309.0 expert_n=32768 expert_uniform_tv=0.00671 expert_uniform_max=0.00253 current_expert_tv=0.14313 replay_expert_tv=0.23392 norm_expert_n=32768 norm_expert_uniform_tv=0.00944
[FCAMP_CONTRACT] fk_max=2.807e-05 policy_action_violation=0.000e+00 dirty_excluded=0 endpoint_gap=41138 credit_gap=0 replay_dirty=0 push_edges=0 replay_phase0=20000/20000 replay_curr=180000/180000
[TIME] collect=10.355s actor=2.494s critic=0.296s disc=1.522s gpu_peak=4.00GiB
[TRAIN_RESET] count=2960 phase0_frac=0.0939 p50=100.0 p95=270.0 target_count=267 target_nonzero=0 curriculum_p50=116.0
[PROGRESS] env_steps=29687808 iteration=14.742s throughput=13336.6
[VALIDATION_START] update=150 max_steps=500 envs=8192 fixed_seed=0
[VALIDATION_RESET_START]
[VALIDATION_RESET_DONE] time=0.030s
[VALIDATION_PROGRESS] step=1/500 done=0.00000 alive=1.00000 elapsed=0.312s
[VALIDATION_PROGRESS] step=50/500 done=0.00488 alive=0.99512 elapsed=9.464s
[VALIDATION_PROGRESS] step=100/500 done=0.84753 alive=0.15247 elapsed=19.822s
[VALIDATION_PROGRESS] step=150/500 done=0.99170 alive=0.00830 elapsed=29.790s
[VALIDATION_PROGRESS] step=200/500 done=0.99854 alive=0.00146 elapsed=39.017s
[VALIDATION_PROGRESS] step=232/500 done=1.00000 alive=0.00000 elapsed=44.842s
[VALIDATION_DONE] update=150 time=44.898s
[VAL] steps_mean=84.89 steps_min=45 steps_p50=82 steps_p95=117 steps_max=232 fail_phase_mean=84.9 done=1.00000
[VAL_CAUSE] anchor_pos_bad=0.04663 anchor_ori_bad=0.04077 ee_body_bad=0.96594 pose_fail=nan time_out=0.00000 anchor_z=0.32435 anchor_grav=0.48050 ee_z_max=0.26565 ee_z_mean=0.15285
[VAL_FAIL] act_abs=2.51602 act_max=5.00000 root_pos=0.55377 root_ori=59.342deg anchor_pos=0.59063 anchor_ori=80.369deg joint_pos=0.27445 joint_vel=1.32619 body_pos=0.53463 body_pos_top=left_shoulder:0.87292 body_z=0.24916 body_z_top=right_shoulder:0.52433
[VAL_OUTCOME] failure=1.0000 motion_complete=0.0000 time_out=0.0000 steps_p50=82
[VAL_PHASE] failure_p50=82.0 failure_p95=117.0 anchor_pos_p50=76.0 anchor_ori_p50=108.0 ee_body_p50=82.0 motion_complete_p50=-1.0
[VAL_MOTION] window_mmd2_w16=0.4022107 window_mmd2_w32=0.3471482 raw_w16=0.4022107 raw_w32=0.3471482 pairs_w16=3866 pairs_w32=2228 gap_w16=16 gap_w32=32 phase_mean_w16=51.45 phase_max_w16=148.00 phase_mean_w32=60.21 phase_max_w32=148.00 progress_max_w16=0.4568 progress_max_w32=0.4568 progress_span_w16=0.4074 progress_span_w32=0.3580 samples_w16=8586 samples_w32=6538 selected_envs=128
[VAL_CHUNK_ACTION] delta_boundary=0.112529 delta_internal=-1.000000 delta_ratio=-1.0000 delta_boundary_p95=0.314802 delta_boundary_p99=0.457595 delta_internal_p95=-1.000000 delta_internal_p99=-1.000000 d2_boundary=0.101276 d2_internal=-1.000000 d2_ratio=-1.0000 d2_boundary_p95=0.311351 d2_boundary_p99=0.526741 d2_internal_p95=-1.000000 d2_internal_p99=-1.000000
[VAL_CHUNK_STATE] joint_vel_boundary=0.637435 joint_vel_internal=-1.000000 joint_vel_ratio=-1.0000 joint_vel_boundary_p95=1.909680 joint_vel_boundary_p99=2.699514 joint_vel_internal_p95=-1.000000 joint_vel_internal_p99=-1.000000 root_ang_boundary=0.441734 root_ang_internal=-1.000000 root_ang_ratio=-1.0000 root_ang_boundary_p95=1.305017 root_ang_boundary_p99=2.307813 root_ang_internal_p95=-1.000000 root_ang_internal_p99=-1.000000
[VAL_CHUNK_RESET] action_delta=0.713873 action_delta_p95=0.715414 joint_vel_jump=1.899930 joint_vel_jump_p95=1.928296 root_ang_vel_jump=1.728184 root_ang_vel_jump_p95=1.777663 joint_pos_error=0.030590 joint_vel_error=1.901375 root_ang_vel_error=1.728184
[VAL_OFFSET0] joint_pos=0.178071 joint_pos_p95=0.277112 joint_vel=1.064913 joint_vel_p95=2.423278 root_ang_vel=0.924957 root_ang_vel_p95=2.415606 count=695424
[VAL_OFFSET1] joint_pos=-1.000000 joint_pos_p95=-1.000000 joint_vel=-1.000000 joint_vel_p95=-1.000000 root_ang_vel=-1.000000 root_ang_vel_p95=-1.000000 count=0
[VAL_OFFSET2] joint_pos=-1.000000 joint_pos_p95=-1.000000 joint_vel=-1.000000 joint_vel_p95=-1.000000 root_ang_vel=-1.000000 root_ang_vel_p95=-1.000000 count=0
[VAL_OFFSET3] joint_pos=-1.000000 joint_pos_p95=-1.000000 joint_vel=-1.000000 joint_vel_p95=-1.000000 root_ang_vel=-1.000000 root_ang_vel_p95=-1.000000 count=0
[CHECKPOINT] saved /home/y/my_mimic_mixgrpo/my_mimic_mixgrpo_h1/runs/fcamp_gaussian_actionpath_h1_u500_s0_20260730_091746/checkpoints/update_0150.pt
[UPDATE] 160/500 amp=0.55044 done=0.01417 ep_len=70.68
[FCAMP] policy=-0.00893 kl=0.012215 sample_kl=0.012443 ratio=0.9993 clip=0.1857 grad=0.9174 lr=0.000200
[GAUSSIAN_PATH_EXPLORATION] std=0.45390/0.59859/0.74560 std_h=0.59859/nan/nan/nan entropy=26.01198 path_rms=0.60515 path_h=0.60515/nan/nan/nan path_h3_h0=1.0000 command_rms=0.45779 command_h=0.45779/nan/nan/nan command_h3_h0=1.0000 bound_frac=0.00000/0.00000
[GAUSSIAN_PPO_H] kl=0.012215/nan/nan/nan clip=0.1857/nan/nan/nan ratio=0.9993/nan/nan/nan
[SAMPLER_PHASE] start_mean=144.62 start_min=0 start_max=323 top_bin=0 top_prob=0.25776 entropy=0.92930 failed_sum=122.444
[FCAMP_STREAM] phase0_env=0.100 phase0_valid_share=0.100 phase0_actor_w=0.100 phase0_critic_w=0.100 phase0_fail_p50=71.0 curr_fail_p50=204.0 phase0_inflight_p50=34.0 phase0_success_cum=0.00000 disc_buffer_phase0=0.100 disc_train_phase0=0.100 phase0_complete=0.00000 disc_quota=1
[AMP_CREDIT] raw=0.55044 credit=0.01101 amp_raw_std=0.05331 actor_std=1.00000
[AMP_MASK] alive=196608 endpoint=158098 endpoint_cov=0.80413 warmup=38510 warmup_credited=38510 warmup_future_amp=26044 action_credit=196608 credit_cov=1.00000 credit_missing=0 reward_without_endpoint=0
[CRITIC] loss=0.08442 V=0.3233 target=0.3195 rmse=0.0534 ev=0.9446 grad=0.6957 grad_clip=0.1500
[DISC] loss=1.08890 bce=0.20187 gp=0.03233 accE=1.000 accP=0.993 reward_clamp=0.00000 replay=200000
[DISC_ENDPOINT] support=[15,324] current_p05/50/95=34.0/150.0/294.0 expert_p05/50/95=29.0/169.0/309.0 expert_n=32768 expert_uniform_tv=0.01158 expert_uniform_max=0.00282 current_expert_tv=0.15271 replay_expert_tv=0.23065 norm_expert_n=32768 norm_expert_uniform_tv=0.00637
[FCAMP_CONTRACT] fk_max=2.804e-05 policy_action_violation=0.000e+00 dirty_excluded=0 endpoint_gap=38510 credit_gap=0 replay_dirty=0 push_edges=0 replay_phase0=20000/20000 replay_curr=180000/180000
[TIME] collect=10.176s actor=2.482s critic=0.296s disc=1.532s gpu_peak=4.01GiB
[TRAIN_RESET] count=2785 phase0_frac=0.1066 p50=105.0 p95=269.0 target_count=281 target_nonzero=0 curriculum_p50=124.0
[PROGRESS] env_steps=31653888 iteration=14.561s throughput=13502.4
[UPDATE] 170/500 amp=0.55127 done=0.01329 ep_len=75.86
[FCAMP] policy=-0.00679 kl=0.016108 sample_kl=0.016380 ratio=0.9994 clip=0.2391 grad=1.1151 lr=0.000200
[GAUSSIAN_PATH_EXPLORATION] std=0.44253/0.59152/0.74431 std_h=0.59152/nan/nan/nan entropy=25.64277 path_rms=0.59797 path_h=0.59797/nan/nan/nan path_h3_h0=1.0000 command_rms=0.45457 command_h=0.45457/nan/nan/nan command_h3_h0=1.0000 bound_frac=0.00000/0.00000
[GAUSSIAN_PPO_H] kl=0.016108/nan/nan/nan clip=0.2391/nan/nan/nan ratio=0.9994/nan/nan/nan
[SAMPLER_PHASE] start_mean=148.14 start_min=0 start_max=323 top_bin=0 top_prob=0.24257 entropy=0.93364 failed_sum=116.094
[FCAMP_STREAM] phase0_env=0.100 phase0_valid_share=0.100 phase0_actor_w=0.100 phase0_critic_w=0.100 phase0_fail_p50=71.0 curr_fail_p50=228.0 phase0_inflight_p50=35.0 phase0_success_cum=0.00000 disc_buffer_phase0=0.100 disc_train_phase0=0.100 phase0_complete=0.00000 disc_quota=1
[AMP_CREDIT] raw=0.55127 credit=0.01103 amp_raw_std=0.04878 actor_std=1.00000
[AMP_MASK] alive=196608 endpoint=159627 endpoint_cov=0.81190 warmup=36981 warmup_credited=36981 warmup_future_amp=25120 action_credit=196608 credit_cov=1.00000 credit_missing=0 reward_without_endpoint=0
[CRITIC] loss=0.07700 V=0.3227 target=0.3265 rmse=0.0489 ev=0.9447 grad=0.6633 grad_clip=0.0000
[DISC] loss=1.04214 bce=0.20240 gp=0.02999 accE=1.000 accP=0.992 reward_clamp=0.00000 replay=200000
[DISC_ENDPOINT] support=[15,324] current_p05/50/95=34.0/158.0/293.0 expert_p05/50/95=30.0/171.0/309.0 expert_n=32768 expert_uniform_tv=0.00794 expert_uniform_max=0.00361 current_expert_tv=0.15665 replay_expert_tv=0.22174 norm_expert_n=32768 norm_expert_uniform_tv=0.00817
[FCAMP_CONTRACT] fk_max=2.992e-05 policy_action_violation=0.000e+00 dirty_excluded=0 endpoint_gap=36981 credit_gap=0 replay_dirty=0 push_edges=0 replay_phase0=20000/20000 replay_curr=180000/180000
[TIME] collect=10.192s actor=2.468s critic=0.296s disc=1.550s gpu_peak=4.01GiB
[TRAIN_RESET] count=2612 phase0_frac=0.1060 p50=110.0 p95=270.0 target_count=263 target_nonzero=0 curriculum_p50=129.0
[PROGRESS] env_steps=33619968 iteration=14.581s throughput=13483.7
[UPDATE] 180/500 amp=0.55727 done=0.01300 ep_len=77.03
[FCAMP] policy=-0.00688 kl=0.015136 sample_kl=0.015393 ratio=0.9994 clip=0.2222 grad=1.1787 lr=0.000200
[GAUSSIAN_PATH_EXPLORATION] std=0.43306/0.58575/0.74516 std_h=0.58575/nan/nan/nan entropy=25.33239 path_rms=0.59235 path_h=0.59235/nan/nan/nan path_h3_h0=1.0000 command_rms=0.45045 command_h=0.45045/nan/nan/nan command_h3_h0=1.0000 bound_frac=0.00000/0.00000
[GAUSSIAN_PPO_H] kl=0.015136/nan/nan/nan clip=0.2222/nan/nan/nan ratio=0.9994/nan/nan/nan
[SAMPLER_PHASE] start_mean=153.21 start_min=0 start_max=323 top_bin=0 top_prob=0.22847 entropy=0.93793 failed_sum=110.039
[FCAMP_STREAM] phase0_env=0.100 phase0_valid_share=0.100 phase0_actor_w=0.100 phase0_critic_w=0.100 phase0_fail_p50=70.0 curr_fail_p50=230.0 phase0_inflight_p50=37.0 phase0_success_cum=0.00000 disc_buffer_phase0=0.100 disc_train_phase0=0.100 phase0_complete=0.00000 disc_quota=1
[AMP_CREDIT] raw=0.55727 credit=0.01115 amp_raw_std=0.05315 actor_std=1.00000
[AMP_MASK] alive=196608 endpoint=161189 endpoint_cov=0.81985 warmup=35419 warmup_credited=35419 warmup_future_amp=24208 action_credit=196608 credit_cov=1.00000 credit_missing=0 reward_without_endpoint=0
[CRITIC] loss=0.08280 V=0.3743 target=0.3708 rmse=0.0533 ev=0.9504 grad=0.6657 grad_clip=0.0000
[DISC] loss=1.00092 bce=0.20482 gp=0.02786 accE=1.000 accP=0.988 reward_clamp=0.00000 replay=200000
[DISC_ENDPOINT] support=[15,324] current_p05/50/95=36.0/165.0/293.7 expert_p05/50/95=31.0/169.0/309.0 expert_n=32768 expert_uniform_tv=0.00900 expert_uniform_max=0.00269 current_expert_tv=0.15558 replay_expert_tv=0.20938 norm_expert_n=32768 norm_expert_uniform_tv=0.01171
[FCAMP_CONTRACT] fk_max=2.694e-05 policy_action_violation=0.000e+00 dirty_excluded=0 endpoint_gap=35419 credit_gap=0 replay_dirty=0 push_edges=0 replay_phase0=20000/20000 replay_curr=180000/180000
[TIME] collect=11.259s actor=2.608s critic=0.304s disc=1.695s gpu_peak=4.01GiB
[TRAIN_RESET] count=2555 phase0_frac=0.1104 p50=115.0 p95=270.0 target_count=275 target_nonzero=0 curriculum_p50=133.0
[PROGRESS] env_steps=35586048 iteration=15.945s throughput=12330.3
[UPDATE] 190/500 amp=0.55908 done=0.01216 ep_len=80.16
[FCAMP] policy=-0.00857 kl=0.014444 sample_kl=0.014700 ratio=0.9995 clip=0.2178 grad=1.1348 lr=0.000200
[GAUSSIAN_PATH_EXPLORATION] std=0.42446/0.57934/0.74229 std_h=0.57934/nan/nan/nan entropy=24.99984 path_rms=0.58664 path_h=0.58664/nan/nan/nan path_h3_h0=1.0000 command_rms=0.44796 command_h=0.44796/nan/nan/nan command_h3_h0=1.0000 bound_frac=0.00000/0.00000
[GAUSSIAN_PPO_H] kl=0.014444/nan/nan/nan clip=0.2178/nan/nan/nan ratio=0.9995/nan/nan/nan
[SAMPLER_PHASE] start_mean=155.74 start_min=0 start_max=323 top_bin=3 top_prob=0.21509 entropy=0.94050 failed_sum=104.240
[FCAMP_STREAM] phase0_env=0.100 phase0_valid_share=0.100 phase0_actor_w=0.100 phase0_critic_w=0.100 phase0_fail_p50=71.0 curr_fail_p50=231.0 phase0_inflight_p50=38.0 phase0_success_cum=0.00000 disc_buffer_phase0=0.100 disc_train_phase0=0.100 phase0_complete=0.00000 disc_quota=1
[AMP_CREDIT] raw=0.55908 credit=0.01118 amp_raw_std=0.05395 actor_std=1.00000
[AMP_MASK] alive=196608 endpoint=162633 endpoint_cov=0.82719 warmup=33975 warmup_credited=33975 warmup_future_amp=23361 action_credit=196608 credit_cov=1.00000 credit_missing=0 reward_without_endpoint=0
[CRITIC] loss=0.08258 V=0.4050 target=0.3996 rmse=0.0542 ev=0.9565 grad=0.4900 grad_clip=0.0000
[DISC] loss=0.96428 bce=0.20497 gp=0.02629 accE=1.000 accP=0.990 reward_clamp=0.00000 replay=200000
[DISC_ENDPOINT] support=[15,324] current_p05/50/95=36.0/171.0/292.0 expert_p05/50/95=30.0/170.0/309.0 expert_n=32768 expert_uniform_tv=0.01018 expert_uniform_max=0.00329 current_expert_tv=0.16809 replay_expert_tv=0.19833 norm_expert_n=32768 norm_expert_uniform_tv=0.00975
[FCAMP_CONTRACT] fk_max=2.883e-05 policy_action_violation=0.000e+00 dirty_excluded=0 endpoint_gap=33975 credit_gap=0 replay_dirty=0 push_edges=0 replay_phase0=20000/20000 replay_curr=180000/180000
[TIME] collect=10.988s actor=2.568s critic=0.305s disc=1.668s gpu_peak=4.02GiB
[TRAIN_RESET] count=2391 phase0_frac=0.1083 p50=123.0 p95=271.0 target_count=242 target_nonzero=0 curriculum_p50=140.0
[PROGRESS] env_steps=37552128 iteration=15.608s throughput=12596.8
[UPDATE] 200/500 amp=0.56160 done=0.01198 ep_len=84.50
[FCAMP] policy=-0.00826 kl=0.014259 sample_kl=0.014485 ratio=0.9998 clip=0.2136 grad=1.1117 lr=0.000200
[GAUSSIAN_PATH_EXPLORATION] std=0.41796/0.57415/0.74336 std_h=0.57415/nan/nan/nan entropy=24.71573 path_rms=0.58153 path_h=0.58153/nan/nan/nan path_h3_h0=1.0000 command_rms=0.44323 command_h=0.44323/nan/nan/nan command_h3_h0=1.0000 bound_frac=0.00000/0.00000
[GAUSSIAN_PPO_H] kl=0.014259/nan/nan/nan clip=0.2136/nan/nan/nan ratio=0.9998/nan/nan/nan
[SAMPLER_PHASE] start_mean=161.58 start_min=0 start_max=323 top_bin=3 top_prob=0.22239 entropy=0.94259 failed_sum=99.165
[FCAMP_STREAM] phase0_env=0.100 phase0_valid_share=0.100 phase0_actor_w=0.100 phase0_critic_w=0.100 phase0_fail_p50=71.0 curr_fail_p50=233.0 phase0_inflight_p50=39.0 phase0_success_cum=0.00000 disc_buffer_phase0=0.100 disc_train_phase0=0.100 phase0_complete=0.00000 disc_quota=1
[AMP_CREDIT] raw=0.56160 credit=0.01123 amp_raw_std=0.05298 actor_std=1.00000
[AMP_MASK] alive=196608 endpoint=163614 endpoint_cov=0.83218 warmup=32994 warmup_credited=32994 warmup_future_amp=22712 action_credit=196608 credit_cov=1.00000 credit_missing=0 reward_without_endpoint=0
[CRITIC] loss=0.08067 V=0.3735 target=0.3743 rmse=0.0530 ev=0.9536 grad=0.7092 grad_clip=0.1000
[DISC] loss=0.93144 bce=0.20676 gp=0.02481 accE=1.000 accP=0.986 reward_clamp=0.00000 replay=200000
[DISC_ENDPOINT] support=[15,324] current_p05/50/95=37.0/176.0/293.0 expert_p05/50/95=29.0/169.0/309.0 expert_n=32768 expert_uniform_tv=0.01046 expert_uniform_max=0.00305 current_expert_tv=0.14752 replay_expert_tv=0.18674 norm_expert_n=32768 norm_expert_uniform_tv=0.00777
[FCAMP_CONTRACT] fk_max=3.004e-05 policy_action_violation=0.000e+00 dirty_excluded=0 endpoint_gap=32994 credit_gap=0 replay_dirty=0 push_edges=0 replay_phase0=20000/20000 replay_curr=180000/180000
[TIME] collect=11.009s actor=2.596s critic=0.304s disc=1.675s gpu_peak=4.02GiB
[TRAIN_RESET] count=2355 phase0_frac=0.1091 p50=142.0 p95=273.0 target_count=246 target_nonzero=0 curriculum_p50=154.0
[PROGRESS] env_steps=39518208 iteration=15.665s throughput=12550.8
[VALIDATION_START] update=200 max_steps=500 envs=8192 fixed_seed=0
[VALIDATION_RESET_START]
[VALIDATION_RESET_DONE] time=0.035s
[VALIDATION_PROGRESS] step=1/500 done=0.00000 alive=1.00000 elapsed=0.335s
[VALIDATION_PROGRESS] step=50/500 done=0.00000 alive=1.00000 elapsed=10.509s
[VALIDATION_PROGRESS] step=100/500 done=0.42737 alive=0.57263 elapsed=21.545s
[VALIDATION_PROGRESS] step=150/500 done=0.74268 alive=0.25732 elapsed=33.081s
[VALIDATION_PROGRESS] step=200/500 done=0.81458 alive=0.18542 elapsed=43.558s
[VALIDATION_PROGRESS] step=250/500 done=0.98914 alive=0.01086 elapsed=53.864s
[VALIDATION_PROGRESS] step=300/500 done=0.99841 alive=0.00159 elapsed=63.931s
[VALIDATION_PROGRESS] step=303/500 done=1.00000 alive=0.00000 elapsed=64.537s
[VALIDATION_DONE] update=200 time=64.601s
[VAL] steps_mean=126.43 steps_min=59 steps_p50=106 steps_p95=234 steps_max=303 fail_phase_mean=126.4 done=1.00000
[VAL_CAUSE] anchor_pos_bad=0.01685 anchor_ori_bad=0.19153 ee_body_bad=0.84998 pose_fail=nan time_out=0.00000 anchor_z=0.20135 anchor_grav=0.51782 ee_z_max=0.24872 ee_z_mean=0.13127
[VAL_FAIL] act_abs=2.24601 act_max=5.00000 root_pos=0.61054 root_ori=46.336deg anchor_pos=0.63032 anchor_ori=58.339deg joint_pos=0.24884 joint_vel=1.16022 body_pos=0.60823 body_pos_top=left_shoulder:0.80092 body_z=0.17855 body_z_top=right_shoulder:0.34965
[VAL_OUTCOME] failure=1.0000 motion_complete=0.0000 time_out=0.0000 steps_p50=106
[VAL_PHASE] failure_p50=106.0 failure_p95=234.0 anchor_pos_p50=75.0 anchor_ori_p50=109.0 ee_body_p50=104.0 motion_complete_p50=-1.0
[VAL_MOTION] window_mmd2_w16=0.4115576 window_mmd2_w32=0.3206710 raw_w16=0.4115576 raw_w32=0.3206710 pairs_w16=6629 pairs_w32=5151 gap_w16=16 gap_w32=32 phase_mean_w16=87.09 phase_max_w16=299.00 phase_mean_w32=97.80 phase_max_w32=299.00 progress_max_w16=0.9228 progress_max_w32=0.9228 progress_span_w16=0.8735 progress_span_w32=0.8241 samples_w16=14203 samples_w32=12155 selected_envs=128
[VAL_CHUNK_ACTION] delta_boundary=0.135329 delta_internal=-1.000000 delta_ratio=-1.0000 delta_boundary_p95=0.326799 delta_boundary_p99=0.454116 delta_internal_p95=-1.000000 delta_internal_p99=-1.000000 d2_boundary=0.137977 d2_internal=-1.000000 d2_ratio=-1.0000 d2_boundary_p95=0.331189 d2_boundary_p99=0.454787 d2_internal_p95=-1.000000 d2_internal_p99=-1.000000
[VAL_CHUNK_STATE] joint_vel_boundary=0.627648 joint_vel_internal=-1.000000 joint_vel_ratio=-1.0000 joint_vel_boundary_p95=1.666084 joint_vel_boundary_p99=2.873719 joint_vel_internal_p95=-1.000000 joint_vel_internal_p99=-1.000000 root_ang_boundary=0.489836 root_ang_internal=-1.000000 root_ang_ratio=-1.0000 root_ang_boundary_p95=1.349147 root_ang_boundary_p99=2.573146 root_ang_internal_p95=-1.000000 root_ang_internal_p99=-1.000000
[VAL_CHUNK_RESET] action_delta=0.787824 action_delta_p95=0.789321 joint_vel_jump=1.957053 joint_vel_jump_p95=1.997798 root_ang_vel_jump=1.896429 root_ang_vel_jump_p95=1.958541 joint_pos_error=0.031624 joint_vel_error=1.973411 root_ang_vel_error=1.896429
[VAL_OFFSET0] joint_pos=0.164573 joint_pos_p95=0.234597 joint_vel=1.016106 joint_vel_p95=2.162704 root_ang_vel=0.927841 root_ang_vel_p95=2.395515 count=1035751
[VAL_OFFSET1] joint_pos=-1.000000 joint_pos_p95=-1.000000 joint_vel=-1.000000 joint_vel_p95=-1.000000 root_ang_vel=-1.000000 root_ang_vel_p95=-1.000000 count=0
[VAL_OFFSET2] joint_pos=-1.000000 joint_pos_p95=-1.000000 joint_vel=-1.000000 joint_vel_p95=-1.000000 root_ang_vel=-1.000000 root_ang_vel_p95=-1.000000 count=0
[VAL_OFFSET3] joint_pos=-1.000000 joint_pos_p95=-1.000000 joint_vel=-1.000000 joint_vel_p95=-1.000000 root_ang_vel=-1.000000 root_ang_vel_p95=-1.000000 count=0
[CHECKPOINT] saved /home/y/my_mimic_mixgrpo/my_mimic_mixgrpo_h1/runs/fcamp_gaussian_actionpath_h1_u500_s0_20260730_091746/checkpoints/update_0200.pt
[UPDATE] 210/500 amp=0.55239 done=0.01176 ep_len=88.37
[FCAMP] policy=-0.00808 kl=0.014339 sample_kl=0.014580 ratio=1.0000 clip=0.2141 grad=1.1505 lr=0.000200
[GAUSSIAN_PATH_EXPLORATION] std=0.41180/0.56895/0.73887 std_h=0.56895/nan/nan/nan entropy=24.43411 path_rms=0.57681 path_h=0.57681/nan/nan/nan path_h3_h0=1.0000 command_rms=0.43758 command_h=0.43758/nan/nan/nan command_h3_h0=1.0000 bound_frac=0.00000/0.00000
[GAUSSIAN_PPO_H] kl=0.014339/nan/nan/nan clip=0.2141/nan/nan/nan ratio=1.0000/nan/nan/nan
[SAMPLER_PHASE] start_mean=167.26 start_min=0 start_max=323 top_bin=3 top_prob=0.21993 entropy=0.94218 failed_sum=94.816
[FCAMP_STREAM] phase0_env=0.100 phase0_valid_share=0.100 phase0_actor_w=0.100 phase0_critic_w=0.100 phase0_fail_p50=70.0 curr_fail_p50=234.0 phase0_inflight_p50=40.0 phase0_success_cum=0.00000 disc_buffer_phase0=0.100 disc_train_phase0=0.100 phase0_complete=0.00000 disc_quota=1
[AMP_CREDIT] raw=0.55239 credit=0.01105 amp_raw_std=0.05096 actor_std=0.99999
[AMP_MASK] alive=196608 endpoint=164947 endpoint_cov=0.83896 warmup=31661 warmup_credited=31661 warmup_future_amp=21632 action_credit=196608 credit_cov=1.00000 credit_missing=0 reward_without_endpoint=0
[CRITIC] loss=0.08081 V=0.3750 target=0.3772 rmse=0.0510 ev=0.9595 grad=1.3732 grad_clip=0.7500
[DISC] loss=0.90076 bce=0.20687 gp=0.02362 accE=1.000 accP=0.988 reward_clamp=0.00000 replay=200000
[DISC_ENDPOINT] support=[15,324] current_p05/50/95=38.0/184.0/294.0 expert_p05/50/95=30.0/170.0/309.0 expert_n=32768 expert_uniform_tv=0.00915 expert_uniform_max=0.00274 current_expert_tv=0.13409 replay_expert_tv=0.17798 norm_expert_n=32768 norm_expert_uniform_tv=0.00748
[FCAMP_CONTRACT] fk_max=2.941e-05 policy_action_violation=0.000e+00 dirty_excluded=0 endpoint_gap=31661 credit_gap=0 replay_dirty=0 push_edges=0 replay_phase0=20000/20000 replay_curr=180000/180000
[TIME] collect=11.170s actor=2.708s critic=0.309s disc=1.688s gpu_peak=4.02GiB
[TRAIN_RESET] count=2312 phase0_frac=0.1151 p50=147.0 p95=272.0 target_count=256 target_nonzero=0 curriculum_p50=158.0
[PROGRESS] env_steps=41484288 iteration=15.955s throughput=12322.4
