[INFO] run_dir=/home/y/my_mimic_mixgrpo/my_mimic_mixgrpo_h1/runs/sfpo_v6_fp0_500
[INFO] log_file=/home/y/my_mimic_mixgrpo/my_mimic_mixgrpo_h1/runs/sfpo_v6_fp0_500/logs/train.log
[INFO] algorithm=sfpo
[INFO] IsaacLab logging to file: /tmp/isaaclab_2026-07-06_23-47-25.log
[INFO] Starting SFPO training (smooth action chunk + per-frame GAE + state-V)
[INFO] task=largebox_plane terrain=plane motion_file=/home/y/my_mimic_mixgrpo/holosoma/src/holosoma/holosoma/data/motions/g1_29dof/whole_body_tracking/sub3_largebox_003_mj.npz
[INFO] algo=sfpo actor_obs_dim=171 critic_obs_dim=286 action_dim=29 horizon=4 rollout_chunks=6 rollout_env_steps=24 flow_steps=4 sde_eta=0.7 init_noise_std=0.8 eval_initial_noise=zero
[INFO] state_only_critic=True prefix_q=False causal_velocity=True causal_arch=prefix_cumsum action_transform=residual_absolute action_max_delta=none terminal_failure_cost=True failure_penalty=0.0 per_frame_flow_logprob=True per_frame_ratio_ppo=True flat_clip=True actor_advantage=gae_per_frame per_frame_kl_adaptive_lr=True kl_units=1 kl_early_stop_factor=4.0 advantage_norm=global gamma=0.99 gae_lambda=0.950 cross_chunk_gae=True td_bootstrap_per_frame=True chunk_gamma=0.960596
[INFO] actor_hidden_dims=[512, 256, 128] critic_hidden_dims=[512, 256, 128] activation=elu action_squash_scale=5.0 empirical_normalization=True
[INFO] policy_epochs=5 clip_range=0.2 desired_kl=0.01 value_loss_coef=1.0 use_clipped_value_loss=True num_mini_batches=4 micro_batch=8192 policy_lr=0.0003 critic_lr=0.0003
[INFO] checkpoint_dir=/home/y/my_mimic_mixgrpo/my_mimic_mixgrpo_h1/runs/sfpo_v6_fp0_500/checkpoints
[UPDATE] 1/500 reward_step=-0.02317 env_raw=-0.08261 target_raw=-0.08261 done_frac=0.27749 mean_reward=-0.29557 mean_len=10.64
[SFPO] loss=0.35100 policy=-0.01333 value=0.36433 ratio=0.9997 [0.320,2.767] clip=0.1752 kl_raw=0.011838 kl/step=0.011838 target/step=0.0100 kl_units=1 grad=0.1495 grad_c=5.8694 lr=0.000200 critic_lr=0.000300 early_stop@5
[CRITIC] V=-0.0654 V_tgt=-0.0723 valid_pfx=0.9065 death_frame=3.348 fail_pen=0.000 gae_lambda=0.950 max_delta=nan raw_adv_mean=-0.1066 raw_adv_std=0.4769 | V1=-0.0654 V2=-0.0371 V3=-0.0183 V4=-0.0062 | T1=-0.0503 T2=-0.0509 T3=-0.0606 T4=-0.0655
[KL_FRAME] f0=0.007705 f1=0.010359 f2=0.013323 f3=0.017111 clip0=0.1053 adv0=0.5614
[ROLLOUT] live=3.63 survive=0.04761 per_step=-0.02541 episode_projection=-12.70
[POLICY_DETAIL] samples=49152 mb=12288 micro_mb=8192 logp_delta_abs=0.11676 old_logp=-62.88931 new_logp=-62.90137 sde_steps=4
[TRAIN] mean_reward=-0.29557 mean_len=10.64 recent_eps=100 completed_eps=13639
[UPDATE_EFFECT] action_delta=0.02538523 param_rms_delta=0.00109991
[TIME] collect=5.712s update=1.355s
[DONE] timeout=0.02539 anchor_pos=0.00366 anchor_ori=0.11914 ee_body=0.94873
[TRACK_ROLLOUT] anchor_pos=0.84030 anchor_ori=0.42638 body_pos=0.79588 body_ori=0.25891 body_lin=0.18155 body_ang=0.01161
[ACT_SUMMARY] abs_mean=1.4005 abs_p95=2.2019 abs_p99=2.5246 abs_max=3.2217 legs=1.4070 waist=1.3847 arms=1.3983
[FRAME_DIAG] frame0_abs=1.2433 frame1_abs=1.3693 in_chunk_delta=0.5855 cross_chunk_delta=0.6031
[TRAIN_COST] action_rate=16.15720 joint_limit=0.12108 contacts=2.13407 | weighted act_rate=-0.03231 contacts=-0.00427 pos=0.03763 penalty=-0.06080 total=-0.02317
[RETURN_SPLIT] env_raw=-0.08261 target_raw=-0.08261 failure_cost=0.00000 realized=-0.07229
[UPDATE] 2/500 reward_step=-0.02850 env_raw=-0.09952 target_raw=-0.09952 done_frac=0.32275 mean_reward=-0.25708 mean_len=10.64
[SFPO] loss=0.03503 policy=-0.00878 value=0.04381 ratio=0.9999 [0.412,2.390] clip=0.1344 kl_raw=0.009153 kl/step=0.009153 target/step=0.0100 kl_units=1 grad=0.1727 grad_c=0.1935 lr=0.000450 critic_lr=0.000300 early_stop@5
[CRITIC] V=-0.1123 V_tgt=-0.1860 valid_pfx=0.8869 death_frame=3.225 fail_pen=0.000 gae_lambda=0.950 max_delta=nan raw_adv_mean=-0.1113 raw_adv_std=0.1967 | V1=-0.1123 V2=-0.1197 V3=-0.1239 V4=-0.1285 | T1=-0.1326 T2=-0.1572 T3=-0.1826 T4=-0.2110
[KL_FRAME] f0=0.007503 f1=0.008402 f2=0.009683 f3=0.011637 clip0=0.1055 adv0=0.6962
[ROLLOUT] live=3.55 survive=0.01428 per_step=-0.03109 episode_projection=-15.55
[POLICY_DETAIL] samples=49152 mb=12288 micro_mb=8192 logp_delta_abs=0.10014 old_logp=-62.89972 new_logp=-62.90886 sde_steps=4
[TRAIN] mean_reward=-0.25708 mean_len=10.64 recent_eps=100 completed_eps=29503
[UPDATE_EFFECT] action_delta=0.02159819 param_rms_delta=0.00154441
[TIME] collect=4.188s update=1.295s
[DONE] timeout=0.00049 anchor_pos=0.01038 anchor_ori=0.17334 ee_body=0.97156
[TRACK_ROLLOUT] anchor_pos=0.81250 anchor_ori=0.38097 body_pos=0.75959 body_ori=0.22094 body_lin=0.16945 body_ang=0.01047
[ACT_SUMMARY] abs_mean=1.4875 abs_p95=2.3460 abs_p99=2.7105 abs_max=3.5608 legs=1.4926 waist=1.4702 arms=1.4869
[FRAME_DIAG] frame0_abs=1.3559 frame1_abs=1.4616 in_chunk_delta=0.5761 cross_chunk_delta=0.5911
[TRAIN_COST] action_rate=15.73322 joint_limit=0.13833 contacts=2.25646 | weighted act_rate=-0.03147 contacts=-0.00451 pos=0.03514 penalty=-0.06364 total=-0.02850
[RETURN_SPLIT] env_raw=-0.09952 target_raw=-0.09952 failure_cost=0.00000 realized=-0.18599
[UPDATE] 3/500 reward_step=-0.02740 env_raw=-0.09554 target_raw=-0.09554 done_frac=0.32448 mean_reward=-0.29575 mean_len=10.88
[SFPO] loss=0.03028 policy=-0.01005 value=0.04033 ratio=1.0000 [0.378,2.263] clip=0.1580 kl_raw=0.010509 kl/step=0.010509 target/step=0.0100 kl_units=1 grad=0.1514 grad_c=0.0902 lr=0.000675 critic_lr=0.000300 early_stop@5
[CRITIC] V=-0.2364 V_tgt=-0.2574 valid_pfx=0.8855 death_frame=3.218 fail_pen=0.000 gae_lambda=0.950 max_delta=nan raw_adv_mean=-0.0333 raw_adv_std=0.1927 | V1=-0.2364 V2=-0.2452 V3=-0.2453 V4=-0.2471 | T1=-0.2467 T2=-0.2648 T3=-0.2823 T4=-0.3057
[KL_FRAME] f0=0.008689 f1=0.009940 f2=0.011211 f3=0.012800 clip0=0.1258 adv0=0.6876
[ROLLOUT] live=3.54 survive=0.01172 per_step=-0.03002 episode_projection=-15.01
[POLICY_DETAIL] samples=49152 mb=12288 micro_mb=8192 logp_delta_abs=0.10873 old_logp=-62.90313 new_logp=-62.91358 sde_steps=4
[TRAIN] mean_reward=-0.29575 mean_len=10.88 recent_eps=100 completed_eps=45452
[UPDATE_EFFECT] action_delta=0.02355691 param_rms_delta=0.00192992
[TIME] collect=4.136s update=1.289s
[DONE] timeout=0.00000 anchor_pos=0.00928 anchor_ori=0.17578 ee_body=0.97375
[TRACK_ROLLOUT] anchor_pos=0.81360 anchor_ori=0.38668 body_pos=0.76188 body_ori=0.22385 body_lin=0.17044 body_ang=0.01076
[ACT_SUMMARY] abs_mean=1.4815 abs_p95=2.3448 abs_p99=2.7241 abs_max=3.8373 legs=1.4889 waist=1.4541 arms=1.4810
[FRAME_DIAG] frame0_abs=1.3502 frame1_abs=1.4551 in_chunk_delta=0.5760 cross_chunk_delta=0.5915
[TRAIN_COST] action_rate=15.73441 joint_limit=0.13387 contacts=2.25127 | weighted act_rate=-0.03147 contacts=-0.00450 pos=0.03534 penalty=-0.06275 total=-0.02740
[RETURN_SPLIT] env_raw=-0.09554 target_raw=-0.09554 failure_cost=0.00000 realized=-0.25736
[UPDATE] 10/500 reward_step=-0.01608 env_raw=-0.05541 target_raw=-0.05541 done_frac=0.36047 mean_reward=-0.16458 mean_len=10.20
[SFPO] loss=0.00625 policy=-0.01037 value=0.01662 ratio=0.9997 [0.131,3.640] clip=0.1557 kl_raw=0.011876 kl/step=0.011876 target/step=0.0100 kl_units=1 grad=0.1738 grad_c=0.0256 lr=0.000059 critic_lr=0.000300 early_stop@5
[CRITIC] V=-0.1875 V_tgt=-0.1744 valid_pfx=0.8756 death_frame=3.142 fail_pen=0.000 gae_lambda=0.950 max_delta=nan raw_adv_mean=0.0111 raw_adv_std=0.1215 | V1=-0.1875 V2=-0.1888 V3=-0.1895 V4=-0.1936 | T1=-0.1847 T2=-0.1913 T3=-0.1994 T4=-0.2116
[KL_FRAME] f0=0.010860 f1=0.011405 f2=0.012366 f3=0.013300 clip0=0.1391 adv0=0.6557
[ROLLOUT] live=3.50 survive=0.00452 per_step=-0.01848 episode_projection=-9.24
[POLICY_DETAIL] samples=49152 mb=12288 micro_mb=8192 logp_delta_abs=0.10925 old_logp=-62.91972 new_logp=-62.93174 sde_steps=4
[TRAIN] mean_reward=-0.16458 mean_len=10.20 recent_eps=100 completed_eps=163791
[UPDATE_EFFECT] action_delta=0.02323152 param_rms_delta=0.00045224
[TIME] collect=4.096s update=1.295s
[DONE] timeout=0.00000 anchor_pos=0.00488 anchor_ori=0.19495 ee_body=0.98669
[TRACK_ROLLOUT] anchor_pos=0.84594 anchor_ori=0.42826 body_pos=0.78967 body_ori=0.25394 body_lin=0.16715 body_ang=0.01121
[ACT_SUMMARY] abs_mean=1.4102 abs_p95=2.2011 abs_p99=2.5366 abs_max=3.5173 legs=1.4434 waist=1.3574 arms=1.3930
[FRAME_DIAG] frame0_abs=1.2721 frame1_abs=1.3879 in_chunk_delta=0.5810 cross_chunk_delta=0.5973
[TRAIN_COST] action_rate=15.90710 joint_limit=0.08617 contacts=2.10922 | weighted act_rate=-0.03181 contacts=-0.00422 pos=0.03718 penalty=-0.05327 total=-0.01608
[RETURN_SPLIT] env_raw=-0.05541 target_raw=-0.05541 failure_cost=0.00000 realized=-0.17437
[UPDATE] 20/500 reward_step=-0.00557 env_raw=-0.01875 target_raw=-0.01875 done_frac=0.40574 mean_reward=-0.03965 mean_len=8.84
[SFPO] loss=-0.00876 policy=-0.01238 value=0.00362 ratio=0.9999 [0.221,2.990] clip=0.2179 kl_raw=0.014617 kl/step=0.014617 target/step=0.0100 kl_units=1 grad=0.3428 grad_c=0.0144 lr=0.000133 critic_lr=0.000300 early_stop@5
[CRITIC] V=-0.0727 V_tgt=-0.0676 valid_pfx=0.8586 death_frame=3.029 fail_pen=0.000 gae_lambda=0.950 max_delta=nan raw_adv_mean=0.0041 raw_adv_std=0.0562 | V1=-0.0727 V2=-0.0773 V3=-0.0803 V4=-0.0858 | T1=-0.0721 T2=-0.0734 T3=-0.0763 T4=-0.0777
[KL_FRAME] f0=0.012055 f1=0.013855 f2=0.015853 f3=0.017874 clip0=0.1802 adv0=0.6834
[ROLLOUT] live=3.43 survive=0.00049 per_step=-0.00791 episode_projection=-3.96
[POLICY_DETAIL] samples=49152 mb=12288 micro_mb=8192 logp_delta_abs=0.12771 old_logp=-62.92357 new_logp=-62.93800 sde_steps=4
[TRAIN] mean_reward=-0.03965 mean_len=8.84 recent_eps=100 completed_eps=353679
[UPDATE_EFFECT] action_delta=0.01999218 param_rms_delta=0.00047336
[TIME] collect=3.892s update=1.294s
[DONE] timeout=0.00000 anchor_pos=0.00159 anchor_ori=0.30115 ee_body=0.99622
[TRACK_ROLLOUT] anchor_pos=0.88565 anchor_ori=0.49435 body_pos=0.82561 body_ori=0.30303 body_lin=0.16657 body_ang=0.01353
[ACT_SUMMARY] abs_mean=1.3479 abs_p95=2.0508 abs_p99=2.3138 abs_max=3.1274 legs=1.4113 waist=1.3178 arms=1.2999
[FRAME_DIAG] frame0_abs=1.2010 frame1_abs=1.3316 in_chunk_delta=0.5803 cross_chunk_delta=0.5968
[TRAIN_COST] action_rate=15.76262 joint_limit=0.04913 contacts=2.09751 | weighted act_rate=-0.03153 contacts=-0.00420 pos=0.03997 penalty=-0.04555 total=-0.00557
[RETURN_SPLIT] env_raw=-0.01875 target_raw=-0.01875 failure_cost=0.00000 realized=-0.06760
[UPDATE] 30/500 reward_step=0.00338 env_raw=0.01153 target_raw=0.01153 done_frac=0.42710 mean_reward=0.02285 mean_len=8.32
[SFPO] loss=-0.01272 policy=-0.01393 value=0.00122 ratio=0.9998 [0.222,2.725] clip=0.2444 kl_raw=0.016805 kl/step=0.016805 target/step=0.0100 kl_units=1 grad=0.3966 grad_c=0.0090 lr=0.000010 critic_lr=0.000300 early_stop@5
[CRITIC] V=-0.0114 V_tgt=-0.0069 valid_pfx=0.8546 death_frame=2.991 fail_pen=0.000 gae_lambda=0.950 max_delta=nan raw_adv_mean=0.0034 raw_adv_std=0.0325 | V1=-0.0114 V2=-0.0199 V3=-0.0246 V4=-0.0303 | T1=-0.0109 T2=-0.0083 T3=-0.0055 T4=0.0000
[KL_FRAME] f0=0.012421 f1=0.015945 f2=0.018958 f3=0.021909 clip0=0.1895 adv0=0.7359
[ROLLOUT] live=3.42 survive=0.00000 per_step=0.00125 episode_projection=0.63
[POLICY_DETAIL] samples=49152 mb=12288 micro_mb=8192 logp_delta_abs=0.13477 old_logp=-62.89339 new_logp=-62.91007 sde_steps=4
[TRAIN] mean_reward=0.02285 mean_len=8.32 recent_eps=100 completed_eps=559787
[UPDATE_EFFECT] action_delta=0.01334703 param_rms_delta=0.00024583
[TIME] collect=3.959s update=1.292s
[DONE] timeout=0.00000 anchor_pos=0.00024 anchor_ori=0.30090 ee_body=0.99927
[TRACK_ROLLOUT] anchor_pos=0.90813 anchor_ori=0.55631 body_pos=0.85266 body_ori=0.35954 body_lin=0.18298 body_ang=0.02156
[ACT_SUMMARY] abs_mean=1.2659 abs_p95=1.9130 abs_p99=2.1379 abs_max=2.9328 legs=1.3133 waist=1.3564 arms=1.2059
[FRAME_DIAG] frame0_abs=1.1213 frame1_abs=1.2558 in_chunk_delta=0.5655 cross_chunk_delta=0.5767
[TRAIN_COST] action_rate=14.85270 joint_limit=0.02803 contacts=2.14174 | weighted act_rate=-0.02971 contacts=-0.00428 pos=0.04298 penalty=-0.03959 total=0.00338
[RETURN_SPLIT] env_raw=0.01153 target_raw=0.01153 failure_cost=0.00000 realized=-0.00693
[UPDATE] 40/500 reward_step=0.01054 env_raw=0.03603 target_raw=0.03603 done_frac=0.42006 mean_reward=0.08394 mean_len=8.44
[SFPO] loss=-0.01319 policy=-0.01402 value=0.00083 ratio=0.9994 [0.306,2.580] clip=0.1977 kl_raw=0.013238 kl/step=0.013238 target/step=0.0100 kl_units=1 grad=0.5285 grad_c=0.0074 lr=0.000034 critic_lr=0.000300 early_stop@5
[CRITIC] V=0.0293 V_tgt=0.0333 valid_pfx=0.8637 death_frame=3.035 fail_pen=0.000 gae_lambda=0.950 max_delta=nan raw_adv_mean=0.0035 raw_adv_std=0.0269 | V1=0.0293 V2=0.0169 V3=0.0086 V4=0.0017 | T1=0.0300 T2=0.0350 T3=0.0406 T4=0.0493
[KL_FRAME] f0=0.010619 f1=0.012706 f2=0.014463 f3=0.016241 clip0=0.1576 adv0=0.7723
[ROLLOUT] live=3.45 survive=0.00000 per_step=0.00855 episode_projection=4.27
[POLICY_DETAIL] samples=49152 mb=12288 micro_mb=8192 logp_delta_abs=0.11948 old_logp=-62.94158 new_logp=-62.95524 sde_steps=4
[TRAIN] mean_reward=0.08394 mean_len=8.44 recent_eps=100 completed_eps=769354
[UPDATE_EFFECT] action_delta=0.01265281 param_rms_delta=0.00019048
[TIME] collect=3.861s update=1.294s
[DONE] timeout=0.00000 anchor_pos=0.00024 anchor_ori=0.22449 ee_body=0.99939
[TRACK_ROLLOUT] anchor_pos=0.91641 anchor_ori=0.60567 body_pos=0.86737 body_ori=0.40697 body_lin=0.21121 body_ang=0.03621
[ACT_SUMMARY] abs_mean=1.1947 abs_p95=1.7951 abs_p99=2.0046 abs_max=2.7284 legs=1.2464 waist=1.3091 arms=1.1259
[FRAME_DIAG] frame0_abs=1.0619 frame1_abs=1.1810 in_chunk_delta=0.5435 cross_chunk_delta=0.5440
[TRAIN_COST] action_rate=13.58557 joint_limit=0.01780 contacts=2.19358 | weighted act_rate=-0.02717 contacts=-0.00439 pos=0.04566 penalty=-0.03512 total=0.01054
[RETURN_SPLIT] env_raw=0.03603 target_raw=0.03603 failure_cost=0.00000 realized=0.03335
[UPDATE] 50/500 reward_step=0.01561 env_raw=0.05373 target_raw=0.05373 done_frac=0.37994 mean_reward=0.14166 mean_len=9.44
[SFPO] loss=-0.01252 policy=-0.01347 value=0.00094 ratio=1.0003 [0.259,2.627] clip=0.1899 kl_raw=0.012782 kl/step=0.012782 target/step=0.0100 kl_units=1 grad=0.6155 grad_c=0.0127 lr=0.000034 critic_lr=0.000300 early_stop@5
[CRITIC] V=0.0614 V_tgt=0.0649 valid_pfx=0.8704 death_frame=3.102 fail_pen=0.000 gae_lambda=0.950 max_delta=nan raw_adv_mean=0.0025 raw_adv_std=0.0289 | V1=0.0614 V2=0.0480 V3=0.0364 V4=0.0267 | T1=0.0626 T2=0.0708 T3=0.0777 T4=0.0863
[KL_FRAME] f0=0.010545 f1=0.012366 f2=0.013679 f3=0.015306 clip0=0.1531 adv0=0.7665
[ROLLOUT] live=3.48 survive=0.00037 per_step=0.01349 episode_projection=6.74
[POLICY_DETAIL] samples=49152 mb=12288 micro_mb=8192 logp_delta_abs=0.11834 old_logp=-62.92721 new_logp=-62.93951 sde_steps=4
[TRAIN] mean_reward=0.14166 mean_len=9.44 recent_eps=100 completed_eps=965593
[UPDATE_EFFECT] action_delta=0.01218493 param_rms_delta=0.00017456
[TIME] collect=3.822s update=1.299s
[DONE] timeout=0.00000 anchor_pos=0.00085 anchor_ori=0.13855 ee_body=0.99854
[TRACK_ROLLOUT] anchor_pos=0.91360 anchor_ori=0.61974 body_pos=0.87257 body_ori=0.42866 body_lin=0.25030 body_ang=0.05569
[ACT_SUMMARY] abs_mean=1.1524 abs_p95=1.7283 abs_p99=1.9414 abs_max=2.6177 legs=1.2183 waist=1.2635 arms=1.0721
[FRAME_DIAG] frame0_abs=1.0427 frame1_abs=1.1334 in_chunk_delta=0.5213 cross_chunk_delta=0.5089
[TRAIN_COST] action_rate=12.36450 joint_limit=0.01379 contacts=2.18990 | weighted act_rate=-0.02473 contacts=-0.00438 pos=0.04748 penalty=-0.03187 total=0.01561
[RETURN_SPLIT] env_raw=0.05373 target_raw=0.05373 failure_cost=0.00000 realized=0.06485
[UPDATE] 60/500 reward_step=0.01942 env_raw=0.06711 target_raw=0.06711 done_frac=0.32326 mean_reward=0.21121 mean_len=11.28
[SFPO] loss=-0.00989 policy=-0.01117 value=0.00128 ratio=0.9995 [0.298,3.071] clip=0.2132 kl_raw=0.014488 kl/step=0.014488 target/step=0.0100 kl_units=1 grad=0.8875 grad_c=0.0255 lr=0.000076 critic_lr=0.000300 early_stop@5
[CRITIC] V=0.0892 V_tgt=0.0934 valid_pfx=0.8747 death_frame=3.175 fail_pen=0.000 gae_lambda=0.950 max_delta=nan raw_adv_mean=0.0032 raw_adv_std=0.0334 | V1=0.0892 V2=0.0758 V3=0.0639 V4=0.0517 | T1=0.0909 T2=0.1022 T3=0.1123 T4=0.1205
[KL_FRAME] f0=0.011766 f1=0.013799 f2=0.015772 f3=0.017505 clip0=0.1739 adv0=0.7524
[ROLLOUT] live=3.50 survive=0.00171 per_step=0.01721 episode_projection=8.61
[POLICY_DETAIL] samples=49152 mb=12288 micro_mb=8192 logp_delta_abs=0.12636 old_logp=-62.93896 new_logp=-62.95371 sde_steps=4
[TRAIN] mean_reward=0.21121 mean_len=11.28 recent_eps=100 completed_eps=1137310
[UPDATE_EFFECT] action_delta=0.01288444 param_rms_delta=0.00022252
[TIME] collect=3.727s update=1.293s
[DONE] timeout=0.00000 anchor_pos=0.00049 anchor_ori=0.08557 ee_body=0.99622
[TRACK_ROLLOUT] anchor_pos=0.90160 anchor_ori=0.61295 body_pos=0.87349 body_ori=0.43344 body_lin=0.29884 body_ang=0.08096
[ACT_SUMMARY] abs_mean=1.1559 abs_p95=1.7210 abs_p99=1.9313 abs_max=2.8465 legs=1.2498 waist=1.2013 arms=1.0657
[FRAME_DIAG] frame0_abs=1.0648 frame1_abs=1.1409 in_chunk_delta=0.5002 cross_chunk_delta=0.4775
[TRAIN_COST] action_rate=11.29120 joint_limit=0.01187 contacts=2.25282 | weighted act_rate=-0.02258 contacts=-0.00451 pos=0.04888 penalty=-0.02946 total=0.01942
[RETURN_SPLIT] env_raw=0.06711 target_raw=0.06711 failure_cost=0.00000 realized=0.09341
[UPDATE] 70/500 reward_step=0.02172 env_raw=0.07694 target_raw=0.07694 done_frac=0.27112 mean_reward=0.28653 mean_len=13.88
[SFPO] loss=-0.00779 policy=-0.00983 value=0.00204 ratio=0.9996 [0.275,3.519] clip=0.1849 kl_raw=0.012657 kl/step=0.012657 target/step=0.0100 kl_units=1 grad=0.8586 grad_c=0.0148 lr=0.000051 critic_lr=0.000300 early_stop@5
[CRITIC] V=0.1174 V_tgt=0.1208 valid_pfx=0.8967 death_frame=3.316 fail_pen=0.000 gae_lambda=0.950 max_delta=nan raw_adv_mean=0.0026 raw_adv_std=0.0432 | V1=0.1174 V2=0.1019 V3=0.0896 V4=0.0766 | T1=0.1192 T2=0.1300 T3=0.1409 T4=0.1494
[KL_FRAME] f0=0.010263 f1=0.011960 f2=0.013718 f3=0.015349 clip0=0.1461 adv0=0.7282
[ROLLOUT] live=3.59 survive=0.00610 per_step=0.01975 episode_projection=9.87
[POLICY_DETAIL] samples=49152 mb=12288 micro_mb=8192 logp_delta_abs=0.11893 old_logp=-62.91688 new_logp=-62.92975 sde_steps=4
[TRAIN] mean_reward=0.28653 mean_len=13.88 recent_eps=100 completed_eps=1282198
[UPDATE_EFFECT] action_delta=0.01100338 param_rms_delta=0.00017182
[TIME] collect=3.766s update=1.291s
[DONE] timeout=0.00000 anchor_pos=0.00122 anchor_ori=0.06628 ee_body=0.99207
[TRACK_ROLLOUT] anchor_pos=0.87537 anchor_ori=0.59179 body_pos=0.86884 body_ori=0.42007 body_lin=0.34500 body_ang=0.10730
[ACT_SUMMARY] abs_mean=1.1899 abs_p95=1.7718 abs_p99=2.0072 abs_max=3.3620 legs=1.2936 waist=1.1228 arms=1.1154
[FRAME_DIAG] frame0_abs=1.1053 frame1_abs=1.1773 in_chunk_delta=0.4803 cross_chunk_delta=0.4511
[TRAIN_COST] action_rate=10.39522 joint_limit=0.01167 contacts=2.32361 | weighted act_rate=-0.02079 contacts=-0.00465 pos=0.04950 penalty=-0.02777 total=0.02172
[RETURN_SPLIT] env_raw=0.07694 target_raw=0.07694 failure_cost=0.00000 realized=0.12079
[UPDATE] 80/500 reward_step=0.02294 env_raw=0.08267 target_raw=0.08267 done_frac=0.23173 mean_reward=0.34840 mean_len=15.80
[SFPO] loss=-0.00590 policy=-0.00846 value=0.00255 ratio=0.9995 [0.255,3.468] clip=0.2065 kl_raw=0.013890 kl/step=0.013890 target/step=0.0100 kl_units=1 grad=1.0101 grad_c=0.0271 lr=0.000076 critic_lr=0.000300 early_stop@5
[CRITIC] V=0.1429 V_tgt=0.1454 valid_pfx=0.9126 death_frame=3.419 fail_pen=0.000 gae_lambda=0.950 max_delta=nan raw_adv_mean=0.0019 raw_adv_std=0.0485 | V1=0.1429 V2=0.1276 V3=0.1141 V4=0.1002 | T1=0.1450 T2=0.1563 T3=0.1664 T4=0.1736
[KL_FRAME] f0=0.011424 f1=0.013131 f2=0.014934 f3=0.016633 clip0=0.1710 adv0=0.7476
[ROLLOUT] live=3.65 survive=0.01794 per_step=0.02111 episode_projection=10.56
[POLICY_DETAIL] samples=49152 mb=12288 micro_mb=8192 logp_delta_abs=0.12566 old_logp=-62.92700 new_logp=-62.94126 sde_steps=4
[TRAIN] mean_reward=0.34840 mean_len=15.80 recent_eps=100 completed_eps=1404666
[UPDATE_EFFECT] action_delta=0.01055943 param_rms_delta=0.00020453
[TIME] collect=3.712s update=1.290s
[DONE] timeout=0.00000 anchor_pos=0.00269 anchor_ori=0.03845 ee_body=0.97791
[TRACK_ROLLOUT] anchor_pos=0.84513 anchor_ori=0.58544 body_pos=0.86347 body_ori=0.40021 body_lin=0.37323 body_ang=0.12664
[ACT_SUMMARY] abs_mean=1.2305 abs_p95=1.8457 abs_p99=2.0938 abs_max=2.7052 legs=1.3317 waist=1.0294 arms=1.1868
[FRAME_DIAG] frame0_abs=1.1527 frame1_abs=1.2161 in_chunk_delta=0.4647 cross_chunk_delta=0.4317
[TRAIN_COST] action_rate=9.74101 joint_limit=0.01224 contacts=2.35233 | weighted act_rate=-0.01948 contacts=-0.00470 pos=0.04958 penalty=-0.02663 total=0.02294
[RETURN_SPLIT] env_raw=0.08267 target_raw=0.08267 failure_cost=0.00000 realized=0.14536
[UPDATE] 90/500 reward_step=0.02358 env_raw=0.08633 target_raw=0.08633 done_frac=0.19430 mean_reward=0.44489 mean_len=19.96
[SFPO] loss=-0.00391 policy=-0.00726 value=0.00335 ratio=0.9994 [0.314,2.966] clip=0.2155 kl_raw=0.014300 kl/step=0.014300 target/step=0.0100 kl_units=1 grad=1.1285 grad_c=0.0318 lr=0.000114 critic_lr=0.000300 early_stop@5
[CRITIC] V=0.1706 V_tgt=0.1738 valid_pfx=0.9274 death_frame=3.515 fail_pen=0.000 gae_lambda=0.950 max_delta=nan raw_adv_mean=0.0020 raw_adv_std=0.0562 | V1=0.1706 V2=0.1559 V3=0.1434 V4=0.1291 | T1=0.1736 T2=0.1855 T3=0.1957 T4=0.2018
[KL_FRAME] f0=0.012099 f1=0.013640 f2=0.015175 f3=0.016680 clip0=0.1836 adv0=0.7409
[ROLLOUT] live=3.71 survive=0.04980 per_step=0.02190 episode_projection=10.95
[POLICY_DETAIL] samples=49152 mb=12288 micro_mb=8192 logp_delta_abs=0.12832 old_logp=-62.92328 new_logp=-62.93805 sde_steps=4
[TRAIN] mean_reward=0.44489 mean_len=19.96 recent_eps=100 completed_eps=1507877
[UPDATE_EFFECT] action_delta=0.01061905 param_rms_delta=0.00024187
[TIME] collect=3.602s update=1.291s
[DONE] timeout=0.00000 anchor_pos=0.00293 anchor_ori=0.01709 ee_body=0.94739
[TRACK_ROLLOUT] anchor_pos=0.80788 anchor_ori=0.60566 body_pos=0.85298 body_ori=0.37388 body_lin=0.39115 body_ang=0.14329
[ACT_SUMMARY] abs_mean=1.2736 abs_p95=1.9312 abs_p99=2.1706 abs_max=2.8868 legs=1.3765 waist=0.9474 arms=1.2553
[FRAME_DIAG] frame0_abs=1.2040 frame1_abs=1.2584 in_chunk_delta=0.4499 cross_chunk_delta=0.4164
[TRAIN_COST] action_rate=9.19483 joint_limit=0.01268 contacts=2.42807 | weighted act_rate=-0.01839 contacts=-0.00486 pos=0.04936 penalty=-0.02578 total=0.02358
[RETURN_SPLIT] env_raw=0.08633 target_raw=0.08633 failure_cost=0.00000 realized=0.17382
[UPDATE] 100/500 reward_step=0.02321 env_raw=0.08612 target_raw=0.08612 done_frac=0.15971 mean_reward=0.50702 mean_len=22.76
[SFPO] loss=-0.00220 policy=-0.00638 value=0.00418 ratio=0.9996 [0.315,2.610] clip=0.2156 kl_raw=0.014308 kl/step=0.014308 target/step=0.0100 kl_units=1 grad=1.2368 grad_c=0.0702 lr=0.000114 critic_lr=0.000300 early_stop@5
[CRITIC] V=0.1869 V_tgt=0.1906 valid_pfx=0.9399 death_frame=3.600 fail_pen=0.000 gae_lambda=0.950 max_delta=nan raw_adv_mean=0.0052 raw_adv_std=0.0621 | V1=0.1869 V2=0.1739 V3=0.1613 V4=0.1467 | T1=0.1912 T2=0.2031 T3=0.2119 T4=0.2160
[KL_FRAME] f0=0.011979 f1=0.013497 f2=0.015223 f3=0.016882 clip0=0.1821 adv0=0.7627
[ROLLOUT] live=3.76 survive=0.12585 per_step=0.02162 episode_projection=10.81
[POLICY_DETAIL] samples=49152 mb=12288 micro_mb=8192 logp_delta_abs=0.12844 old_logp=-62.88286 new_logp=-62.89739 sde_steps=4
[TRAIN] mean_reward=0.50702 mean_len=22.76 recent_eps=100 completed_eps=1593255
[UPDATE_EFFECT] action_delta=0.00993113 param_rms_delta=0.00022445
[TIME] collect=3.749s update=1.290s
[DONE] timeout=0.00000 anchor_pos=0.00293 anchor_ori=0.00806 ee_body=0.87207
[TRACK_ROLLOUT] anchor_pos=0.76503 anchor_ori=0.60816 body_pos=0.84069 body_ori=0.33721 body_lin=0.40288 body_ang=0.15740
[ACT_SUMMARY] abs_mean=1.3221 abs_p95=1.9877 abs_p99=2.2080 abs_max=2.7487 legs=1.4238 waist=0.8764 arms=1.3304
[FRAME_DIAG] frame0_abs=1.2605 frame1_abs=1.3068 in_chunk_delta=0.4372 cross_chunk_delta=0.4048
[TRAIN_COST] action_rate=8.76834 joint_limit=0.01380 contacts=2.49331 | weighted act_rate=-0.01754 contacts=-0.00499 pos=0.04850 penalty=-0.02528 total=0.02321
[RETURN_SPLIT] env_raw=0.08612 target_raw=0.08612 failure_cost=0.00000 realized=0.19062
[VALIDATION_START] update=100 max_steps=500 envs=8192 fixed_seed=disabled
[VALIDATION_RESET_START]
[VALIDATION_RESET_DONE] time=0.004s
[VALIDATION_PROGRESS] step=1/500 done=0.00000 alive=1.00000 elapsed=0.183s
[VALIDATION_EARLY_STOP] step=41 done_frac=0.9811
[VALIDATION_DONE] update=100 time=5.140s
[VAL] steps_mean=27.11 steps_min=15 steps_p50=26 steps_p95=38 steps_max=41 fail_phase_mean=25.8 return=1.38817 done=0.98108
[VAL_EE] left_ankle_bad=0.18228 left_ankle_z=0.09984 right_ankle_bad=0.17195 right_ankle_z=0.08262 left_wrist_bad=0.27921 left_wrist_z=0.16543 right_wrist_bad=0.39480 right_wrist_z=0.19187
[VAL_CAUSE] anchor_pos_bad=0.00000 anchor_ori_bad=0.02246 ee_body_bad=0.95947 time_out=0.00000 anchor_z=0.09172 anchor_grav=0.35349 ee_z_max=0.26028 ee_z_mean=0.13494
[VAL_WALL] alive@850=0.0189 motion_complete=0.0000 wrist_fail_825_840=0.0000 steps_p50=26
[VAL_PUSH] push_applied=0.0000 died_before_push=0.9811 pushed_then_died=0.0000 first_push_step=nan
[CHECKPOINT] saved /home/y/my_mimic_mixgrpo/my_mimic_mixgrpo_h1/runs/sfpo_v6_fp0_500/checkpoints/update_0100.pt
[UPDATE] 110/500 reward_step=0.02394 env_raw=0.08951 target_raw=0.08951 done_frac=0.13926 mean_reward=0.64653 mean_len=27.00
[SFPO] loss=-0.00226 policy=-0.00714 value=0.00487 ratio=0.9995 [0.336,2.395] clip=0.2044 kl_raw=0.013459 kl/step=0.013459 target/step=0.0100 kl_units=1 grad=1.2779 grad_c=0.0592 lr=0.000114 critic_lr=0.000300 early_stop@5
[CRITIC] V=0.2319 V_tgt=0.2356 valid_pfx=0.9473 death_frame=3.650 fail_pen=0.000 gae_lambda=0.950 max_delta=nan raw_adv_mean=0.0037 raw_adv_std=0.0680 | V1=0.2319 V2=0.2208 V3=0.2097 V4=0.1952 | T1=0.2374 T2=0.2504 T3=0.2598 T4=0.2633
[KL_FRAME] f0=0.011664 f1=0.012831 f2=0.014097 f3=0.015487 clip0=0.1776 adv0=0.7519
[ROLLOUT] live=3.79 survive=0.20032 per_step=0.02239 episode_projection=11.19
[POLICY_DETAIL] samples=49152 mb=12288 micro_mb=8192 logp_delta_abs=0.12476 old_logp=-62.93174 new_logp=-62.94558 sde_steps=4
[TRAIN] mean_reward=0.64653 mean_len=27.00 recent_eps=100 completed_eps=1665385
[UPDATE_EFFECT] action_delta=0.00926521 param_rms_delta=0.00020897
[TIME] collect=3.581s update=1.293s
[DONE] timeout=0.00000 anchor_pos=0.00610 anchor_ori=0.00513 ee_body=0.79712
[TRACK_ROLLOUT] anchor_pos=0.73666 anchor_ori=0.62927 body_pos=0.83539 body_ori=0.32413 body_lin=0.41788 body_ang=0.17460
[ACT_SUMMARY] abs_mean=1.3452 abs_p95=1.9944 abs_p99=2.2091 abs_max=2.8406 legs=1.4374 waist=0.8264 arms=1.3773
[FRAME_DIAG] frame0_abs=1.2878 frame1_abs=1.3307 in_chunk_delta=0.4282 cross_chunk_delta=0.3990
[TRAIN_COST] action_rate=8.49597 joint_limit=0.01329 contacts=2.55298 | weighted act_rate=-0.01699 contacts=-0.00511 pos=0.04870 penalty=-0.02476 total=0.02394
[RETURN_SPLIT] env_raw=0.08951 target_raw=0.08951 failure_cost=0.00000 realized=0.23557
[UPDATE] 120/500 reward_step=0.02488 env_raw=0.09363 target_raw=0.09363 done_frac=0.12423 mean_reward=0.79335 mean_len=31.92
[SFPO] loss=-0.00106 policy=-0.00639 value=0.00533 ratio=0.9992 [0.331,2.985] clip=0.2199 kl_raw=0.014535 kl/step=0.014535 target/step=0.0100 kl_units=1 grad=1.3773 grad_c=0.0643 lr=0.000114 critic_lr=0.000300 early_stop@5
[CRITIC] V=0.2772 V_tgt=0.2811 valid_pfx=0.9535 death_frame=3.690 fail_pen=0.000 gae_lambda=0.950 max_delta=nan raw_adv_mean=0.0028 raw_adv_std=0.0714 | V1=0.2772 V2=0.2672 V3=0.2563 V4=0.2420 | T1=0.2832 T2=0.2973 T3=0.3073 T4=0.3099
[KL_FRAME] f0=0.012553 f1=0.013877 f2=0.015182 f3=0.016762 clip0=0.1929 adv0=0.7428
[ROLLOUT] live=3.81 survive=0.27502 per_step=0.02338 episode_projection=11.69
[POLICY_DETAIL] samples=49152 mb=12288 micro_mb=8192 logp_delta_abs=0.12958 old_logp=-62.92073 new_logp=-62.93590 sde_steps=4
[TRAIN] mean_reward=0.79335 mean_len=31.92 recent_eps=100 completed_eps=1729366
[UPDATE_EFFECT] action_delta=0.00960616 param_rms_delta=0.00020541
[TIME] collect=3.635s update=1.289s
[DONE] timeout=0.00000 anchor_pos=0.00525 anchor_ori=0.00391 ee_body=0.72290
[TRACK_ROLLOUT] anchor_pos=0.71465 anchor_ori=0.64095 body_pos=0.83063 body_ori=0.31588 body_lin=0.42652 body_ang=0.18913
[ACT_SUMMARY] abs_mean=1.3672 abs_p95=2.0294 abs_p99=2.2413 abs_max=2.8540 legs=1.4308 waist=0.7983 arms=1.4346
[FRAME_DIAG] frame0_abs=1.3115 frame1_abs=1.3526 in_chunk_delta=0.4196 cross_chunk_delta=0.3962
[TRAIN_COST] action_rate=8.26462 joint_limit=0.01204 contacts=2.48810 | weighted act_rate=-0.01653 contacts=-0.00498 pos=0.04880 penalty=-0.02391 total=0.02488
[RETURN_SPLIT] env_raw=0.09363 target_raw=0.09363 failure_cost=0.00000 realized=0.28112
[UPDATE] 130/500 reward_step=0.02578 env_raw=0.09738 target_raw=0.09738 done_frac=0.11304 mean_reward=0.89371 mean_len=33.64
[SFPO] loss=0.00014 policy=-0.00590 value=0.00604 ratio=0.9994 [0.327,2.783] clip=0.2217 kl_raw=0.014611 kl/step=0.014611 target/step=0.0100 kl_units=1 grad=1.4565 grad_c=0.0536 lr=0.000114 critic_lr=0.000300 early_stop@5
[CRITIC] V=0.3144 V_tgt=0.3184 valid_pfx=0.9573 death_frame=3.716 fail_pen=0.000 gae_lambda=0.950 max_delta=nan raw_adv_mean=0.0033 raw_adv_std=0.0767 | V1=0.3144 V2=0.3053 V3=0.2948 V4=0.2798 | T1=0.3211 T2=0.3361 T3=0.3460 T4=0.3482
[KL_FRAME] f0=0.012558 f1=0.014040 f2=0.015345 f3=0.016703 clip0=0.1936 adv0=0.7429
[ROLLOUT] live=3.83 survive=0.33484 per_step=0.02432 episode_projection=12.16
[POLICY_DETAIL] samples=49152 mb=12288 micro_mb=8192 logp_delta_abs=0.13016 old_logp=-62.92583 new_logp=-62.94087 sde_steps=4
[TRAIN] mean_reward=0.89371 mean_len=33.64 recent_eps=100 completed_eps=1787009
[UPDATE_EFFECT] action_delta=0.00940499 param_rms_delta=0.00019308
[TIME] collect=3.647s update=1.290s
[DONE] timeout=0.00000 anchor_pos=0.00574 anchor_ori=0.00366 ee_body=0.66174
[TRACK_ROLLOUT] anchor_pos=0.69627 anchor_ori=0.64516 body_pos=0.82794 body_ori=0.31409 body_lin=0.44427 body_ang=0.20581
[ACT_SUMMARY] abs_mean=1.3983 abs_p95=2.0631 abs_p99=2.2843 abs_max=3.0411 legs=1.4550 waist=0.7834 arms=1.4814
[FRAME_DIAG] frame0_abs=1.3451 frame1_abs=1.3837 in_chunk_delta=0.4112 cross_chunk_delta=0.3938
[TRAIN_COST] action_rate=8.07615 joint_limit=0.01126 contacts=2.53447 | weighted act_rate=-0.01615 contacts=-0.00507 pos=0.04926 penalty=-0.02347 total=0.02578
[RETURN_SPLIT] env_raw=0.09738 target_raw=0.09738 failure_cost=0.00000 realized=0.31840
[UPDATE] 140/500 reward_step=0.02676 env_raw=0.10135 target_raw=0.10135 done_frac=0.10498 mean_reward=0.93712 mean_len=35.24
[SFPO] loss=0.00072 policy=-0.00560 value=0.00632 ratio=0.9996 [0.308,3.418] clip=0.2010 kl_raw=0.013340 kl/step=0.013340 target/step=0.0100 kl_units=1 grad=1.5086 grad_c=0.0860 lr=0.000076 critic_lr=0.000300 early_stop@5
[CRITIC] V=0.3447 V_tgt=0.3499 valid_pfx=0.9602 death_frame=3.736 fail_pen=0.000 gae_lambda=0.950 max_delta=nan raw_adv_mean=0.0069 raw_adv_std=0.0785 | V1=0.3447 V2=0.3353 V3=0.3250 V4=0.3101 | T1=0.3511 T2=0.3669 T3=0.3781 T4=0.3802
[KL_FRAME] f0=0.012024 f1=0.012745 f2=0.013858 f3=0.014862 clip0=0.1817 adv0=0.7376
[ROLLOUT] live=3.84 survive=0.37769 per_step=0.02529 episode_projection=12.64
[POLICY_DETAIL] samples=49152 mb=12288 micro_mb=8192 logp_delta_abs=0.12367 old_logp=-62.89911 new_logp=-62.91273 sde_steps=4
[TRAIN] mean_reward=0.93712 mean_len=35.24 recent_eps=100 completed_eps=1840132
[UPDATE_EFFECT] action_delta=0.00848463 param_rms_delta=0.00015049
[TIME] collect=3.756s update=1.291s
[DONE] timeout=0.00000 anchor_pos=0.00708 anchor_ori=0.00317 ee_body=0.62000
[TRACK_ROLLOUT] anchor_pos=0.68170 anchor_ori=0.65365 body_pos=0.82645 body_ori=0.31487 body_lin=0.45769 body_ang=0.22061
[ACT_SUMMARY] abs_mean=1.4230 abs_p95=2.1032 abs_p99=2.3134 abs_max=2.9484 legs=1.4497 waist=0.7754 arms=1.5389
[FRAME_DIAG] frame0_abs=1.3720 frame1_abs=1.4091 in_chunk_delta=0.4032 cross_chunk_delta=0.3934
[TRAIN_COST] action_rate=7.89682 joint_limit=0.01064 contacts=2.53365 | weighted act_rate=-0.01579 contacts=-0.00507 pos=0.04975 penalty=-0.02299 total=0.02676
[RETURN_SPLIT] env_raw=0.10135 target_raw=0.10135 failure_cost=0.00000 realized=0.34987
[UPDATE] 150/500 reward_step=0.02786 env_raw=0.10574 target_raw=0.10574 done_frac=0.09953 mean_reward=1.07496 mean_len=38.96
[SFPO] loss=0.00093 policy=-0.00557 value=0.00651 ratio=0.9996 [0.351,3.011] clip=0.2233 kl_raw=0.014713 kl/step=0.014713 target/step=0.0100 kl_units=1 grad=1.5346 grad_c=0.0702 lr=0.000114 critic_lr=0.000300 early_stop@5
[CRITIC] V=0.3834 V_tgt=0.3889 valid_pfx=0.9623 death_frame=3.750 fail_pen=0.000 gae_lambda=0.950 max_delta=nan raw_adv_mean=0.0077 raw_adv_std=0.0799 | V1=0.3834 V2=0.3745 V3=0.3639 V4=0.3486 | T1=0.3901 T2=0.4065 T3=0.4177 T4=0.4206
[KL_FRAME] f0=0.013241 f1=0.014219 f2=0.015112 f3=0.016420 clip0=0.2041 adv0=0.7256
[ROLLOUT] live=3.85 survive=0.40808 per_step=0.02643 episode_projection=13.21
[POLICY_DETAIL] samples=49152 mb=12288 micro_mb=8192 logp_delta_abs=0.13039 old_logp=-62.89275 new_logp=-62.90771 sde_steps=4
[TRAIN] mean_reward=1.07496 mean_len=38.96 recent_eps=100 completed_eps=1890248
[UPDATE_EFFECT] action_delta=0.00919112 param_rms_delta=0.00018341
[TIME] collect=3.666s update=1.299s
[DONE] timeout=0.00000 anchor_pos=0.00696 anchor_ori=0.00330 ee_body=0.58862
[TRACK_ROLLOUT] anchor_pos=0.67780 anchor_ori=0.66512 body_pos=0.82557 body_ori=0.31455 body_lin=0.46571 body_ang=0.22920
[ACT_SUMMARY] abs_mean=1.4405 abs_p95=2.1363 abs_p99=2.3472 abs_max=2.9414 legs=1.4390 waist=0.7650 arms=1.5865
[FRAME_DIAG] frame0_abs=1.3895 frame1_abs=1.4264 in_chunk_delta=0.3962 cross_chunk_delta=0.3942
[TRAIN_COST] action_rate=7.75247 joint_limit=0.00930 contacts=2.45379 | weighted act_rate=-0.01550 contacts=-0.00491 pos=0.05013 penalty=-0.02227 total=0.02786
[RETURN_SPLIT] env_raw=0.10574 target_raw=0.10574 failure_cost=0.00000 realized=0.38887
[UPDATE] 160/500 reward_step=0.02846 env_raw=0.10819 target_raw=0.10819 done_frac=0.09391 mean_reward=1.26065 mean_len=42.12
[SFPO] loss=0.00099 policy=-0.00607 value=0.00707 ratio=0.9994 [0.348,2.660] clip=0.2200 kl_raw=0.014386 kl/step=0.014386 target/step=0.0100 kl_units=1 grad=1.6502 grad_c=0.0851 lr=0.000114 critic_lr=0.000300 early_stop@5
[CRITIC] V=0.4524 V_tgt=0.4535 valid_pfx=0.9638 death_frame=3.761 fail_pen=0.000 gae_lambda=0.950 max_delta=nan raw_adv_mean=-0.0014 raw_adv_std=0.0833 | V1=0.4524 V2=0.4439 V3=0.4348 V4=0.4191 | T1=0.4576 T2=0.4754 T3=0.4873 T4=0.4882
[KL_FRAME] f0=0.013258 f1=0.014044 f2=0.014788 f3=0.015545 clip0=0.2030 adv0=0.7271
[ROLLOUT] live=3.86 survive=0.44067 per_step=0.02703 episode_projection=13.51
[POLICY_DETAIL] samples=49152 mb=12288 micro_mb=8192 logp_delta_abs=0.12964 old_logp=-62.93467 new_logp=-62.94950 sde_steps=4
[TRAIN] mean_reward=1.26065 mean_len=42.12 recent_eps=100 completed_eps=1937794
[UPDATE_EFFECT] action_delta=0.00908292 param_rms_delta=0.00017372
[TIME] collect=3.729s update=1.293s
[DONE] timeout=0.00000 anchor_pos=0.00610 anchor_ori=0.00317 ee_body=0.55627
[TRACK_ROLLOUT] anchor_pos=0.66801 anchor_ori=0.66250 body_pos=0.82607 body_ori=0.31244 body_lin=0.48208 body_ang=0.24130
[ACT_SUMMARY] abs_mean=1.4310 abs_p95=2.1147 abs_p99=2.3170 abs_max=3.0047 legs=1.4220 waist=0.7596 arms=1.5827
[FRAME_DIAG] frame0_abs=1.3833 frame1_abs=1.4176 in_chunk_delta=0.3923 cross_chunk_delta=0.3973
[TRAIN_COST] action_rate=7.69126 joint_limit=0.00880 contacts=2.46951 | weighted act_rate=-0.01538 contacts=-0.00494 pos=0.05054 penalty=-0.02208 total=0.02846
[RETURN_SPLIT] env_raw=0.10819 target_raw=0.10819 failure_cost=0.00000 realized=0.45346
[UPDATE] 170/500 reward_step=0.02929 env_raw=0.11145 target_raw=0.11145 done_frac=0.09163 mean_reward=1.20565 mean_len=41.48
[SFPO] loss=0.00098 policy=-0.00626 value=0.00724 ratio=0.9996 [0.307,2.815] clip=0.2002 kl_raw=0.013216 kl/step=0.013216 target/step=0.0100 kl_units=1 grad=1.5539 grad_c=0.1091 lr=0.000076 critic_lr=0.000300 early_stop@5
[CRITIC] V=0.4808 V_tgt=0.4839 valid_pfx=0.9650 death_frame=3.768 fail_pen=0.000 gae_lambda=0.950 max_delta=nan raw_adv_mean=0.0022 raw_adv_std=0.0842 | V1=0.4808 V2=0.4725 V3=0.4632 V4=0.4487 | T1=0.4857 T2=0.5047 T3=0.5171 T4=0.5200
[KL_FRAME] f0=0.011924 f1=0.012869 f2=0.013640 f3=0.014538 clip0=0.1816 adv0=0.7353
[ROLLOUT] live=3.86 survive=0.45447 per_step=0.02789 episode_projection=13.94
[POLICY_DETAIL] samples=49152 mb=12288 micro_mb=8192 logp_delta_abs=0.12319 old_logp=-62.91369 new_logp=-62.92716 sde_steps=4
[TRAIN] mean_reward=1.20565 mean_len=41.48 recent_eps=100 completed_eps=1983124
[UPDATE_EFFECT] action_delta=0.00849686 param_rms_delta=0.00014136
[TIME] collect=3.670s update=1.291s
[DONE] timeout=0.00000 anchor_pos=0.00500 anchor_ori=0.00281 ee_body=0.54236
[TRACK_ROLLOUT] anchor_pos=0.66570 anchor_ori=0.67560 body_pos=0.82576 body_ori=0.31290 body_lin=0.49366 body_ang=0.25144
[ACT_SUMMARY] abs_mean=1.4513 abs_p95=2.1275 abs_p99=2.3132 abs_max=2.8647 legs=1.4228 waist=0.7651 arms=1.6227
[FRAME_DIAG] frame0_abs=1.4034 frame1_abs=1.4380 in_chunk_delta=0.3859 cross_chunk_delta=0.4000
[TRAIN_COST] action_rate=7.59617 joint_limit=0.00853 contacts=2.45041 | weighted act_rate=-0.01519 contacts=-0.00490 pos=0.05109 penalty=-0.02180 total=0.02929
[RETURN_SPLIT] env_raw=0.11145 target_raw=0.11145 failure_cost=0.00000 realized=0.48393
[UPDATE] 180/500 reward_step=0.03005 env_raw=0.11466 target_raw=0.11466 done_frac=0.08718 mean_reward=1.25735 mean_len=42.00
[SFPO] loss=0.00252 policy=-0.00509 value=0.00762 ratio=0.9997 [0.294,2.754] clip=0.2280 kl_raw=0.014956 kl/step=0.014956 target/step=0.0100 kl_units=1 grad=1.9162 grad_c=0.1009 lr=0.000114 critic_lr=0.000300 early_stop@5
[CRITIC] V=0.5149 V_tgt=0.5178 valid_pfx=0.9678 death_frame=3.784 fail_pen=0.000 gae_lambda=0.950 max_delta=nan raw_adv_mean=0.0014 raw_adv_std=0.0865 | V1=0.5149 V2=0.5064 V3=0.4957 V4=0.4817 | T1=0.5199 T2=0.5385 T3=0.5504 T4=0.5536
[KL_FRAME] f0=0.013791 f1=0.014694 f2=0.015219 f3=0.016208 clip0=0.2110 adv0=0.7254
[ROLLOUT] live=3.87 survive=0.48047 per_step=0.02870 episode_projection=14.35
[POLICY_DETAIL] samples=49152 mb=12288 micro_mb=8192 logp_delta_abs=0.13223 old_logp=-62.91712 new_logp=-62.93226 sde_steps=4
[TRAIN] mean_reward=1.25735 mean_len=42.00 recent_eps=100 completed_eps=2026609
[UPDATE_EFFECT] action_delta=0.00855854 param_rms_delta=0.00015661
[TIME] collect=3.823s update=1.290s
[DONE] timeout=0.00000 anchor_pos=0.00403 anchor_ori=0.00305 ee_body=0.51758
[TRACK_ROLLOUT] anchor_pos=0.65577 anchor_ori=0.68773 body_pos=0.82459 body_ori=0.31579 body_lin=0.50077 body_ang=0.26136
[ACT_SUMMARY] abs_mean=1.4505 abs_p95=2.1290 abs_p99=2.3181 abs_max=2.8433 legs=1.3925 waist=0.7647 arms=1.6472
[FRAME_DIAG] frame0_abs=1.4032 frame1_abs=1.4378 in_chunk_delta=0.3814 cross_chunk_delta=0.4036
[TRAIN_COST] action_rate=7.52076 joint_limit=0.00812 contacts=2.38701 | weighted act_rate=-0.01504 contacts=-0.00477 pos=0.05149 penalty=-0.02144 total=0.03005
[RETURN_SPLIT] env_raw=0.11466 target_raw=0.11466 failure_cost=0.00000 realized=0.51777
[UPDATE] 190/500 reward_step=0.03071 env_raw=0.11730 target_raw=0.11730 done_frac=0.08362 mean_reward=1.48222 mean_len=49.60
[SFPO] loss=0.00286 policy=-0.00548 value=0.00834 ratio=0.9995 [0.307,3.071] clip=0.2006 kl_raw=0.013179 kl/step=0.013179 target/step=0.0100 kl_units=1 grad=1.5838 grad_c=0.0868 lr=0.000076 critic_lr=0.000300 early_stop@5
[CRITIC] V=0.5577 V_tgt=0.5601 valid_pfx=0.9686 death_frame=3.791 fail_pen=0.000 gae_lambda=0.950 max_delta=nan raw_adv_mean=0.0020 raw_adv_std=0.0908 | V1=0.5577 V2=0.5494 V3=0.5401 V4=0.5255 | T1=0.5625 T2=0.5814 T3=0.5949 T4=0.5977
[KL_FRAME] f0=0.012026 f1=0.012927 f2=0.013543 f3=0.014306 clip0=0.1840 adv0=0.7186
[ROLLOUT] live=3.87 survive=0.50073 per_step=0.02936 episode_projection=14.68
[POLICY_DETAIL] samples=49152 mb=12288 micro_mb=8192 logp_delta_abs=0.12311 old_logp=-62.89324 new_logp=-62.90676 sde_steps=4
[TRAIN] mean_reward=1.48222 mean_len=49.60 recent_eps=100 completed_eps=2068655
[UPDATE_EFFECT] action_delta=0.00798413 param_rms_delta=0.00013697
[TIME] collect=3.860s update=1.291s
[DONE] timeout=0.00000 anchor_pos=0.00354 anchor_ori=0.00269 ee_body=0.49744
[TRACK_ROLLOUT] anchor_pos=0.65690 anchor_ori=0.68847 body_pos=0.82628 body_ori=0.32170 body_lin=0.51315 body_ang=0.26975
[ACT_SUMMARY] abs_mean=1.4565 abs_p95=2.1332 abs_p99=2.3205 abs_max=2.7854 legs=1.3777 waist=0.7607 arms=1.6732
[FRAME_DIAG] frame0_abs=1.4097 frame1_abs=1.4440 in_chunk_delta=0.3767 cross_chunk_delta=0.4068
[TRAIN_COST] action_rate=7.45412 joint_limit=0.00829 contacts=2.39549 | weighted act_rate=-0.01491 contacts=-0.00479 pos=0.05207 penalty=-0.02136 total=0.03071
[RETURN_SPLIT] env_raw=0.11730 target_raw=0.11730 failure_cost=0.00000 realized=0.56008
[UPDATE] 200/500 reward_step=0.03114 env_raw=0.11901 target_raw=0.11901 done_frac=0.08207 mean_reward=1.44316 mean_len=45.76
[SFPO] loss=0.00300 policy=-0.00566 value=0.00865 ratio=0.9998 [0.181,2.432] clip=0.2117 kl_raw=0.013981 kl/step=0.013981 target/step=0.0100 kl_units=1 grad=1.8354 grad_c=0.1261 lr=0.000076 critic_lr=0.000300 early_stop@5
[CRITIC] V=0.5794 V_tgt=0.5837 valid_pfx=0.9694 death_frame=3.795 fail_pen=0.000 gae_lambda=0.950 max_delta=nan raw_adv_mean=0.0047 raw_adv_std=0.0920 | V1=0.5794 V2=0.5725 V3=0.5631 V4=0.5483 | T1=0.5846 T2=0.6050 T3=0.6184 T4=0.6212
[KL_FRAME] f0=0.013222 f1=0.013817 f2=0.014194 f3=0.014745 clip0=0.2017 adv0=0.7281
[ROLLOUT] live=3.88 survive=0.50928 per_step=0.02981 episode_projection=14.90
[POLICY_DETAIL] samples=49152 mb=12288 micro_mb=8192 logp_delta_abs=0.12713 old_logp=-62.91607 new_logp=-62.93012 sde_steps=4
[TRAIN] mean_reward=1.44316 mean_len=45.76 recent_eps=100 completed_eps=2109446
[UPDATE_EFFECT] action_delta=0.00800674 param_rms_delta=0.00013442
[TIME] collect=3.579s update=1.290s
[DONE] timeout=0.00000 anchor_pos=0.00452 anchor_ori=0.00269 ee_body=0.48816
[TRACK_ROLLOUT] anchor_pos=0.65519 anchor_ori=0.68851 body_pos=0.82682 body_ori=0.32176 body_lin=0.51875 body_ang=0.27366
[ACT_SUMMARY] abs_mean=1.4716 abs_p95=2.1615 abs_p99=2.3350 abs_max=2.7813 legs=1.3722 waist=0.7635 arms=1.7086
[FRAME_DIAG] frame0_abs=1.4240 frame1_abs=1.4583 in_chunk_delta=0.3720 cross_chunk_delta=0.4098
[TRAIN_COST] action_rate=7.39833 joint_limit=0.00826 contacts=2.33398 | weighted act_rate=-0.01480 contacts=-0.00467 pos=0.05226 penalty=-0.02112 total=0.03114
[RETURN_SPLIT] env_raw=0.11901 target_raw=0.11901 failure_cost=0.00000 realized=0.58369
[VALIDATION_START] update=200 max_steps=500 envs=8192 fixed_seed=disabled
[VALIDATION_RESET_START]
[VALIDATION_RESET_DONE] time=0.005s
[VALIDATION_PROGRESS] step=1/500 done=0.00000 alive=1.00000 elapsed=0.192s
[VALIDATION_PROGRESS] step=50/500 done=0.11975 alive=0.88025 elapsed=6.170s
[VALIDATION_PROGRESS] step=100/500 done=0.92725 alive=0.07275 elapsed=12.850s
[VALIDATION_EARLY_STOP] step=114 done_frac=0.9813
[VALIDATION_DONE] update=200 time=14.740s
[VAL] steps_mean=71.39 steps_min=17 steps_p50=69 steps_p95=104 steps_max=114 fail_phase_mean=69.6 return=3.48988 done=0.98132
[VAL_EE] left_ankle_bad=0.05710 left_ankle_z=0.08869 right_ankle_bad=0.05809 right_ankle_z=0.08794 left_wrist_bad=0.49770 left_wrist_z=0.19144 right_wrist_bad=0.20699 right_wrist_z=0.18441
[VAL_CAUSE] anchor_pos_bad=0.13843 anchor_ori_bad=0.11694 ee_body_bad=0.74414 time_out=0.00000 anchor_z=0.30758 anchor_grav=0.25071 ee_z_max=0.23788 ee_z_mean=0.13812
[VAL_WALL] alive@850=0.0187 motion_complete=0.0000 wrist_fail_825_840=0.0000 steps_p50=69
[VAL_PUSH] push_applied=0.6335 died_before_push=0.3619 pushed_then_died=0.6194 first_push_step=81.7
[CHECKPOINT] saved /home/y/my_mimic_mixgrpo/my_mimic_mixgrpo_h1/runs/sfpo_v6_fp0_500/checkpoints/update_0200.pt
[UPDATE] 210/500 reward_step=0.03189 env_raw=0.12210 target_raw=0.12210 done_frac=0.07825 mean_reward=1.45247 mean_len=46.84
[SFPO] loss=0.00318 policy=-0.00646 value=0.00964 ratio=0.9996 [0.328,2.682] clip=0.1897 kl_raw=0.012364 kl/step=0.012364 target/step=0.0100 kl_units=1 grad=1.6848 grad_c=0.2003 lr=0.000076 critic_lr=0.000300 early_stop@5
[CRITIC] V=0.6271 V_tgt=0.6303 valid_pfx=0.9711 death_frame=3.806 fail_pen=0.000 gae_lambda=0.950 max_delta=nan raw_adv_mean=0.0022 raw_adv_std=0.0964 | V1=0.6271 V2=0.6194 V3=0.6100 V4=0.5955 | T1=0.6316 T2=0.6515 T3=0.6656 T4=0.6689
[KL_FRAME] f0=0.011596 f1=0.012225 f2=0.012660 f3=0.013022 clip0=0.1775 adv0=0.7231
[ROLLOUT] live=3.88 survive=0.53271 per_step=0.03058 episode_projection=15.29
[POLICY_DETAIL] samples=49152 mb=12288 micro_mb=8192 logp_delta_abs=0.11927 old_logp=-62.93019 new_logp=-62.94287 sde_steps=4
[TRAIN] mean_reward=1.45247 mean_len=46.84 recent_eps=100 completed_eps=2149264
[UPDATE_EFFECT] action_delta=0.00801223 param_rms_delta=0.00013161
[TIME] collect=3.686s update=1.291s
[DONE] timeout=0.00000 anchor_pos=0.00317 anchor_ori=0.00220 ee_body=0.46582
[TRACK_ROLLOUT] anchor_pos=0.66460 anchor_ori=0.69116 body_pos=0.82957 body_ori=0.32607 body_lin=0.52826 body_ang=0.27976
[ACT_SUMMARY] abs_mean=1.4745 abs_p95=2.1785 abs_p99=2.3562 abs_max=2.8352 legs=1.3488 waist=0.7595 arms=1.7354
[FRAME_DIAG] frame0_abs=1.4263 frame1_abs=1.4613 in_chunk_delta=0.3686 cross_chunk_delta=0.4132
[TRAIN_COST] action_rate=7.34182 joint_limit=0.00854 contacts=2.27309 | weighted act_rate=-0.01468 contacts=-0.00455 pos=0.05283 penalty=-0.02094 total=0.03189
[RETURN_SPLIT] env_raw=0.12210 target_raw=0.12210 failure_cost=0.00000 realized=0.63032
[UPDATE] 220/500 reward_step=0.03218 env_raw=0.12299 target_raw=0.12299 done_frac=0.07979 mean_reward=1.53340 mean_len=48.20
[SFPO] loss=0.00441 policy=-0.00577 value=0.01017 ratio=0.9996 [0.353,3.004] clip=0.1969 kl_raw=0.013108 kl/step=0.013108 target/step=0.0100 kl_units=1 grad=1.7358 grad_c=0.1929 lr=0.000051 critic_lr=0.000300 early_stop@5
[CRITIC] V=0.6558 V_tgt=0.6586 valid_pfx=0.9696 death_frame=3.799 fail_pen=0.000 gae_lambda=0.950 max_delta=nan raw_adv_mean=0.0014 raw_adv_std=0.0992 | V1=0.6558 V2=0.6507 V3=0.6425 V4=0.6281 | T1=0.6607 T2=0.6828 T3=0.6976 T4=0.7002
[KL_FRAME] f0=0.012287 f1=0.012962 f2=0.013375 f3=0.013858 clip0=0.1864 adv0=0.7129
[ROLLOUT] live=3.88 survive=0.52246 per_step=0.03084 episode_projection=15.42
[POLICY_DETAIL] samples=49152 mb=12288 micro_mb=8192 logp_delta_abs=0.12270 old_logp=-62.92387 new_logp=-62.93726 sde_steps=4
[TRAIN] mean_reward=1.53340 mean_len=48.20 recent_eps=100 completed_eps=2188163
[UPDATE_EFFECT] action_delta=0.00729439 param_rms_delta=0.00010804
[TIME] collect=3.642s update=1.294s
[DONE] timeout=0.00000 anchor_pos=0.00293 anchor_ori=0.00220 ee_body=0.47620
[TRACK_ROLLOUT] anchor_pos=0.66286 anchor_ori=0.69249 body_pos=0.83067 body_ori=0.33059 body_lin=0.53044 body_ang=0.28211
[ACT_SUMMARY] abs_mean=1.4824 abs_p95=2.1912 abs_p99=2.3701 abs_max=2.8310 legs=1.3348 waist=0.7567 arms=1.7644
[FRAME_DIAG] frame0_abs=1.4361 frame1_abs=1.4689 in_chunk_delta=0.3654 cross_chunk_delta=0.4158
[TRAIN_COST] action_rate=7.31492 joint_limit=0.00874 contacts=2.23706 | weighted act_rate=-0.01463 contacts=-0.00447 pos=0.05303 penalty=-0.02085 total=0.03218
[RETURN_SPLIT] env_raw=0.12299 target_raw=0.12299 failure_cost=0.00000 realized=0.65864
[UPDATE] 230/500 reward_step=0.03276 env_raw=0.12549 target_raw=0.12549 done_frac=0.07546 mean_reward=1.71979 mean_len=52.72
[SFPO] loss=0.00549 policy=-0.00531 value=0.01080 ratio=0.9997 [0.308,2.710] clip=0.2018 kl_raw=0.013430 kl/step=0.013430 target/step=0.0100 kl_units=1 grad=1.8978 grad_c=0.1276 lr=0.000051 critic_lr=0.000300 early_stop@5
[CRITIC] V=0.6833 V_tgt=0.6883 valid_pfx=0.9717 death_frame=3.812 fail_pen=0.000 gae_lambda=0.950 max_delta=nan raw_adv_mean=0.0051 raw_adv_std=0.1036 | V1=0.6833 V2=0.6785 V3=0.6707 V4=0.6558 | T1=0.6892 T2=0.7113 T3=0.7268 T4=0.7285
[KL_FRAME] f0=0.012350 f1=0.013357 f2=0.013817 f3=0.014259 clip0=0.1874 adv0=0.7145
[ROLLOUT] live=3.89 survive=0.54895 per_step=0.03146 episode_projection=15.73
[POLICY_DETAIL] samples=49152 mb=12288 micro_mb=8192 logp_delta_abs=0.12430 old_logp=-62.88866 new_logp=-62.90221 sde_steps=4
[TRAIN] mean_reward=1.71979 mean_len=52.72 recent_eps=100 completed_eps=2225865
[UPDATE_EFFECT] action_delta=0.00741570 param_rms_delta=0.00010159
[TIME] collect=3.735s update=1.296s
[DONE] timeout=0.00000 anchor_pos=0.00244 anchor_ori=0.00159 ee_body=0.44946
[TRACK_ROLLOUT] anchor_pos=0.66485 anchor_ori=0.69015 body_pos=0.83519 body_ori=0.33314 body_lin=0.53545 body_ang=0.28580
[ACT_SUMMARY] abs_mean=1.4886 abs_p95=2.2003 abs_p99=2.3761 abs_max=2.8227 legs=1.3124 waist=0.7524 arms=1.7973
[FRAME_DIAG] frame0_abs=1.4426 frame1_abs=1.4761 in_chunk_delta=0.3613 cross_chunk_delta=0.4184
[TRAIN_COST] action_rate=7.25292 joint_limit=0.00874 contacts=2.16226 | weighted act_rate=-0.01451 contacts=-0.00432 pos=0.05334 penalty=-0.02058 total=0.03276
[RETURN_SPLIT] env_raw=0.12549 target_raw=0.12549 failure_cost=0.00000 realized=0.68832
[UPDATE] 240/500 reward_step=0.03318 env_raw=0.12716 target_raw=0.12716 done_frac=0.07243 mean_reward=1.80128 mean_len=53.92
[SFPO] loss=0.00668 policy=-0.00538 value=0.01206 ratio=0.9995 [0.367,2.872] clip=0.2140 kl_raw=0.014078 kl/step=0.014078 target/step=0.0100 kl_units=1 grad=1.9535 grad_c=0.2600 lr=0.000076 critic_lr=0.000300 early_stop@5
[CRITIC] V=0.7328 V_tgt=0.7345 valid_pfx=0.9723 death_frame=3.817 fail_pen=0.000 gae_lambda=0.950 max_delta=nan raw_adv_mean=-0.0004 raw_adv_std=0.1074 | V1=0.7328 V2=0.7274 V3=0.7190 V4=0.7045 | T1=0.7369 T2=0.7588 T3=0.7743 T4=0.7766
[KL_FRAME] f0=0.013516 f1=0.014033 f2=0.014105 f3=0.014696 clip0=0.2067 adv0=0.7106
[ROLLOUT] live=3.89 survive=0.56641 per_step=0.03187 episode_projection=15.93
[POLICY_DETAIL] samples=49152 mb=12288 micro_mb=8192 logp_delta_abs=0.12784 old_logp=-62.89903 new_logp=-62.91348 sde_steps=4
[TRAIN] mean_reward=1.80128 mean_len=53.92 recent_eps=100 completed_eps=2262490
[UPDATE_EFFECT] action_delta=0.00848921 param_rms_delta=0.00012425
[TIME] collect=3.719s update=1.296s
[DONE] timeout=0.00000 anchor_pos=0.00183 anchor_ori=0.00183 ee_body=0.43213
[TRACK_ROLLOUT] anchor_pos=0.66794 anchor_ori=0.69561 body_pos=0.83895 body_ori=0.34068 body_lin=0.53903 body_ang=0.28755
[ACT_SUMMARY] abs_mean=1.4790 abs_p95=2.1945 abs_p99=2.3813 abs_max=2.7900 legs=1.2922 waist=0.7498 arms=1.7954
[FRAME_DIAG] frame0_abs=1.4347 frame1_abs=1.4665 in_chunk_delta=0.3590 cross_chunk_delta=0.4231
[TRAIN_COST] action_rate=7.23757 joint_limit=0.00932 contacts=2.12089 | weighted act_rate=-0.01448 contacts=-0.00424 pos=0.05376 penalty=-0.02058 total=0.03318
[RETURN_SPLIT] env_raw=0.12716 target_raw=0.12716 failure_cost=0.00000 realized=0.73449
[UPDATE] 250/500 reward_step=0.03307 env_raw=0.12678 target_raw=0.12678 done_frac=0.07178 mean_reward=1.81246 mean_len=53.92
[SFPO] loss=0.00649 policy=-0.00577 value=0.01226 ratio=0.9996 [0.317,2.557] clip=0.2038 kl_raw=0.013301 kl/step=0.013301 target/step=0.0100 kl_units=1 grad=1.9907 grad_c=0.1419 lr=0.000076 critic_lr=0.000300 early_stop@5
[CRITIC] V=0.7433 V_tgt=0.7445 valid_pfx=0.9727 death_frame=3.819 fail_pen=0.000 gae_lambda=0.950 max_delta=nan raw_adv_mean=-0.0016 raw_adv_std=0.1104 | V1=0.7433 V2=0.7386 V3=0.7293 V4=0.7154 | T1=0.7469 T2=0.7698 T3=0.7839 T4=0.7866
[KL_FRAME] f0=0.012335 f1=0.013153 f2=0.013530 f3=0.014243 clip0=0.1894 adv0=0.7084
[ROLLOUT] live=3.89 survive=0.57068 per_step=0.03176 episode_projection=15.88
[POLICY_DETAIL] samples=49152 mb=12288 micro_mb=8192 logp_delta_abs=0.12390 old_logp=-62.91408 new_logp=-62.92762 sde_steps=4
[TRAIN] mean_reward=1.81246 mean_len=53.92 recent_eps=100 completed_eps=2298401
[UPDATE_EFFECT] action_delta=0.00772879 param_rms_delta=0.00011792
[TIME] collect=3.738s update=1.290s
[DONE] timeout=0.00000 anchor_pos=0.00195 anchor_ori=0.00208 ee_body=0.42786
[TRACK_ROLLOUT] anchor_pos=0.66159 anchor_ori=0.69332 body_pos=0.83619 body_ori=0.34015 body_lin=0.53114 body_ang=0.28254
[ACT_SUMMARY] abs_mean=1.4718 abs_p95=2.2034 abs_p99=2.3927 abs_max=2.9438 legs=1.2641 waist=0.7564 arms=1.8032
[FRAME_DIAG] frame0_abs=1.4289 frame1_abs=1.4592 in_chunk_delta=0.3575 cross_chunk_delta=0.4260
[TRAIN_COST] action_rate=7.22906 joint_limit=0.00888 contacts=2.02384 | weighted act_rate=-0.01446 contacts=-0.00405 pos=0.05335 penalty=-0.02028 total=0.03307
[RETURN_SPLIT] env_raw=0.12678 target_raw=0.12678 failure_cost=0.00000 realized=0.74453
[UPDATE] 260/500 reward_step=0.03372 env_raw=0.12922 target_raw=0.12922 done_frac=0.07204 mean_reward=1.90050 mean_len=56.64
[SFPO] loss=0.00721 policy=-0.00536 value=0.01257 ratio=0.9995 [0.256,2.903] clip=0.1984 kl_raw=0.013164 kl/step=0.013164 target/step=0.0100 kl_units=1 grad=1.8090 grad_c=0.1967 lr=0.000051 critic_lr=0.000300 early_stop@5
[CRITIC] V=0.7794 V_tgt=0.7808 valid_pfx=0.9725 death_frame=3.818 fail_pen=0.000 gae_lambda=0.950 max_delta=nan raw_adv_mean=-0.0013 raw_adv_std=0.1107 | V1=0.7794 V2=0.7756 V3=0.7677 V4=0.7535 | T1=0.7836 T2=0.8062 T3=0.8225 T4=0.8255
[KL_FRAME] f0=0.012354 f1=0.013209 f2=0.013469 f3=0.013668 clip0=0.1873 adv0=0.7101
[ROLLOUT] live=3.89 survive=0.56909 per_step=0.03237 episode_projection=16.18
[POLICY_DETAIL] samples=49152 mb=12288 micro_mb=8192 logp_delta_abs=0.12304 old_logp=-62.90879 new_logp=-62.92236 sde_steps=4
[TRAIN] mean_reward=1.90050 mean_len=56.64 recent_eps=100 completed_eps=2333544
[UPDATE_EFFECT] action_delta=0.00752276 param_rms_delta=0.00010113
[TIME] collect=3.700s update=1.293s
[DONE] timeout=0.00000 anchor_pos=0.00342 anchor_ori=0.00110 ee_body=0.42957
[TRACK_ROLLOUT] anchor_pos=0.66530 anchor_ori=0.69732 body_pos=0.83849 body_ori=0.35255 body_lin=0.53257 body_ang=0.28390
[ACT_SUMMARY] abs_mean=1.4510 abs_p95=2.1835 abs_p99=2.3756 abs_max=2.8199 legs=1.2431 waist=0.7559 arms=1.7782
[FRAME_DIAG] frame0_abs=1.4094 frame1_abs=1.4399 in_chunk_delta=0.3567 cross_chunk_delta=0.4325
[TRAIN_COST] action_rate=7.26598 joint_limit=0.00831 contacts=1.93334 | weighted act_rate=-0.01453 contacts=-0.00387 pos=0.05378 penalty=-0.02006 total=0.03372
[RETURN_SPLIT] env_raw=0.12922 target_raw=0.12922 failure_cost=0.00000 realized=0.78080
[UPDATE] 270/500 reward_step=0.03383 env_raw=0.12982 target_raw=0.12982 done_frac=0.06891 mean_reward=1.94712 mean_len=57.64
[SFPO] loss=0.00889 policy=-0.00514 value=0.01403 ratio=0.9998 [0.305,2.733] clip=0.2092 kl_raw=0.013710 kl/step=0.013710 target/step=0.0100 kl_units=1 grad=2.1183 grad_c=0.1806 lr=0.000076 critic_lr=0.000300 early_stop@5
[CRITIC] V=0.8171 V_tgt=0.8176 valid_pfx=0.9738 death_frame=3.826 fail_pen=0.000 gae_lambda=0.950 max_delta=nan raw_adv_mean=-0.0021 raw_adv_std=0.1188 | V1=0.8171 V2=0.8143 V3=0.8056 V4=0.7920 | T1=0.8211 T2=0.8444 T3=0.8597 T4=0.8621
[KL_FRAME] f0=0.013194 f1=0.013921 f2=0.013809 f3=0.013937 clip0=0.2015 adv0=0.7000
[ROLLOUT] live=3.90 survive=0.58850 per_step=0.03250 episode_projection=16.25
[POLICY_DETAIL] samples=49152 mb=12288 micro_mb=8192 logp_delta_abs=0.12569 old_logp=-62.90721 new_logp=-62.92102 sde_steps=4
[TRAIN] mean_reward=1.94712 mean_len=57.64 recent_eps=100 completed_eps=2367896
[UPDATE_EFFECT] action_delta=0.00828878 param_rms_delta=0.00011560
[TIME] collect=3.721s update=1.290s
[DONE] timeout=0.00000 anchor_pos=0.00195 anchor_ori=0.00146 ee_body=0.41016
[TRACK_ROLLOUT] anchor_pos=0.66322 anchor_ori=0.70292 body_pos=0.83941 body_ori=0.35932 body_lin=0.52939 body_ang=0.28152
[ACT_SUMMARY] abs_mean=1.4273 abs_p95=2.1674 abs_p99=2.3616 abs_max=2.7496 legs=1.2179 waist=0.7518 arms=1.7515
[FRAME_DIAG] frame0_abs=1.3861 frame1_abs=1.4163 in_chunk_delta=0.3560 cross_chunk_delta=0.4382
[TRAIN_COST] action_rate=7.30098 joint_limit=0.00839 contacts=1.87344 | weighted act_rate=-0.01460 contacts=-0.00375 pos=0.05385 penalty=-0.02003 total=0.03383
[RETURN_SPLIT] env_raw=0.12982 target_raw=0.12982 failure_cost=0.00000 realized=0.81761
[UPDATE] 280/500 reward_step=0.03414 env_raw=0.13109 target_raw=0.13109 done_frac=0.06838 mean_reward=1.96766 mean_len=57.68
[SFPO] loss=0.01019 policy=-0.00519 value=0.01538 ratio=0.9999 [0.264,3.445] clip=0.2256 kl_raw=0.014932 kl/step=0.014932 target/step=0.0100 kl_units=1 grad=2.1053 grad_c=0.1774 lr=0.000076 critic_lr=0.000300 early_stop@5
[CRITIC] V=0.8346 V_tgt=0.8376 valid_pfx=0.9743 death_frame=3.829 fail_pen=0.000 gae_lambda=0.950 max_delta=nan raw_adv_mean=0.0014 raw_adv_std=0.1238 | V1=0.8346 V2=0.8322 V3=0.8250 V4=0.8115 | T1=0.8391 T2=0.8631 T3=0.8799 T4=0.8821
[KL_FRAME] f0=0.014412 f1=0.015069 f2=0.015033 f3=0.015239 clip0=0.2190 adv0=0.6958
[ROLLOUT] live=3.90 survive=0.59143 per_step=0.03281 episode_projection=16.41
[POLICY_DETAIL] samples=49152 mb=12288 micro_mb=8192 logp_delta_abs=0.13123 old_logp=-62.88997 new_logp=-62.90484 sde_steps=4
[TRAIN] mean_reward=1.96766 mean_len=57.68 recent_eps=100 completed_eps=2401205
[UPDATE_EFFECT] action_delta=0.00819011 param_rms_delta=0.00012001
[TIME] collect=3.652s update=1.290s
[DONE] timeout=0.00000 anchor_pos=0.00208 anchor_ori=0.00073 ee_body=0.40747
[TRACK_ROLLOUT] anchor_pos=0.65834 anchor_ori=0.70840 body_pos=0.84289 body_ori=0.36525 body_lin=0.52986 body_ang=0.28100
[ACT_SUMMARY] abs_mean=1.4131 abs_p95=2.1699 abs_p99=2.3861 abs_max=2.7768 legs=1.1842 waist=0.7491 arms=1.7516
[FRAME_DIAG] frame0_abs=1.3733 frame1_abs=1.4028 in_chunk_delta=0.3552 cross_chunk_delta=0.4419
[TRAIN_COST] action_rate=7.30700 joint_limit=0.00866 contacts=1.77872 | weighted act_rate=-0.01461 contacts=-0.00356 pos=0.05405 penalty=-0.01990 total=0.03414
[RETURN_SPLIT] env_raw=0.13109 target_raw=0.13109 failure_cost=0.00000 realized=0.83760
[UPDATE] 290/500 reward_step=0.03389 env_raw=0.13027 target_raw=0.13027 done_frac=0.06468 mean_reward=2.20946 mean_len=64.40
[SFPO] loss=0.00981 policy=-0.00577 value=0.01558 ratio=0.9994 [0.270,2.583] clip=0.2057 kl_raw=0.013424 kl/step=0.013424 target/step=0.0100 kl_units=1 grad=2.1751 grad_c=0.1931 lr=0.000076 critic_lr=0.000300 early_stop@5
[CRITIC] V=0.8500 V_tgt=0.8527 valid_pfx=0.9756 death_frame=3.838 fail_pen=0.000 gae_lambda=0.950 max_delta=nan raw_adv_mean=0.0014 raw_adv_std=0.1246 | V1=0.8500 V2=0.8455 V3=0.8387 V4=0.8260 | T1=0.8529 T2=0.8756 T3=0.8937 T4=0.8961
[KL_FRAME] f0=0.013026 f1=0.013825 f2=0.013405 f3=0.013449 clip0=0.2013 adv0=0.7119
[ROLLOUT] live=3.90 survive=0.61304 per_step=0.03259 episode_projection=16.29
[POLICY_DETAIL] samples=49152 mb=12288 micro_mb=8192 logp_delta_abs=0.12527 old_logp=-62.91881 new_logp=-62.93274 sde_steps=4
[TRAIN] mean_reward=2.20946 mean_len=64.40 recent_eps=100 completed_eps=2434035
[UPDATE_EFFECT] action_delta=0.00832811 param_rms_delta=0.00011148
[TIME] collect=3.677s update=1.289s
[DONE] timeout=0.00000 anchor_pos=0.00183 anchor_ori=0.00159 ee_body=0.38562
[TRACK_ROLLOUT] anchor_pos=0.64444 anchor_ori=0.70903 body_pos=0.84340 body_ori=0.36438 body_lin=0.52305 body_ang=0.27632
[ACT_SUMMARY] abs_mean=1.3938 abs_p95=2.1271 abs_p99=2.3627 abs_max=2.8300 legs=1.1570 waist=0.7472 arms=1.7353
[FRAME_DIAG] frame0_abs=1.3552 frame1_abs=1.3831 in_chunk_delta=0.3549 cross_chunk_delta=0.4462
[TRAIN_COST] action_rate=7.33833 joint_limit=0.00891 contacts=1.66636 | weighted act_rate=-0.01468 contacts=-0.00333 pos=0.05368 penalty=-0.01979 total=0.03389
[RETURN_SPLIT] env_raw=0.13027 target_raw=0.13027 failure_cost=0.00000 realized=0.85273
[UPDATE] 300/500 reward_step=0.03401 env_raw=0.13079 target_raw=0.13079 done_frac=0.06537 mean_reward=1.87594 mean_len=56.68
[SFPO] loss=0.01111 policy=-0.00603 value=0.01714 ratio=0.9993 [0.369,2.502] clip=0.2102 kl_raw=0.013759 kl/step=0.013759 target/step=0.0100 kl_units=1 grad=2.1182 grad_c=0.2301 lr=0.000076 critic_lr=0.000300 early_stop@5
[CRITIC] V=0.8677 V_tgt=0.8727 valid_pfx=0.9759 death_frame=3.838 fail_pen=0.000 gae_lambda=0.950 max_delta=nan raw_adv_mean=0.0056 raw_adv_std=0.1303 | V1=0.8677 V2=0.8642 V3=0.8577 V4=0.8464 | T1=0.8710 T2=0.8948 T3=0.9128 T4=0.9168
[KL_FRAME] f0=0.013208 f1=0.013967 f2=0.013868 f3=0.014012 clip0=0.2017 adv0=0.6822
[ROLLOUT] live=3.90 survive=0.60901 per_step=0.03273 episode_projection=16.37
[POLICY_DETAIL] samples=49152 mb=12288 micro_mb=8192 logp_delta_abs=0.12661 old_logp=-62.93603 new_logp=-62.95037 sde_steps=4
[TRAIN] mean_reward=1.87594 mean_len=56.68 recent_eps=100 completed_eps=2466159
[UPDATE_EFFECT] action_delta=0.00871207 param_rms_delta=0.00011408
[TIME] collect=3.455s update=1.294s
[DONE] timeout=0.00000 anchor_pos=0.00232 anchor_ori=0.00244 ee_body=0.38904
[TRACK_ROLLOUT] anchor_pos=0.64245 anchor_ori=0.71217 body_pos=0.84239 body_ori=0.36897 body_lin=0.52282 body_ang=0.27547
[ACT_SUMMARY] abs_mean=1.3739 abs_p95=2.1084 abs_p99=2.3525 abs_max=2.7253 legs=1.1412 waist=0.7353 arms=1.7103
[FRAME_DIAG] frame0_abs=1.3350 frame1_abs=1.3633 in_chunk_delta=0.3548 cross_chunk_delta=0.4494
[TRAIN_COST] action_rate=7.36533 joint_limit=0.00892 contacts=1.60711 | weighted act_rate=-0.01473 contacts=-0.00321 pos=0.05374 penalty=-0.01973 total=0.03401
[RETURN_SPLIT] env_raw=0.13079 target_raw=0.13079 failure_cost=0.00000 realized=0.87273
[VALIDATION_START] update=300 max_steps=500 envs=8192 fixed_seed=disabled
[VALIDATION_RESET_START]
[VALIDATION_RESET_DONE] time=0.004s
[VALIDATION_PROGRESS] step=1/500 done=0.00000 alive=1.00000 elapsed=0.190s
[VALIDATION_PROGRESS] step=50/500 done=0.10669 alive=0.89331 elapsed=6.105s
[VALIDATION_PROGRESS] step=100/500 done=0.93127 alive=0.06873 elapsed=12.851s
[VALIDATION_EARLY_STOP] step=116 done_frac=0.9811
[VALIDATION_DONE] update=300 time=15.002s
[VAL] steps_mean=74.18 steps_min=16 steps_p50=70 steps_p95=104 steps_max=116 fail_phase_mean=72.4 return=3.55574 done=0.98108
[VAL_EE] left_ankle_bad=0.04380 left_ankle_z=0.06940 right_ankle_bad=0.02451 right_ankle_z=0.05916 left_wrist_bad=0.53938 left_wrist_z=0.20865 right_wrist_bad=0.22148 right_wrist_z=0.19274
[VAL_CAUSE] anchor_pos_bad=0.16614 anchor_ori_bad=0.12134 ee_body_bad=0.73755 time_out=0.00000 anchor_z=0.30902 anchor_grav=0.22779 ee_z_max=0.24178 ee_z_mean=0.13249
[VAL_WALL] alive@850=0.0189 motion_complete=0.0000 wrist_fail_825_840=0.0000 steps_p50=70
[VAL_PUSH] push_applied=0.6707 died_before_push=0.3240 pushed_then_died=0.6571 first_push_step=83.0
[CHECKPOINT] saved /home/y/my_mimic_mixgrpo/my_mimic_mixgrpo_h1/runs/sfpo_v6_fp0_500/checkpoints/update_0300.pt
[UPDATE] 310/500 reward_step=0.03404 env_raw=0.13090 target_raw=0.13090 done_frac=0.06437 mean_reward=1.93325 mean_len=57.80
[SFPO] loss=0.01134 policy=-0.00511 value=0.01645 ratio=0.9990 [0.332,2.441] clip=0.2008 kl_raw=0.013073 kl/step=0.013073 target/step=0.0100 kl_units=1 grad=2.2243 grad_c=0.1693 lr=0.000076 critic_lr=0.000300 early_stop@5
[CRITIC] V=0.8724 V_tgt=0.8774 valid_pfx=0.9760 death_frame=3.840 fail_pen=0.000 gae_lambda=0.950 max_delta=nan raw_adv_mean=0.0054 raw_adv_std=0.1285 | V1=0.8724 V2=0.8698 V3=0.8633 V4=0.8510 | T1=0.8763 T2=0.9002 T3=0.9179 T4=0.9211
[KL_FRAME] f0=0.012452 f1=0.013257 f2=0.013232 f3=0.013372 clip0=0.1893 adv0=0.6910
[ROLLOUT] live=3.90 survive=0.61499 per_step=0.03274 episode_projection=16.37
[POLICY_DETAIL] samples=49152 mb=12288 micro_mb=8192 logp_delta_abs=0.12380 old_logp=-62.89652 new_logp=-62.91042 sde_steps=4
[TRAIN] mean_reward=1.93325 mean_len=57.80 recent_eps=100 completed_eps=2497743
[UPDATE_EFFECT] action_delta=0.00796463 param_rms_delta=0.00011078
[TIME] collect=3.747s update=1.289s
[DONE] timeout=0.00000 anchor_pos=0.00098 anchor_ori=0.00256 ee_body=0.38293
[TRACK_ROLLOUT] anchor_pos=0.63908 anchor_ori=0.71529 body_pos=0.84249 body_ori=0.36959 body_lin=0.51536 body_ang=0.27152
[ACT_SUMMARY] abs_mean=1.3637 abs_p95=2.1133 abs_p99=2.3550 abs_max=2.8060 legs=1.1114 waist=0.7343 arms=1.7148
[FRAME_DIAG] frame0_abs=1.3264 frame1_abs=1.3538 in_chunk_delta=0.3535 cross_chunk_delta=0.4517
[TRAIN_COST] action_rate=7.34762 joint_limit=0.00894 contacts=1.50256 | weighted act_rate=-0.01470 contacts=-0.00301 pos=0.05352 penalty=-0.01949 total=0.03404
[RETURN_SPLIT] env_raw=0.13090 target_raw=0.13090 failure_cost=0.00000 realized=0.87739
[UPDATE] 320/500 reward_step=0.03433 env_raw=0.13210 target_raw=0.13210 done_frac=0.06344 mean_reward=2.23919 mean_len=64.44
[SFPO] loss=0.01198 policy=-0.00602 value=0.01800 ratio=0.9995 [0.243,2.613] clip=0.2061 kl_raw=0.013436 kl/step=0.013436 target/step=0.0100 kl_units=1 grad=2.1082 grad_c=0.1421 lr=0.000076 critic_lr=0.000300 early_stop@5
[CRITIC] V=0.9135 V_tgt=0.9171 valid_pfx=0.9765 death_frame=3.843 fail_pen=0.000 gae_lambda=0.950 max_delta=nan raw_adv_mean=0.0031 raw_adv_std=0.1343 | V1=0.9135 V2=0.9117 V3=0.9040 V4=0.8924 | T1=0.9171 T2=0.9407 T3=0.9580 T4=0.9618
[KL_FRAME] f0=0.013329 f1=0.013759 f2=0.013317 f3=0.013336 clip0=0.2032 adv0=0.6775
[ROLLOUT] live=3.91 survive=0.62012 per_step=0.03303 episode_projection=16.51
[POLICY_DETAIL] samples=49152 mb=12288 micro_mb=8192 logp_delta_abs=0.12534 old_logp=-62.90153 new_logp=-62.91533 sde_steps=4
[TRAIN] mean_reward=2.23919 mean_len=64.44 recent_eps=100 completed_eps=2529120
[UPDATE_EFFECT] action_delta=0.00921286 param_rms_delta=0.00011401
[TIME] collect=3.642s update=1.292s
[DONE] timeout=0.00000 anchor_pos=0.00244 anchor_ori=0.00098 ee_body=0.37915
[TRACK_ROLLOUT] anchor_pos=0.63706 anchor_ori=0.71416 body_pos=0.84529 body_ori=0.37859 body_lin=0.51431 body_ang=0.27171
[ACT_SUMMARY] abs_mean=1.3536 abs_p95=2.0729 abs_p99=2.3209 abs_max=2.8042 legs=1.1039 waist=0.7343 arms=1.7004
[FRAME_DIAG] frame0_abs=1.3175 frame1_abs=1.3447 in_chunk_delta=0.3528 cross_chunk_delta=0.4561
[TRAIN_COST] action_rate=7.37659 joint_limit=0.00839 contacts=1.47450 | weighted act_rate=-0.01475 contacts=-0.00295 pos=0.05371 penalty=-0.01938 total=0.03433
[RETURN_SPLIT] env_raw=0.13210 target_raw=0.13210 failure_cost=0.00000 realized=0.91706
[UPDATE] 330/500 reward_step=0.03430 env_raw=0.13202 target_raw=0.13202 done_frac=0.06193 mean_reward=2.25825 mean_len=65.24
[SFPO] loss=0.01196 policy=-0.00552 value=0.01748 ratio=0.9991 [0.367,2.879] clip=0.2008 kl_raw=0.013106 kl/step=0.013106 target/step=0.0100 kl_units=1 grad=2.2756 grad_c=0.1977 lr=0.000076 critic_lr=0.000300 early_stop@5
[CRITIC] V=0.9347 V_tgt=0.9381 valid_pfx=0.9770 death_frame=3.846 fail_pen=0.000 gae_lambda=0.950 max_delta=nan raw_adv_mean=0.0019 raw_adv_std=0.1329 | V1=0.9347 V2=0.9349 V3=0.9293 V4=0.9165 | T1=0.9402 T2=0.9642 T3=0.9817 T4=0.9830
[KL_FRAME] f0=0.012627 f1=0.013369 f2=0.013283 f3=0.013151 clip0=0.1922 adv0=0.7116
[ROLLOUT] live=3.91 survive=0.62939 per_step=0.03302 episode_projection=16.51
[POLICY_DETAIL] samples=49152 mb=12288 micro_mb=8192 logp_delta_abs=0.12396 old_logp=-62.91086 new_logp=-62.92473 sde_steps=4
[TRAIN] mean_reward=2.25825 mean_len=65.24 recent_eps=100 completed_eps=2559924
[UPDATE_EFFECT] action_delta=0.00835488 param_rms_delta=0.00010976
[TIME] collect=3.622s update=1.292s
[DONE] timeout=0.00000 anchor_pos=0.00256 anchor_ori=0.00171 ee_body=0.36877
[TRACK_ROLLOUT] anchor_pos=0.62913 anchor_ori=0.71716 body_pos=0.84614 body_ori=0.38256 body_lin=0.51470 body_ang=0.27133
[ACT_SUMMARY] abs_mean=1.3412 abs_p95=2.0718 abs_p99=2.3259 abs_max=2.8687 legs=1.0903 waist=0.7290 arms=1.6876
[FRAME_DIAG] frame0_abs=1.3055 frame1_abs=1.3319 in_chunk_delta=0.3522 cross_chunk_delta=0.4592
[TRAIN_COST] action_rate=7.39175 joint_limit=0.00896 contacts=1.44342 | weighted act_rate=-0.01478 contacts=-0.00289 pos=0.05376 penalty=-0.01946 total=0.03430
[RETURN_SPLIT] env_raw=0.13202 target_raw=0.13202 failure_cost=0.00000 realized=0.93812
[UPDATE] 340/500 reward_step=0.03448 env_raw=0.13261 target_raw=0.13261 done_frac=0.06209 mean_reward=2.22911 mean_len=63.36
[SFPO] loss=0.01131 policy=-0.00520 value=0.01651 ratio=0.9995 [0.296,2.839] clip=0.2217 kl_raw=0.014493 kl/step=0.014493 target/step=0.0100 kl_units=1 grad=2.2539 grad_c=0.2174 lr=0.000076 critic_lr=0.000300 early_stop@5
[CRITIC] V=0.9323 V_tgt=0.9351 valid_pfx=0.9762 death_frame=3.843 fail_pen=0.000 gae_lambda=0.950 max_delta=nan raw_adv_mean=0.0017 raw_adv_std=0.1280 | V1=0.9323 V2=0.9314 V3=0.9249 V4=0.9123 | T1=0.9352 T2=0.9609 T3=0.9780 T4=0.9806
[KL_FRAME] f0=0.014127 f1=0.014833 f2=0.014505 f3=0.014512 clip0=0.2164 adv0=0.6994
[ROLLOUT] live=3.90 survive=0.62866 per_step=0.03316 episode_projection=16.58
[POLICY_DETAIL] samples=49152 mb=12288 micro_mb=8192 logp_delta_abs=0.12948 old_logp=-62.91327 new_logp=-62.92811 sde_steps=4
[TRAIN] mean_reward=2.22911 mean_len=63.36 recent_eps=100 completed_eps=2590609
[UPDATE_EFFECT] action_delta=0.00958203 param_rms_delta=0.00011328
[TIME] collect=3.649s update=1.291s
[DONE] timeout=0.00000 anchor_pos=0.00134 anchor_ori=0.00171 ee_body=0.36987
[TRACK_ROLLOUT] anchor_pos=0.62343 anchor_ori=0.71660 body_pos=0.84731 body_ori=0.38607 body_lin=0.51142 body_ang=0.26850
[ACT_SUMMARY] abs_mean=1.3283 abs_p95=2.0465 abs_p99=2.3261 abs_max=2.8328 legs=1.0663 waist=0.7175 arms=1.6838
[FRAME_DIAG] frame0_abs=1.2918 frame1_abs=1.3186 in_chunk_delta=0.3517 cross_chunk_delta=0.4627
[TRAIN_COST] action_rate=7.41472 joint_limit=0.00830 contacts=1.34977 | weighted act_rate=-0.01483 contacts=-0.00270 pos=0.05367 penalty=-0.01919 total=0.03448
[RETURN_SPLIT] env_raw=0.13261 target_raw=0.13261 failure_cost=0.00000 realized=0.93506
[UPDATE] 350/500 reward_step=0.03435 env_raw=0.13213 target_raw=0.13213 done_frac=0.06325 mean_reward=2.11763 mean_len=60.56
[SFPO] loss=0.01253 policy=-0.00532 value=0.01785 ratio=0.9995 [0.369,3.095] clip=0.2154 kl_raw=0.013989 kl/step=0.013989 target/step=0.0100 kl_units=1 grad=2.3300 grad_c=0.2020 lr=0.000076 critic_lr=0.000300 early_stop@5
[CRITIC] V=0.9614 V_tgt=0.9626 valid_pfx=0.9762 death_frame=3.841 fail_pen=0.000 gae_lambda=0.950 max_delta=nan raw_adv_mean=-0.0021 raw_adv_std=0.1338 | V1=0.9614 V2=0.9597 V3=0.9544 V4=0.9443 | T1=0.9637 T2=0.9879 T3=1.0066 T4=1.0111
[KL_FRAME] f0=0.013899 f1=0.014440 f2=0.013888 f3=0.013717 clip0=0.2134 adv0=0.6873
[ROLLOUT] live=3.90 survive=0.62170 per_step=0.03303 episode_projection=16.52
[POLICY_DETAIL] samples=49152 mb=12288 micro_mb=8192 logp_delta_abs=0.12820 old_logp=-62.96044 new_logp=-62.97478 sde_steps=4
[TRAIN] mean_reward=2.11763 mean_len=60.56 recent_eps=100 completed_eps=2621265
[UPDATE_EFFECT] action_delta=0.00864890 param_rms_delta=0.00010844
[TIME] collect=3.642s update=1.296s
[DONE] timeout=0.00000 anchor_pos=0.00146 anchor_ori=0.00146 ee_body=0.37732
[TRACK_ROLLOUT] anchor_pos=0.62271 anchor_ori=0.71093 body_pos=0.84598 body_ori=0.38949 body_lin=0.50762 body_ang=0.26603
[ACT_SUMMARY] abs_mean=1.3166 abs_p95=2.0254 abs_p99=2.3150 abs_max=2.8016 legs=1.0618 waist=0.7167 arms=1.6635
[FRAME_DIAG] frame0_abs=1.2796 frame1_abs=1.3072 in_chunk_delta=0.3515 cross_chunk_delta=0.4644
[TRAIN_COST] action_rate=7.42468 joint_limit=0.00855 contacts=1.30246 | weighted act_rate=-0.01485 contacts=-0.00260 pos=0.05352 penalty=-0.01916 total=0.03435
[RETURN_SPLIT] env_raw=0.13213 target_raw=0.13213 failure_cost=0.00000 realized=0.96261
[UPDATE] 360/500 reward_step=0.03419 env_raw=0.13150 target_raw=0.13150 done_frac=0.06226 mean_reward=2.18489 mean_len=62.08
[SFPO] loss=0.01254 policy=-0.00613 value=0.01868 ratio=0.9991 [0.376,2.611] clip=0.2156 kl_raw=0.014032 kl/step=0.014032 target/step=0.0100 kl_units=1 grad=2.2328 grad_c=0.1933 lr=0.000076 critic_lr=0.000300 early_stop@5
[CRITIC] V=0.9362 V_tgt=0.9388 valid_pfx=0.9762 death_frame=3.843 fail_pen=0.000 gae_lambda=0.950 max_delta=nan raw_adv_mean=0.0006 raw_adv_std=0.1363 | V1=0.9362 V2=0.9357 V3=0.9293 V4=0.9178 | T1=0.9388 T2=0.9647 T3=0.9818 T4=0.9849
[KL_FRAME] f0=0.013879 f1=0.014531 f2=0.013891 f3=0.013828 clip0=0.2131 adv0=0.6855
[ROLLOUT] live=3.90 survive=0.62744 per_step=0.03288 episode_projection=16.44
[POLICY_DETAIL] samples=49152 mb=12288 micro_mb=8192 logp_delta_abs=0.12816 old_logp=-62.88930 new_logp=-62.90413 sde_steps=4
[TRAIN] mean_reward=2.18489 mean_len=62.08 recent_eps=100 completed_eps=2651609
[UPDATE_EFFECT] action_delta=0.00888796 param_rms_delta=0.00011249
[TIME] collect=3.631s update=1.292s
[DONE] timeout=0.00000 anchor_pos=0.00134 anchor_ori=0.00110 ee_body=0.37170
[TRACK_ROLLOUT] anchor_pos=0.61437 anchor_ori=0.70818 body_pos=0.84630 body_ori=0.38888 body_lin=0.50190 body_ang=0.26305
[ACT_SUMMARY] abs_mean=1.3117 abs_p95=2.0268 abs_p99=2.3321 abs_max=2.7833 legs=1.0511 waist=0.7162 arms=1.6627
[FRAME_DIAG] frame0_abs=1.2758 frame1_abs=1.3021 in_chunk_delta=0.3501 cross_chunk_delta=0.4656
[TRAIN_COST] action_rate=7.40927 joint_limit=0.00855 contacts=1.25405 | weighted act_rate=-0.01482 contacts=-0.00251 pos=0.05323 penalty=-0.01904 total=0.03419
[RETURN_SPLIT] env_raw=0.13150 target_raw=0.13150 failure_cost=0.00000 realized=0.93880
[UPDATE] 370/500 reward_step=0.03438 env_raw=0.13232 target_raw=0.13232 done_frac=0.06016 mean_reward=2.05479 mean_len=59.56
[SFPO] loss=0.01420 policy=-0.00529 value=0.01949 ratio=0.9995 [0.334,2.840] clip=0.2046 kl_raw=0.013531 kl/step=0.013531 target/step=0.0100 kl_units=1 grad=2.0787 grad_c=0.2693 lr=0.000051 critic_lr=0.000300 early_stop@5
[CRITIC] V=0.9459 V_tgt=0.9493 valid_pfx=0.9768 death_frame=3.847 fail_pen=0.000 gae_lambda=0.950 max_delta=nan raw_adv_mean=0.0022 raw_adv_std=0.1385 | V1=0.9459 V2=0.9486 V3=0.9421 V4=0.9287 | T1=0.9523 T2=0.9771 T3=0.9934 T4=0.9948
[KL_FRAME] f0=0.013054 f1=0.013897 f2=0.013615 f3=0.013570 clip0=0.1981 adv0=0.6834
[ROLLOUT] live=3.91 survive=0.64050 per_step=0.03308 episode_projection=16.54
[POLICY_DETAIL] samples=49152 mb=12288 micro_mb=8192 logp_delta_abs=0.12518 old_logp=-62.94676 new_logp=-62.96066 sde_steps=4
[TRAIN] mean_reward=2.05479 mean_len=59.56 recent_eps=100 completed_eps=2681758
[UPDATE_EFFECT] action_delta=0.00804372 param_rms_delta=0.00009567
[TIME] collect=3.715s update=1.292s
[DONE] timeout=0.00000 anchor_pos=0.00049 anchor_ori=0.00098 ee_body=0.35889
[TRACK_ROLLOUT] anchor_pos=0.60891 anchor_ori=0.70898 body_pos=0.84851 body_ori=0.39064 body_lin=0.50019 body_ang=0.26284
[ACT_SUMMARY] abs_mean=1.3050 abs_p95=2.0119 abs_p99=2.3163 abs_max=2.8304 legs=1.0369 waist=0.7098 arms=1.6623
[FRAME_DIAG] frame0_abs=1.2691 frame1_abs=1.2953 in_chunk_delta=0.3493 cross_chunk_delta=0.4662
[TRAIN_COST] action_rate=7.39032 joint_limit=0.00836 contacts=1.19283 | weighted act_rate=-0.01478 contacts=-0.00239 pos=0.05322 penalty=-0.01884 total=0.03438
[RETURN_SPLIT] env_raw=0.13232 target_raw=0.13232 failure_cost=0.00000 realized=0.94933
[UPDATE] 380/500 reward_step=0.03443 env_raw=0.13256 target_raw=0.13256 done_frac=0.06089 mean_reward=2.33232 mean_len=68.20
[SFPO] loss=0.01455 policy=-0.00544 value=0.01998 ratio=0.9995 [0.360,2.622] clip=0.2176 kl_raw=0.014226 kl/step=0.014226 target/step=0.0100 kl_units=1 grad=2.3711 grad_c=0.2526 lr=0.000076 critic_lr=0.000300 early_stop@5
[CRITIC] V=0.9437 V_tgt=0.9463 valid_pfx=0.9772 death_frame=3.848 fail_pen=0.000 gae_lambda=0.950 max_delta=nan raw_adv_mean=0.0014 raw_adv_std=0.1410 | V1=0.9437 V2=0.9435 V3=0.9358 V4=0.9241 | T1=0.9478 T2=0.9711 T3=0.9881 T4=0.9916
[KL_FRAME] f0=0.014340 f1=0.014795 f2=0.014049 f3=0.013696 clip0=0.2178 adv0=0.6817
[ROLLOUT] live=3.91 survive=0.63550 per_step=0.03314 episode_projection=16.57
[POLICY_DETAIL] samples=49152 mb=12288 micro_mb=8192 logp_delta_abs=0.12890 old_logp=-62.91873 new_logp=-62.93329 sde_steps=4
[TRAIN] mean_reward=2.33232 mean_len=68.20 recent_eps=100 completed_eps=2711814
[UPDATE_EFFECT] action_delta=0.00845911 param_rms_delta=0.00011114
[TIME] collect=3.590s update=1.293s
[DONE] timeout=0.00000 anchor_pos=0.00098 anchor_ori=0.00110 ee_body=0.36316
[TRACK_ROLLOUT] anchor_pos=0.60621 anchor_ori=0.71069 body_pos=0.84803 body_ori=0.39257 body_lin=0.49691 body_ang=0.25988
[ACT_SUMMARY] abs_mean=1.3027 abs_p95=2.0103 abs_p99=2.3225 abs_max=2.7689 legs=1.0285 waist=0.7080 arms=1.6651
[FRAME_DIAG] frame0_abs=1.2662 frame1_abs=1.2944 in_chunk_delta=0.3480 cross_chunk_delta=0.4679
[TRAIN_COST] action_rate=7.38623 joint_limit=0.00814 contacts=1.14224 | weighted act_rate=-0.01477 contacts=-0.00228 pos=0.05312 penalty=-0.01869 total=0.03443
[RETURN_SPLIT] env_raw=0.13256 target_raw=0.13256 failure_cost=0.00000 realized=0.94627
[UPDATE] 390/500 reward_step=0.03443 env_raw=0.13258 target_raw=0.13258 done_frac=0.05935 mean_reward=2.23256 mean_len=65.52
[SFPO] loss=0.01578 policy=-0.00461 value=0.02039 ratio=0.9997 [0.355,2.479] clip=0.2208 kl_raw=0.014379 kl/step=0.014379 target/step=0.0100 kl_units=1 grad=2.5619 grad_c=0.1432 lr=0.000076 critic_lr=0.000300 early_stop@5
[CRITIC] V=0.9733 V_tgt=0.9755 valid_pfx=0.9775 death_frame=3.851 fail_pen=0.000 gae_lambda=0.950 max_delta=nan raw_adv_mean=-0.0004 raw_adv_std=0.1433 | V1=0.9733 V2=0.9750 V3=0.9676 V4=0.9546 | T1=0.9781 T2=1.0021 T3=1.0185 T4=1.0207
[KL_FRAME] f0=0.014314 f1=0.015017 f2=0.014135 f3=0.014037 clip0=0.2184 adv0=0.6884
[ROLLOUT] live=3.91 survive=0.64514 per_step=0.03314 episode_projection=16.57
[POLICY_DETAIL] samples=49152 mb=12288 micro_mb=8192 logp_delta_abs=0.12995 old_logp=-62.88633 new_logp=-62.90088 sde_steps=4
[TRAIN] mean_reward=2.23256 mean_len=65.52 recent_eps=100 completed_eps=2741692
[UPDATE_EFFECT] action_delta=0.00896036 param_rms_delta=0.00010368
[TIME] collect=3.630s update=1.295s
[DONE] timeout=0.00000 anchor_pos=0.00110 anchor_ori=0.00146 ee_body=0.35327
[TRACK_ROLLOUT] anchor_pos=0.60355 anchor_ori=0.71234 body_pos=0.84869 body_ori=0.39238 body_lin=0.49517 body_ang=0.25957
[ACT_SUMMARY] abs_mean=1.2986 abs_p95=2.0047 abs_p99=2.3267 abs_max=2.7120 legs=1.0334 waist=0.7053 arms=1.6530
[FRAME_DIAG] frame0_abs=1.2624 frame1_abs=1.2896 in_chunk_delta=0.3471 cross_chunk_delta=0.4702
[TRAIN_COST] action_rate=7.38448 joint_limit=0.00792 contacts=1.14724 | weighted act_rate=-0.01477 contacts=-0.00229 pos=0.05308 penalty=-0.01865 total=0.03443
[RETURN_SPLIT] env_raw=0.13258 target_raw=0.13258 failure_cost=0.00000 realized=0.97548
[UPDATE] 400/500 reward_step=0.03417 env_raw=0.13174 target_raw=0.13174 done_frac=0.05788 mean_reward=2.17996 mean_len=63.44
[SFPO] loss=0.01547 policy=-0.00600 value=0.02147 ratio=0.9999 [0.187,2.621] clip=0.2139 kl_raw=0.014001 kl/step=0.014001 target/step=0.0100 kl_units=1 grad=2.1976 grad_c=0.1890 lr=0.000076 critic_lr=0.000300 early_stop@5
[CRITIC] V=0.9504 V_tgt=0.9554 valid_pfx=0.9787 death_frame=3.857 fail_pen=0.000 gae_lambda=0.950 max_delta=nan raw_adv_mean=0.0051 raw_adv_std=0.1474 | V1=0.9504 V2=0.9494 V3=0.9427 V4=0.9317 | T1=0.9539 T2=0.9782 T3=0.9949 T4=0.9984
[KL_FRAME] f0=0.013948 f1=0.014426 f2=0.013854 f3=0.013767 clip0=0.2120 adv0=0.6828
[ROLLOUT] live=3.91 survive=0.65332 per_step=0.03291 episode_projection=16.46
[POLICY_DETAIL] samples=49152 mb=12288 micro_mb=8192 logp_delta_abs=0.12784 old_logp=-62.89084 new_logp=-62.90484 sde_steps=4
[TRAIN] mean_reward=2.17996 mean_len=63.44 recent_eps=100 completed_eps=2770841
[UPDATE_EFFECT] action_delta=0.00901509 param_rms_delta=0.00011799
[TIME] collect=3.633s update=1.294s
[DONE] timeout=0.00000 anchor_pos=0.00171 anchor_ori=0.00146 ee_body=0.34558
[TRACK_ROLLOUT] anchor_pos=0.58667 anchor_ori=0.71317 body_pos=0.84544 body_ori=0.39187 body_lin=0.49107 body_ang=0.25767
[ACT_SUMMARY] abs_mean=1.2921 abs_p95=2.0176 abs_p99=2.3501 abs_max=2.8174 legs=1.0164 waist=0.6965 arms=1.6561
[FRAME_DIAG] frame0_abs=1.2556 frame1_abs=1.2838 in_chunk_delta=0.3465 cross_chunk_delta=0.4733
[TRAIN_COST] action_rate=7.39983 joint_limit=0.00808 contacts=1.06680 | weighted act_rate=-0.01480 contacts=-0.00213 pos=0.05272 penalty=-0.01855 total=0.03417
[RETURN_SPLIT] env_raw=0.13174 target_raw=0.13174 failure_cost=0.00000 realized=0.95536
[VALIDATION_START] update=400 max_steps=500 envs=8192 fixed_seed=disabled
[VALIDATION_RESET_START]
[VALIDATION_RESET_DONE] time=0.005s
[VALIDATION_PROGRESS] step=1/500 done=0.00000 alive=1.00000 elapsed=0.184s
[VALIDATION_PROGRESS] step=50/500 done=0.07397 alive=0.92603 elapsed=6.136s
[VALIDATION_PROGRESS] step=100/500 done=0.72388 alive=0.27612 elapsed=12.937s
[VALIDATION_PROGRESS] step=150/500 done=0.95923 alive=0.04077 elapsed=19.723s
[VALIDATION_EARLY_STOP] step=161 done_frac=0.9806
[VALIDATION_DONE] update=400 time=21.206s
[VAL] steps_mean=85.59 steps_min=14 steps_p50=72 steps_p95=145 steps_max=161 fail_phase_mean=83.1 return=4.31404 done=0.98059
[VAL_EE] left_ankle_bad=0.03249 left_ankle_z=0.07549 right_ankle_bad=0.01718 right_ankle_z=0.06462 left_wrist_bad=0.51226 left_wrist_z=0.20963 right_wrist_bad=0.47691 right_wrist_z=0.22327
[VAL_CAUSE] anchor_pos_bad=0.01782 anchor_ori_bad=0.04578 ee_body_bad=0.92749 time_out=0.00000 anchor_z=0.26543 anchor_grav=0.13586 ee_z_max=0.25699 ee_z_mean=0.14325
[VAL_WALL] alive@850=0.0194 motion_complete=0.0000 wrist_fail_825_840=0.0000 steps_p50=72
[VAL_PUSH] push_applied=1.0000 died_before_push=0.0000 pushed_then_died=0.9806 first_push_step=100.1
[CHECKPOINT] saved /home/y/my_mimic_mixgrpo/my_mimic_mixgrpo_h1/runs/sfpo_v6_fp0_500/checkpoints/update_0400.pt
[UPDATE] 410/500 reward_step=0.03410 env_raw=0.13138 target_raw=0.13138 done_frac=0.05806 mean_reward=2.35057 mean_len=68.28
[SFPO] loss=0.01537 policy=-0.00592 value=0.02129 ratio=0.9995 [0.351,2.586] clip=0.2119 kl_raw=0.013773 kl/step=0.013773 target/step=0.0100 kl_units=1 grad=2.4023 grad_c=0.3343 lr=0.000076 critic_lr=0.000300 early_stop@5
[CRITIC] V=0.9721 V_tgt=0.9743 valid_pfx=0.9781 death_frame=3.854 fail_pen=0.000 gae_lambda=0.950 max_delta=nan raw_adv_mean=0.0004 raw_adv_std=0.1444 | V1=0.9721 V2=0.9720 V3=0.9655 V4=0.9541 | T1=0.9750 T2=0.9999 T3=1.0166 T4=1.0187
[KL_FRAME] f0=0.014109 f1=0.014420 f2=0.013550 f3=0.012981 clip0=0.2160 adv0=0.6849
[ROLLOUT] live=3.91 survive=0.65283 per_step=0.03282 episode_projection=16.41
[POLICY_DETAIL] samples=49152 mb=12288 micro_mb=8192 logp_delta_abs=0.12709 old_logp=-62.90946 new_logp=-62.92362 sde_steps=4
[TRAIN] mean_reward=2.35057 mean_len=68.28 recent_eps=100 completed_eps=2799598
[UPDATE_EFFECT] action_delta=0.00844063 param_rms_delta=0.00010863
[TIME] collect=3.756s update=1.296s
[DONE] timeout=0.00000 anchor_pos=0.00220 anchor_ori=0.00146 ee_body=0.34558
[TRACK_ROLLOUT] anchor_pos=0.58488 anchor_ori=0.70864 body_pos=0.84567 body_ori=0.38888 body_lin=0.48663 body_ang=0.25596
[ACT_SUMMARY] abs_mean=1.3003 abs_p95=2.0320 abs_p99=2.3740 abs_max=2.9175 legs=1.0148 waist=0.7011 arms=1.6734
[FRAME_DIAG] frame0_abs=1.2641 frame1_abs=1.2908 in_chunk_delta=0.3444 cross_chunk_delta=0.4718
[TRAIN_COST] action_rate=7.34571 joint_limit=0.00792 contacts=1.05344 | weighted act_rate=-0.01469 contacts=-0.00211 pos=0.05248 penalty=-0.01838 total=0.03410
[RETURN_SPLIT] env_raw=0.13138 target_raw=0.13138 failure_cost=0.00000 realized=0.97435
[UPDATE] 420/500 reward_step=0.03399 env_raw=0.13100 target_raw=0.13100 done_frac=0.05686 mean_reward=2.13058 mean_len=63.84
[SFPO] loss=0.01627 policy=-0.00584 value=0.02211 ratio=0.9998 [0.357,2.587] clip=0.2122 kl_raw=0.013825 kl/step=0.013825 target/step=0.0100 kl_units=1 grad=2.4001 grad_c=0.1510 lr=0.000076 critic_lr=0.000300 early_stop@5
[CRITIC] V=0.9807 V_tgt=0.9847 valid_pfx=0.9783 death_frame=3.856 fail_pen=0.000 gae_lambda=0.950 max_delta=nan raw_adv_mean=0.0025 raw_adv_std=0.1495 | V1=0.9807 V2=0.9823 V3=0.9770 V4=0.9644 | T1=0.9854 T2=1.0095 T3=1.0274 T4=1.0290
[KL_FRAME] f0=0.014183 f1=0.014670 f2=0.013541 f3=0.012868 clip0=0.2171 adv0=0.6876
[ROLLOUT] live=3.91 survive=0.65942 per_step=0.03271 episode_projection=16.35
[POLICY_DETAIL] samples=49152 mb=12288 micro_mb=8192 logp_delta_abs=0.12727 old_logp=-62.89971 new_logp=-62.91358 sde_steps=4
[TRAIN] mean_reward=2.13058 mean_len=63.84 recent_eps=100 completed_eps=2828227
[UPDATE_EFFECT] action_delta=0.00866633 param_rms_delta=0.00011064
[TIME] collect=3.707s update=1.293s
[DONE] timeout=0.00000 anchor_pos=0.00159 anchor_ori=0.00195 ee_body=0.33875
[TRACK_ROLLOUT] anchor_pos=0.58443 anchor_ori=0.71435 body_pos=0.84573 body_ori=0.38805 body_lin=0.48279 body_ang=0.25271
[ACT_SUMMARY] abs_mean=1.2872 abs_p95=2.0533 abs_p99=2.4008 abs_max=2.8632 legs=1.0156 waist=0.6950 arms=1.6469
[FRAME_DIAG] frame0_abs=1.2509 frame1_abs=1.2780 in_chunk_delta=0.3451 cross_chunk_delta=0.4741
[TRAIN_COST] action_rate=7.36620 joint_limit=0.00788 contacts=1.03635 | weighted act_rate=-0.01473 contacts=-0.00207 pos=0.05237 penalty=-0.01838 total=0.03399
[RETURN_SPLIT] env_raw=0.13100 target_raw=0.13100 failure_cost=0.00000 realized=0.98474
[UPDATE] 430/500 reward_step=0.03353 env_raw=0.12921 target_raw=0.12921 done_frac=0.05733 mean_reward=2.24155 mean_len=68.44
[SFPO] loss=0.01784 policy=-0.00514 value=0.02297 ratio=0.9995 [0.311,3.122] clip=0.2060 kl_raw=0.013607 kl/step=0.013607 target/step=0.0100 kl_units=1 grad=2.2702 grad_c=0.3563 lr=0.000051 critic_lr=0.000300 early_stop@5
[CRITIC] V=0.9502 V_tgt=0.9552 valid_pfx=0.9783 death_frame=3.856 fail_pen=0.000 gae_lambda=0.950 max_delta=nan raw_adv_mean=0.0040 raw_adv_std=0.1507 | V1=0.9502 V2=0.9523 V3=0.9467 V4=0.9342 | T1=0.9550 T2=0.9800 T3=0.9968 T4=0.9980
[KL_FRAME] f0=0.013583 f1=0.014404 f2=0.013566 f3=0.012853 clip0=0.2060 adv0=0.6844
[ROLLOUT] live=3.91 survive=0.65686 per_step=0.03227 episode_projection=16.13
[POLICY_DETAIL] samples=49152 mb=12288 micro_mb=8192 logp_delta_abs=0.12527 old_logp=-62.90507 new_logp=-62.91907 sde_steps=4
[TRAIN] mean_reward=2.24155 mean_len=68.44 recent_eps=100 completed_eps=2856597
[UPDATE_EFFECT] action_delta=0.00792044 param_rms_delta=0.00009242
[TIME] collect=3.389s update=1.292s
[DONE] timeout=0.00000 anchor_pos=0.00208 anchor_ori=0.00171 ee_body=0.34167
[TRACK_ROLLOUT] anchor_pos=0.56745 anchor_ori=0.70901 body_pos=0.84317 body_ori=0.38184 body_lin=0.47737 body_ang=0.25074
[ACT_SUMMARY] abs_mean=1.2890 abs_p95=2.0642 abs_p99=2.3919 abs_max=2.8579 legs=1.0139 waist=0.6923 arms=1.6527
[FRAME_DIAG] frame0_abs=1.2525 frame1_abs=1.2802 in_chunk_delta=0.3437 cross_chunk_delta=0.4752
[TRAIN_COST] action_rate=7.36127 joint_limit=0.00778 contacts=1.00914 | weighted act_rate=-0.01472 contacts=-0.00202 pos=0.05183 penalty=-0.01830 total=0.03353
[RETURN_SPLIT] env_raw=0.12921 target_raw=0.12921 failure_cost=0.00000 realized=0.95520
[UPDATE] 440/500 reward_step=0.03349 env_raw=0.12905 target_raw=0.12905 done_frac=0.05747 mean_reward=2.64360 mean_len=77.28
[SFPO] loss=0.01754 policy=-0.00608 value=0.02362 ratio=0.9993 [0.312,4.042] clip=0.2204 kl_raw=0.014389 kl/step=0.014389 target/step=0.0100 kl_units=1 grad=2.2966 grad_c=0.2494 lr=0.000076 critic_lr=0.000300 early_stop@5
[CRITIC] V=1.0091 V_tgt=1.0104 valid_pfx=0.9782 death_frame=3.855 fail_pen=0.000 gae_lambda=0.950 max_delta=nan raw_adv_mean=-0.0024 raw_adv_std=0.1540 | V1=1.0091 V2=1.0105 V3=1.0042 V4=0.9941 | T1=1.0114 T2=1.0357 T3=1.0527 T4=1.0564
[KL_FRAME] f0=0.014405 f1=0.014825 f2=0.014239 f3=0.014074 clip0=0.2194 adv0=0.6832
[ROLLOUT] live=3.91 survive=0.65564 per_step=0.03221 episode_projection=16.10
[POLICY_DETAIL] samples=49152 mb=12288 micro_mb=8192 logp_delta_abs=0.12970 old_logp=-62.90394 new_logp=-62.91886 sde_steps=4
[TRAIN] mean_reward=2.64360 mean_len=77.28 recent_eps=100 completed_eps=2884399
[UPDATE_EFFECT] action_delta=0.00915258 param_rms_delta=0.00011650
[TIME] collect=3.686s update=1.295s
[DONE] timeout=0.00000 anchor_pos=0.00110 anchor_ori=0.00208 ee_body=0.34277
[TRACK_ROLLOUT] anchor_pos=0.56977 anchor_ori=0.70774 body_pos=0.84435 body_ori=0.38504 body_lin=0.47872 body_ang=0.24883
[ACT_SUMMARY] abs_mean=1.2904 abs_p95=2.0789 abs_p99=2.3758 abs_max=2.8706 legs=1.0194 waist=0.6937 arms=1.6506
[FRAME_DIAG] frame0_abs=1.2536 frame1_abs=1.2820 in_chunk_delta=0.3434 cross_chunk_delta=0.4796
[TRAIN_COST] action_rate=7.40865 joint_limit=0.00793 contacts=1.00904 | weighted act_rate=-0.01482 contacts=-0.00202 pos=0.05191 penalty=-0.01842 total=0.03349
[RETURN_SPLIT] env_raw=0.12905 target_raw=0.12905 failure_cost=0.00000 realized=1.01038
[UPDATE] 450/500 reward_step=0.03323 env_raw=0.12806 target_raw=0.12806 done_frac=0.05556 mean_reward=2.33629 mean_len=71.84
[SFPO] loss=0.02064 policy=-0.00526 value=0.02590 ratio=1.0003 [0.326,2.936] clip=0.2209 kl_raw=0.014450 kl/step=0.014450 target/step=0.0100 kl_units=1 grad=2.3564 grad_c=0.2112 lr=0.000076 critic_lr=0.000300 early_stop@5
[CRITIC] V=1.0127 V_tgt=1.0142 valid_pfx=0.9785 death_frame=3.859 fail_pen=0.000 gae_lambda=0.950 max_delta=nan raw_adv_mean=-0.0015 raw_adv_std=0.1614 | V1=1.0127 V2=1.0153 V3=1.0109 V4=0.9984 | T1=1.0160 T2=1.0407 T3=1.0586 T4=1.0585
[KL_FRAME] f0=0.014702 f1=0.015174 f2=0.014073 f3=0.013823 clip0=0.2243 adv0=0.6849
[ROLLOUT] live=3.91 survive=0.66736 per_step=0.03196 episode_projection=15.98
[POLICY_DETAIL] samples=49152 mb=12288 micro_mb=8192 logp_delta_abs=0.13012 old_logp=-62.91220 new_logp=-62.92626 sde_steps=4
[TRAIN] mean_reward=2.33629 mean_len=71.84 recent_eps=100 completed_eps=2911696
[UPDATE_EFFECT] action_delta=0.00871598 param_rms_delta=0.00011403
[TIME] collect=3.643s update=1.287s
[DONE] timeout=0.00000 anchor_pos=0.00269 anchor_ori=0.00269 ee_body=0.33032
[TRACK_ROLLOUT] anchor_pos=0.56264 anchor_ori=0.70126 body_pos=0.84257 body_ori=0.37946 body_lin=0.47756 body_ang=0.25218
[ACT_SUMMARY] abs_mean=1.2986 abs_p95=2.1208 abs_p99=2.4250 abs_max=2.9874 legs=1.0273 waist=0.6945 arms=1.6606
[FRAME_DIAG] frame0_abs=1.2624 frame1_abs=1.2907 in_chunk_delta=0.3421 cross_chunk_delta=0.4779
[TRAIN_COST] action_rate=7.36434 joint_limit=0.00827 contacts=1.03327 | weighted act_rate=-0.01473 contacts=-0.00207 pos=0.05167 penalty=-0.01845 total=0.03323
[RETURN_SPLIT] env_raw=0.12806 target_raw=0.12806 failure_cost=0.00000 realized=1.01424
[UPDATE] 460/500 reward_step=0.03321 env_raw=0.12804 target_raw=0.12804 done_frac=0.05518 mean_reward=2.43738 mean_len=76.24
[SFPO] loss=0.01796 policy=-0.00592 value=0.02388 ratio=0.9995 [0.247,2.659] clip=0.2149 kl_raw=0.013987 kl/step=0.013987 target/step=0.0100 kl_units=1 grad=2.3037 grad_c=0.2104 lr=0.000076 critic_lr=0.000300 early_stop@5
[CRITIC] V=0.9882 V_tgt=0.9917 valid_pfx=0.9788 death_frame=3.860 fail_pen=0.000 gae_lambda=0.950 max_delta=nan raw_adv_mean=0.0031 raw_adv_std=0.1549 | V1=0.9882 V2=0.9897 V3=0.9841 V4=0.9727 | T1=0.9910 T2=1.0158 T3=1.0327 T4=1.0350
[KL_FRAME] f0=0.014206 f1=0.014690 f2=0.013875 f3=0.013150 clip0=0.2179 adv0=0.6920
[ROLLOUT] live=3.92 survive=0.66980 per_step=0.03195 episode_projection=15.97
[POLICY_DETAIL] samples=49152 mb=12288 micro_mb=8192 logp_delta_abs=0.12818 old_logp=-62.88935 new_logp=-62.90368 sde_steps=4
[TRAIN] mean_reward=2.43738 mean_len=76.24 recent_eps=100 completed_eps=2938685
[UPDATE_EFFECT] action_delta=0.00924752 param_rms_delta=0.00011319
[TIME] collect=3.660s update=1.296s
[DONE] timeout=0.00000 anchor_pos=0.00134 anchor_ori=0.00305 ee_body=0.32764
[TRACK_ROLLOUT] anchor_pos=0.56034 anchor_ori=0.70181 body_pos=0.84290 body_ori=0.37881 body_lin=0.47527 body_ang=0.25104
[ACT_SUMMARY] abs_mean=1.2960 abs_p95=2.1001 abs_p99=2.4339 abs_max=2.8517 legs=1.0311 waist=0.6992 arms=1.6509
[FRAME_DIAG] frame0_abs=1.2596 frame1_abs=1.2880 in_chunk_delta=0.3414 cross_chunk_delta=0.4790
[TRAIN_COST] action_rate=7.35487 joint_limit=0.00811 contacts=1.01928 | weighted act_rate=-0.01471 contacts=-0.00204 pos=0.05158 penalty=-0.01837 total=0.03321
[RETURN_SPLIT] env_raw=0.12804 target_raw=0.12804 failure_cost=0.00000 realized=0.99168
[UPDATE] 470/500 reward_step=0.03323 env_raw=0.12823 target_raw=0.12823 done_frac=0.05381 mean_reward=2.50701 mean_len=73.12
[SFPO] loss=0.02026 policy=-0.00577 value=0.02602 ratio=0.9995 [0.362,2.572] clip=0.2210 kl_raw=0.014374 kl/step=0.014374 target/step=0.0100 kl_units=1 grad=2.4660 grad_c=0.3742 lr=0.000076 critic_lr=0.000300 early_stop@5
[CRITIC] V=1.0252 V_tgt=1.0270 valid_pfx=0.9796 death_frame=3.865 fail_pen=0.000 gae_lambda=0.950 max_delta=nan raw_adv_mean=-0.0019 raw_adv_std=0.1607 | V1=1.0252 V2=1.0288 V3=1.0242 V4=1.0126 | T1=1.0305 T2=1.0538 T3=1.0708 T4=1.0708
[KL_FRAME] f0=0.014646 f1=0.015181 f2=0.014070 f3=0.013565 clip0=0.2246 adv0=0.6907
[ROLLOUT] live=3.92 survive=0.67786 per_step=0.03200 episode_projection=16.00
[POLICY_DETAIL] samples=49152 mb=12288 micro_mb=8192 logp_delta_abs=0.12994 old_logp=-62.90136 new_logp=-62.91608 sde_steps=4
[TRAIN] mean_reward=2.50701 mean_len=73.12 recent_eps=100 completed_eps=2965303
[UPDATE_EFFECT] action_delta=0.00906915 param_rms_delta=0.00011057
[TIME] collect=3.612s update=1.302s
[DONE] timeout=0.00000 anchor_pos=0.00146 anchor_ori=0.00354 ee_body=0.31995
[TRACK_ROLLOUT] anchor_pos=0.56272 anchor_ori=0.69454 body_pos=0.84447 body_ori=0.37896 body_lin=0.47886 body_ang=0.25086
[ACT_SUMMARY] abs_mean=1.3011 abs_p95=2.1429 abs_p99=2.4324 abs_max=2.8425 legs=1.0440 waist=0.7036 arms=1.6495
[FRAME_DIAG] frame0_abs=1.2654 frame1_abs=1.2941 in_chunk_delta=0.3402 cross_chunk_delta=0.4803
[TRAIN_COST] action_rate=7.35168 joint_limit=0.00805 contacts=1.04421 | weighted act_rate=-0.01470 contacts=-0.00209 pos=0.05164 penalty=-0.01840 total=0.03323
[RETURN_SPLIT] env_raw=0.12823 target_raw=0.12823 failure_cost=0.00000 realized=1.02698
[UPDATE] 480/500 reward_step=0.03267 env_raw=0.12610 target_raw=0.12610 done_frac=0.05349 mean_reward=2.26355 mean_len=68.88
[SFPO] loss=0.02037 policy=-0.00555 value=0.02592 ratio=1.0000 [0.288,3.018] clip=0.2137 kl_raw=0.014023 kl/step=0.014023 target/step=0.0100 kl_units=1 grad=2.4473 grad_c=0.2613 lr=0.000051 critic_lr=0.000300 early_stop@5
[CRITIC] V=0.9965 V_tgt=1.0004 valid_pfx=0.9802 death_frame=3.867 fail_pen=0.000 gae_lambda=0.950 max_delta=nan raw_adv_mean=0.0028 raw_adv_std=0.1609 | V1=0.9965 V2=1.0000 V3=0.9953 V4=0.9840 | T1=1.0021 T2=1.0250 T3=1.0420 T4=1.0420
[KL_FRAME] f0=0.014151 f1=0.014845 f2=0.013847 f3=0.013222 clip0=0.2147 adv0=0.6932
[ROLLOUT] live=3.92 survive=0.67969 per_step=0.03147 episode_projection=15.73
[POLICY_DETAIL] samples=49152 mb=12288 micro_mb=8192 logp_delta_abs=0.12753 old_logp=-62.91341 new_logp=-62.92726 sde_steps=4
[TRAIN] mean_reward=2.26355 mean_len=68.88 recent_eps=100 completed_eps=2991384
[UPDATE_EFFECT] action_delta=0.00784815 param_rms_delta=0.00009291
[TIME] collect=3.783s update=1.300s
[DONE] timeout=0.00000 anchor_pos=0.00146 anchor_ori=0.00342 ee_body=0.31799
[TRACK_ROLLOUT] anchor_pos=0.54735 anchor_ori=0.69417 body_pos=0.84265 body_ori=0.37359 body_lin=0.46870 body_ang=0.24624
[ACT_SUMMARY] abs_mean=1.3041 abs_p95=2.1604 abs_p99=2.4422 abs_max=2.8051 legs=1.0345 waist=0.7002 arms=1.6646
[FRAME_DIAG] frame0_abs=1.2690 frame1_abs=1.2964 in_chunk_delta=0.3394 cross_chunk_delta=0.4809
[TRAIN_COST] action_rate=7.35295 joint_limit=0.00827 contacts=1.00646 | weighted act_rate=-0.01471 contacts=-0.00201 pos=0.05104 penalty=-0.01837 total=0.03267
[RETURN_SPLIT] env_raw=0.12610 target_raw=0.12610 failure_cost=0.00000 realized=1.00042
[UPDATE] 490/500 reward_step=0.03269 env_raw=0.12635 target_raw=0.12635 done_frac=0.05064 mean_reward=2.27867 mean_len=70.48
[SFPO] loss=0.02251 policy=-0.00584 value=0.02835 ratio=0.9996 [0.346,2.852] clip=0.2262 kl_raw=0.014872 kl/step=0.014872 target/step=0.0100 kl_units=1 grad=2.3021 grad_c=0.3211 lr=0.000076 critic_lr=0.000300 early_stop@5
[CRITIC] V=1.0449 V_tgt=1.0461 valid_pfx=0.9813 death_frame=3.875 fail_pen=0.000 gae_lambda=0.950 max_delta=nan raw_adv_mean=-0.0013 raw_adv_std=0.1681 | V1=1.0449 V2=1.0469 V3=1.0410 V4=1.0302 | T1=1.0481 T2=1.0702 T3=1.0863 T4=1.0873
[KL_FRAME] f0=0.014983 f1=0.015583 f2=0.014610 f3=0.014289 clip0=0.2259 adv0=0.6876
[ROLLOUT] live=3.93 survive=0.69690 per_step=0.03153 episode_projection=15.77
[POLICY_DETAIL] samples=49152 mb=12288 micro_mb=8192 logp_delta_abs=0.13176 old_logp=-62.92698 new_logp=-62.94215 sde_steps=4
[TRAIN] mean_reward=2.27867 mean_len=70.48 recent_eps=100 completed_eps=3016920
[UPDATE_EFFECT] action_delta=0.00961646 param_rms_delta=0.00011623
[TIME] collect=3.473s update=1.303s
[DONE] timeout=0.00000 anchor_pos=0.00122 anchor_ori=0.00232 ee_body=0.30103
[TRACK_ROLLOUT] anchor_pos=0.54669 anchor_ori=0.68991 body_pos=0.84283 body_ori=0.37303 body_lin=0.47431 body_ang=0.24999
[ACT_SUMMARY] abs_mean=1.3310 abs_p95=2.2145 abs_p99=2.4766 abs_max=2.8437 legs=1.0617 waist=0.7043 arms=1.6961
[FRAME_DIAG] frame0_abs=1.2972 frame1_abs=1.3256 in_chunk_delta=0.3362 cross_chunk_delta=0.4829
[TRAIN_COST] action_rate=7.32396 joint_limit=0.00849 contacts=1.06422 | weighted act_rate=-0.01465 contacts=-0.00213 pos=0.05117 penalty=-0.01848 total=0.03269
[RETURN_SPLIT] env_raw=0.12635 target_raw=0.12635 failure_cost=0.00000 realized=1.04614
[UPDATE] 500/500 reward_step=0.03272 env_raw=0.12646 target_raw=0.12646 done_frac=0.04893 mean_reward=2.54571 mean_len=77.34
[SFPO] loss=0.02370 policy=-0.00607 value=0.02978 ratio=0.9998 [0.331,2.732] clip=0.2217 kl_raw=0.014487 kl/step=0.014487 target/step=0.0100 kl_units=1 grad=2.3702 grad_c=0.2900 lr=0.000076 critic_lr=0.000300 early_stop@5
[CRITIC] V=1.0611 V_tgt=1.0628 valid_pfx=0.9814 death_frame=3.877 fail_pen=0.000 gae_lambda=0.950 max_delta=nan raw_adv_mean=0.0008 raw_adv_std=0.1733 | V1=1.0611 V2=1.0612 V3=1.0561 V4=1.0463 | T1=1.0618 T2=1.0852 T3=1.1019 T4=1.1041
[KL_FRAME] f0=0.014684 f1=0.015379 f2=0.014100 f3=0.013754 clip0=0.2242 adv0=0.6880
[ROLLOUT] live=3.93 survive=0.70679 per_step=0.03156 episode_projection=15.78
[POLICY_DETAIL] samples=49152 mb=12288 micro_mb=8192 logp_delta_abs=0.13022 old_logp=-62.92669 new_logp=-62.94127 sde_steps=4
[TRAIN] mean_reward=2.54571 mean_len=77.34 recent_eps=100 completed_eps=3041565
[UPDATE_EFFECT] action_delta=0.00930500 param_rms_delta=0.00011298
[TIME] collect=3.580s update=1.304s
[DONE] timeout=0.00000 anchor_pos=0.00208 anchor_ori=0.00378 ee_body=0.29004
[TRACK_ROLLOUT] anchor_pos=0.54041 anchor_ori=0.68663 body_pos=0.84359 body_ori=0.37610 body_lin=0.47646 body_ang=0.25020
[ACT_SUMMARY] abs_mean=1.3420 abs_p95=2.2280 abs_p99=2.4778 abs_max=2.8509 legs=1.0688 waist=0.7085 arms=1.7119
[FRAME_DIAG] frame0_abs=1.3086 frame1_abs=1.3370 in_chunk_delta=0.3350 cross_chunk_delta=0.4824
[TRAIN_COST] action_rate=7.30478 joint_limit=0.00850 contacts=1.08320 | weighted act_rate=-0.01461 contacts=-0.00217 pos=0.05120 penalty=-0.01848 total=0.03272
[RETURN_SPLIT] env_raw=0.12646 target_raw=0.12646 failure_cost=0.00000 realized=1.06277
[VALIDATION_START] update=500 max_steps=500 envs=8192 fixed_seed=disabled
[VALIDATION_RESET_START]
[VALIDATION_RESET_DONE] time=0.004s
[VALIDATION_PROGRESS] step=1/500 done=0.00000 alive=1.00000 elapsed=0.186s
[VALIDATION_PROGRESS] step=50/500 done=0.05884 alive=0.94116 elapsed=6.178s
[VALIDATION_PROGRESS] step=100/500 done=0.61646 alive=0.38354 elapsed=12.974s
[VALIDATION_PROGRESS] step=150/500 done=0.87097 alive=0.12903 elapsed=19.713s
[VALIDATION_EARLY_STOP] step=187 done_frac=0.9802
[VALIDATION_DONE] update=500 time=24.646s
[VAL] steps_mean=95.97 steps_min=16 steps_p50=81 steps_p95=169 steps_max=187 fail_phase_mean=93.1 return=4.83826 done=0.98022
[VAL_EE] left_ankle_bad=0.04446 left_ankle_z=0.07305 right_ankle_bad=0.01445 right_ankle_z=0.06417 left_wrist_bad=0.46052 left_wrist_z=0.21348 right_wrist_bad=0.55293 right_wrist_z=0.22597
[VAL_CAUSE] anchor_pos_bad=0.01099 anchor_ori_bad=0.03625 ee_body_bad=0.93909 time_out=0.00000 anchor_z=0.25211 anchor_grav=0.12307 ee_z_max=0.25744 ee_z_mean=0.14417
[VAL_WALL] alive@850=0.0198 motion_complete=0.0000 wrist_fail_825_840=0.0000 steps_p50=81
[VAL_PUSH] push_applied=1.0000 died_before_push=0.0000 pushed_then_died=0.9802 first_push_step=99.6
[CHECKPOINT] saved /home/y/my_mimic_mixgrpo/my_mimic_mixgrpo_h1/runs/sfpo_v6_fp0_500/checkpoints/update_0500.pt
[INFO] Training finished.
